Archive member included to satisfy reference by file (symbol)

c:/st/stm32cubeide_1.5.1/stm32cubeide/plugins/com.st.stm32cube.ide.mcu.externaltools.gnu-tools-for-stm32.7-2018-q2-update.win32_1.5.0.202011040924/tools/bin/../lib/gcc/arm-none-eabi/7.3.1/../../../../arm-none-eabi/lib/thumb/v7e-m/fpv4-sp/hard\libc_nano.a(lib_a-errno.o)
                              Src/syscalls.o (__errno)
c:/st/stm32cubeide_1.5.1/stm32cubeide/plugins/com.st.stm32cube.ide.mcu.externaltools.gnu-tools-for-stm32.7-2018-q2-update.win32_1.5.0.202011040924/tools/bin/../lib/gcc/arm-none-eabi/7.3.1/../../../../arm-none-eabi/lib/thumb/v7e-m/fpv4-sp/hard\libc_nano.a(lib_a-exit.o)
                              c:/st/stm32cubeide_1.5.1/stm32cubeide/plugins/com.st.stm32cube.ide.mcu.externaltools.gnu-tools-for-stm32.7-2018-q2-update.win32_1.5.0.202011040924/tools/bin/../lib/gcc/arm-none-eabi/7.3.1/../../../../arm-none-eabi/lib/thumb/v7e-m/fpv4-sp/hard/crt0.o (exit)
c:/st/stm32cubeide_1.5.1/stm32cubeide/plugins/com.st.stm32cube.ide.mcu.externaltools.gnu-tools-for-stm32.7-2018-q2-update.win32_1.5.0.202011040924/tools/bin/../lib/gcc/arm-none-eabi/7.3.1/../../../../arm-none-eabi/lib/thumb/v7e-m/fpv4-sp/hard\libc_nano.a(lib_a-impure.o)
                              c:/st/stm32cubeide_1.5.1/stm32cubeide/plugins/com.st.stm32cube.ide.mcu.externaltools.gnu-tools-for-stm32.7-2018-q2-update.win32_1.5.0.202011040924/tools/bin/../lib/gcc/arm-none-eabi/7.3.1/../../../../arm-none-eabi/lib/thumb/v7e-m/fpv4-sp/hard\libc_nano.a(lib_a-exit.o) (_global_impure_ptr)
c:/st/stm32cubeide_1.5.1/stm32cubeide/plugins/com.st.stm32cube.ide.mcu.externaltools.gnu-tools-for-stm32.7-2018-q2-update.win32_1.5.0.202011040924/tools/bin/../lib/gcc/arm-none-eabi/7.3.1/../../../../arm-none-eabi/lib/thumb/v7e-m/fpv4-sp/hard\libc_nano.a(lib_a-init.o)
                              c:/st/stm32cubeide_1.5.1/stm32cubeide/plugins/com.st.stm32cube.ide.mcu.externaltools.gnu-tools-for-stm32.7-2018-q2-update.win32_1.5.0.202011040924/tools/bin/../lib/gcc/arm-none-eabi/7.3.1/../../../../arm-none-eabi/lib/thumb/v7e-m/fpv4-sp/hard/crt0.o (__libc_init_array)
c:/st/stm32cubeide_1.5.1/stm32cubeide/plugins/com.st.stm32cube.ide.mcu.externaltools.gnu-tools-for-stm32.7-2018-q2-update.win32_1.5.0.202011040924/tools/bin/../lib/gcc/arm-none-eabi/7.3.1/../../../../arm-none-eabi/lib/thumb/v7e-m/fpv4-sp/hard\libc_nano.a(lib_a-memcpy-stub.o)
                              Middlewares/Third_Party/FreeRTOS/Source/queue.o (memcpy)
c:/st/stm32cubeide_1.5.1/stm32cubeide/plugins/com.st.stm32cube.ide.mcu.externaltools.gnu-tools-for-stm32.7-2018-q2-update.win32_1.5.0.202011040924/tools/bin/../lib/gcc/arm-none-eabi/7.3.1/../../../../arm-none-eabi/lib/thumb/v7e-m/fpv4-sp/hard\libc_nano.a(lib_a-memset.o)
                              c:/st/stm32cubeide_1.5.1/stm32cubeide/plugins/com.st.stm32cube.ide.mcu.externaltools.gnu-tools-for-stm32.7-2018-q2-update.win32_1.5.0.202011040924/tools/bin/../lib/gcc/arm-none-eabi/7.3.1/../../../../arm-none-eabi/lib/thumb/v7e-m/fpv4-sp/hard/crt0.o (memset)
c:/st/stm32cubeide_1.5.1/stm32cubeide/plugins/com.st.stm32cube.ide.mcu.externaltools.gnu-tools-for-stm32.7-2018-q2-update.win32_1.5.0.202011040924/tools/bin/../lib/gcc/arm-none-eabi/7.3.1/../../../../arm-none-eabi/lib/thumb/v7e-m/fpv4-sp/hard\libc_nano.a(lib_a-sprintf.o)
                              Src/main.o (sprintf)
c:/st/stm32cubeide_1.5.1/stm32cubeide/plugins/com.st.stm32cube.ide.mcu.externaltools.gnu-tools-for-stm32.7-2018-q2-update.win32_1.5.0.202011040924/tools/bin/../lib/gcc/arm-none-eabi/7.3.1/../../../../arm-none-eabi/lib/thumb/v7e-m/fpv4-sp/hard\libc_nano.a(lib_a-strlen.o)
                              Src/main.o (strlen)
c:/st/stm32cubeide_1.5.1/stm32cubeide/plugins/com.st.stm32cube.ide.mcu.externaltools.gnu-tools-for-stm32.7-2018-q2-update.win32_1.5.0.202011040924/tools/bin/../lib/gcc/arm-none-eabi/7.3.1/../../../../arm-none-eabi/lib/thumb/v7e-m/fpv4-sp/hard\libc_nano.a(lib_a-nano-svfprintf.o)
                              c:/st/stm32cubeide_1.5.1/stm32cubeide/plugins/com.st.stm32cube.ide.mcu.externaltools.gnu-tools-for-stm32.7-2018-q2-update.win32_1.5.0.202011040924/tools/bin/../lib/gcc/arm-none-eabi/7.3.1/../../../../arm-none-eabi/lib/thumb/v7e-m/fpv4-sp/hard\libc_nano.a(lib_a-sprintf.o) (_svfprintf_r)
c:/st/stm32cubeide_1.5.1/stm32cubeide/plugins/com.st.stm32cube.ide.mcu.externaltools.gnu-tools-for-stm32.7-2018-q2-update.win32_1.5.0.202011040924/tools/bin/../lib/gcc/arm-none-eabi/7.3.1/../../../../arm-none-eabi/lib/thumb/v7e-m/fpv4-sp/hard\libc_nano.a(lib_a-nano-vfprintf_i.o)
                              c:/st/stm32cubeide_1.5.1/stm32cubeide/plugins/com.st.stm32cube.ide.mcu.externaltools.gnu-tools-for-stm32.7-2018-q2-update.win32_1.5.0.202011040924/tools/bin/../lib/gcc/arm-none-eabi/7.3.1/../../../../arm-none-eabi/lib/thumb/v7e-m/fpv4-sp/hard\libc_nano.a(lib_a-nano-svfprintf.o) (_printf_i)
[...]
Memory Configuration

Name             Origin             Length             Attributes
RAM              0x0000000020000000 0x00000000000a0000 xrw
FLASH            0x0000000008000000 0x0000000000200000 xr
*default*        0x0000000000000000 0xffffffffffffffff

Linker script and memory map

LOAD c:/st/stm32cubeide_1.5.1/stm32cubeide/plugins/com.st.stm32cube.ide.mcu.externaltools.gnu-tools-for-stm32.7-2018-q2-update.win32_1.5.0.202011040924/tools/bin/../lib/gcc/arm-none-eabi/7.3.1/thumb/v7e-m/fpv4-sp/hard/crti.o
LOAD c:/st/stm32cubeide_1.5.1/stm32cubeide/plugins/com.st.stm32cube.ide.mcu.externaltools.gnu-tools-for-stm32.7-2018-q2-update.win32_1.5.0.202011040924/tools/bin/../lib/gcc/arm-none-eabi/7.3.1/thumb/v7e-m/fpv4-sp/hard/crtbegin.o
LOAD c:/st/stm32cubeide_1.5.1/stm32cubeide/plugins/com.st.stm32cube.ide.mcu.externaltools.gnu-tools-for-stm32.7-2018-q2-update.win32_1.5.0.202011040924/tools/bin/../lib/gcc/arm-none-eabi/7.3.1/../../../../arm-none-eabi/lib/thumb/v7e-m/fpv4-sp/hard/crt0.o
LOAD Drivers/STM32L4xx_HAL_Driver/Src/stm32l4xx_hal.o
LOAD Drivers/STM32L4xx_HAL_Driver/Src/stm32l4xx_hal_adc.o
LOAD Drivers/STM32L4xx_HAL_Driver/Src/stm32l4xx_hal_adc_ex.o
LOAD Drivers/STM32L4xx_HAL_Driver/Src/stm32l4xx_hal_cortex.o
LOAD Drivers/STM32L4xx_HAL_Driver/Src/stm32l4xx_hal_dac.o
LOAD Drivers/STM32L4xx_HAL_Driver/Src/stm32l4xx_hal_dac_ex.o
LOAD Drivers/STM32L4xx_HAL_Driver/Src/stm32l4xx_hal_dma.o
LOAD Drivers/STM32L4xx_HAL_Driver/Src/stm32l4xx_hal_dma_ex.o
LOAD Drivers/STM32L4xx_HAL_Driver/Src/stm32l4xx_hal_exti.o
LOAD Drivers/STM32L4xx_HAL_Driver/Src/stm32l4xx_hal_flash.o
LOAD Drivers/STM32L4xx_HAL_Driver/Src/stm32l4xx_hal_flash_ex.o
LOAD Drivers/STM32L4xx_HAL_Driver/Src/stm32l4xx_hal_flash_ramfunc.o
LOAD Drivers/STM32L4xx_HAL_Driver/Src/stm32l4xx_hal_gpio.o
LOAD Drivers/STM32L4xx_HAL_Driver/Src/stm32l4xx_hal_i2c.o
LOAD Drivers/STM32L4xx_HAL_Driver/Src/stm32l4xx_hal_i2c_ex.o
LOAD Drivers/STM32L4xx_HAL_Driver/Src/stm32l4xx_hal_pwr.o
LOAD Drivers/STM32L4xx_HAL_Driver/Src/stm32l4xx_hal_pwr_ex.o
LOAD Drivers/STM32L4xx_HAL_Driver/Src/stm32l4xx_hal_rcc.o
LOAD Drivers/STM32L4xx_HAL_Driver/Src/stm32l4xx_hal_rcc_ex.o
LOAD Drivers/STM32L4xx_HAL_Driver/Src/stm32l4xx_hal_tim.o
LOAD Drivers/STM32L4xx_HAL_Driver/Src/stm32l4xx_hal_tim_ex.o
LOAD Drivers/STM32L4xx_HAL_Driver/Src/stm32l4xx_hal_uart.o
LOAD Drivers/STM32L4xx_HAL_Driver/Src/stm32l4xx_hal_uart_ex.o
LOAD Middlewares/Third_Party/FreeRTOS/Source/CMSIS_RTOS/cmsis_os.o
LOAD Middlewares/Third_Party/FreeRTOS/Source/croutine.o
LOAD Middlewares/Third_Party/FreeRTOS/Source/event_groups.o
LOAD Middlewares/Third_Party/FreeRTOS/Source/list.o
LOAD Middlewares/Third_Party/FreeRTOS/Source/queue.o
LOAD Middlewares/Third_Party/FreeRTOS/Source/stream_buffer.o
LOAD Middlewares/Third_Party/FreeRTOS/Source/tasks.o
LOAD Middlewares/Third_Party/FreeRTOS/Source/timers.o
LOAD Middlewares/Third_Party/FreeRTOS/Source/portable/GCC/ARM_CM4F/port.o
LOAD Middlewares/Third_Party/FreeRTOS/Source/portable/MemMang/heap_4.o
LOAD Src/freertos.o
LOAD Src/hts221.o
LOAD Src/kalmanFilterA.o
LOAD Src/lis3mdl.o
LOAD Src/lps22hb.o
LOAD Src/lsm6dsl.o
LOAD Src/main.o
LOAD Src/stm32l4s5i_iot01.o
LOAD Src/stm32l4s5i_iot01_accelero.o
LOAD Src/stm32l4s5i_iot01_gyro.o
LOAD Src/stm32l4s5i_iot01_hsensor.o
LOAD Src/stm32l4s5i_iot01_magneto.o
LOAD Src/stm32l4s5i_iot01_nfctag.o
LOAD Src/stm32l4s5i_iot01_psensor.o
LOAD Src/stm32l4s5i_iot01_tsensor.o
LOAD Src/stm32l4xx_hal_msp.o
LOAD Src/stm32l4xx_hal_timebase_tim.o
LOAD Src/stm32l4xx_it.o
LOAD Src/syscalls.o
LOAD Src/sysmem.o
LOAD Src/system_stm32l4xx.o
LOAD Startup/startup_stm32l4s5vitx.o
LOAD D:\202101\ECSE444\IdealGasSimulator\IdealGasSimulator\Lib\libarm_cortexM4lf_math.a
START GROUP
LOAD c:/st/stm32cubeide_1.5.1/stm32cubeide/plugins/com.st.stm32cube.ide.mcu.externaltools.gnu-tools-for-stm32.7-2018-q2-update.win32_1.5.0.202011040924/tools/bin/../lib/gcc/arm-none-eabi/7.3.1/../../../../arm-none-eabi/lib/thumb/v7e-m/fpv4-sp/hard\libc_nano.a
LOAD c:/st/stm32cubeide_1.5.1/stm32cubeide/plugins/com.st.stm32cube.ide.mcu.externaltools.gnu-tools-for-stm32.7-2018-q2-update.win32_1.5.0.202011040924/tools/bin/../lib/gcc/arm-none-eabi/7.3.1/../../../../arm-none-eabi/lib/thumb/v7e-m/fpv4-sp/hard\libm.a
END GROUP
START GROUP
LOAD c:/st/stm32cubeide_1.5.1/stm32cubeide/plugins/com.st.stm32cube.ide.mcu.externaltools.gnu-tools-for-stm32.7-2018-q2-update.win32_1.5.0.202011040924/tools/bin/../lib/gcc/arm-none-eabi/7.3.1/thumb/v7e-m/fpv4-sp/hard\libgcc.a
LOAD c:/st/stm32cubeide_1.5.1/stm32cubeide/plugins/com.st.stm32cube.ide.mcu.externaltools.gnu-tools-for-stm32.7-2018-q2-update.win32_1.5.0.202011040924/tools/bin/../lib/gcc/arm-none-eabi/7.3.1/../../../../arm-none-eabi/lib/thumb/v7e-m/fpv4-sp/hard\libc_nano.a
END GROUP
START GROUP
LOAD c:/st/stm32cubeide_1.5.1/stm32cubeide/plugins/com.st.stm32cube.ide.mcu.externaltools.gnu-tools-for-stm32.7-2018-q2-update.win32_1.5.0.202011040924/tools/bin/../lib/gcc/arm-none-eabi/7.3.1/thumb/v7e-m/fpv4-sp/hard\libgcc.a
LOAD c:/st/stm32cubeide_1.5.1/stm32cubeide/plugins/com.st.stm32cube.ide.mcu.externaltools.gnu-tools-for-stm32.7-2018-q2-update.win32_1.5.0.202011040924/tools/bin/../lib/gcc/arm-none-eabi/7.3.1/../../../../arm-none-eabi/lib/thumb/v7e-m/fpv4-sp/hard\libc_nano.a
LOAD c:/st/stm32cubeide_1.5.1/stm32cubeide/plugins/com.st.stm32cube.ide.mcu.externaltools.gnu-tools-for-stm32.7-2018-q2-update.win32_1.5.0.202011040924/tools/bin/../lib/gcc/arm-none-eabi/7.3.1/../../../../arm-none-eabi/lib/thumb/v7e-m/fpv4-sp/hard\libnosys.a
END GROUP
START GROUP
LOAD c:/st/stm32cubeide_1.5.1/stm32cubeide/plugins/com.st.stm32cube.ide.mcu.externaltools.gnu-tools-for-stm32.7-2018-q2-update.win32_1.5.0.202011040924/tools/bin/../lib/gcc/arm-none-eabi/7.3.1/thumb/v7e-m/fpv4-sp/hard\libgcc.a
LOAD c:/st/stm32cubeide_1.5.1/stm32cubeide/plugins/com.st.stm32cube.ide.mcu.externaltools.gnu-tools-for-stm32.7-2018-q2-update.win32_1.5.0.202011040924/tools/bin/../lib/gcc/arm-none-eabi/7.3.1/../../../../arm-none-eabi/lib/thumb/v7e-m/fpv4-sp/hard\libc_nano.a
LOAD c:/st/stm32cubeide_1.5.1/stm32cubeide/plugins/com.st.stm32cube.ide.mcu.externaltools.gnu-tools-for-stm32.7-2018-q2-update.win32_1.5.0.202011040924/tools/bin/../lib/gcc/arm-none-eabi/7.3.1/../../../../arm-none-eabi/lib/thumb/v7e-m/fpv4-sp/hard\libnosys.a
END GROUP
LOAD c:/st/stm32cubeide_1.5.1/stm32cubeide/plugins/com.st.stm32cube.ide.mcu.externaltools.gnu-tools-for-stm32.7-2018-q2-update.win32_1.5.0.202011040924/tools/bin/../lib/gcc/arm-none-eabi/7.3.1/thumb/v7e-m/fpv4-sp/hard/crtend.o
LOAD c:/st/stm32cubeide_1.5.1/stm32cubeide/plugins/com.st.stm32cube.ide.mcu.externaltools.gnu-tools-for-stm32.7-2018-q2-update.win32_1.5.0.202011040924/tools/bin/../lib/gcc/arm-none-eabi/7.3.1/thumb/v7e-m/fpv4-sp/hard/crtn.o
                0x00000000200a0000                _estack = (ORIGIN (RAM) + LENGTH (RAM))
                0x0000000000000200                _Min_Heap_Size = 0x200
                0x0000000000000400                _Min_Stack_Size = 0x400

.isr_vector     0x0000000008000000      0x1bc
                0x0000000008000000                . = ALIGN (0x4)
 *(.isr_vector)
 .isr_vector    0x0000000008000000      0x1bc Startup/startup_stm32l4s5vitx.o
                0x0000000008000000                g_pfnVectors
                0x00000000080001bc                . = ALIGN (0x4)

.text           0x00000000080001c0     0xb97c
                0x00000000080001c0                . = ALIGN (0x4)
 *(.text)
 .text          0x00000000080001c0       0x40 c:/st/stm32cubeide_1.5.1/stm32cubeide/plugins/com.st.stm32cube.ide.mcu.externaltools.gnu-tools-for-stm32.7-2018-q2-update.win32_1.5.0.202011040924/tools/bin/../lib/gcc/arm-none-eabi/7.3.1/thumb/v7e-m/fpv4-sp/hard/crtbegin.o
 .text          0x0000000008000200       0x10 c:/st/stm32cubeide_1.5.1/stm32cubeide/plugins/com.st.stm32cube.ide.mcu.externaltools.gnu-tools-for-stm32.7-2018-q2-update.win32_1.5.0.202011040924/tools/bin/../lib/gcc/arm-none-eabi/7.3.1/../../../../arm-none-eabi/lib/thumb/v7e-m/fpv4-sp/hard\libc_nano.a(lib_a-strlen.o)
                0x0000000008000200                strlen
 .text          0x0000000008000210       0xa0 c:/st/stm32cubeide_1.5.1/stm32cubeide/plugins/com.st.stm32cube.ide.mcu.externaltools.gnu-tools-for-stm32.7-2018-q2-update.win32_1.5.0.202011040924/tools/bin/../lib/gcc/arm-none-eabi/7.3.1/../../../../arm-none-eabi/lib/thumb/v7e-m/fpv4-sp/hard\libc_nano.a(lib_a-memchr.o)
                0x0000000008000210                memchr
 .text          0x00000000080002b0       0x30 c:/st/stm32cubeide_1.5.1/stm32cubeide/plugins/com.st.stm32cube.ide.mcu.externaltools.gnu-tools-for-stm32.7-2018-q2-update.win32_1.5.0.202011040924/tools/bin/../lib/gcc/arm-none-eabi/7.3.1/thumb/v7e-m/fpv4-sp/hard\libgcc.a(_aeabi_uldivmod.o)
                0x00000000080002b0                __aeabi_uldivmod
 .text          0x00000000080002e0      0x2cc c:/st/stm32cubeide_1.5.1/stm32cubeide/plugins/com.st.stm32cube.ide.mcu.externaltools.gnu-tools-for-stm32.7-2018-q2-update.win32_1.5.0.202011040924/tools/bin/../lib/gcc/arm-none-eabi/7.3.1/thumb/v7e-m/fpv4-sp/hard\libgcc.a(_udivmoddi4.o)
                0x00000000080002e0                __udivmoddi4
 .text          0x00000000080005ac        0x4 c:/st/stm32cubeide_1.5.1/stm32cubeide/plugins/com.st.stm32cube.ide.mcu.externaltools.gnu-tools-for-stm32.7-2018-q2-update.win32_1.5.0.202011040924/tools/bin/../lib/gcc/arm-none-eabi/7.3.1/thumb/v7e-m/fpv4-sp/hard\libgcc.a(_dvmd_tls.o)
                0x00000000080005ac                __aeabi_idiv0
                0x00000000080005ac                __aeabi_ldiv0
 *(.text*)
 .text.HAL_Init
                0x00000000080005b0       0x30 Drivers/STM32L4xx_HAL_Driver/Src/stm32l4xx_hal.o
                0x00000000080005b0                HAL_Init
 .text.HAL_IncTick
                0x00000000080005e0       0x28 Drivers/STM32L4xx_HAL_Driver/Src/stm32l4xx_hal.o
                0x00000000080005e0                HAL_IncTick
 .text.HAL_GetTick
                0x0000000008000608       0x18 Drivers/STM32L4xx_HAL_Driver/Src/stm32l4xx_hal.o
                0x0000000008000608                HAL_GetTick
 .text.HAL_Delay
                0x0000000008000620       0x44 Drivers/STM32L4xx_HAL_Driver/Src/stm32l4xx_hal.o
                0x0000000008000620                HAL_Delay
 .text.LL_ADC_SetCommonClock
                0x0000000008000664       0x26 Drivers/STM32L4xx_HAL_Driver/Src/stm32l4xx_hal_adc.o
 .text.LL_ADC_SetCommonPathInternalCh
                0x000000000800068a       0x26 Drivers/STM32L4xx_HAL_Driver/Src/stm32l4xx_hal_adc.o
 .text.LL_ADC_GetCommonPathInternalCh
                0x00000000080006b0       0x1c Drivers/STM32L4xx_HAL_Driver/Src/stm32l4xx_hal_adc.o
 .text.LL_ADC_SetOffset
                0x00000000080006cc       0x48 Drivers/STM32L4xx_HAL_Driver/Src/stm32l4xx_hal_adc.o
 .text.LL_ADC_GetOffsetChannel
                0x0000000008000714       0x2c Drivers/STM32L4xx_HAL_Driver/Src/stm32l4xx_hal_adc.o
 .text.LL_ADC_SetOffsetState
                0x0000000008000740       0x36 Drivers/STM32L4xx_HAL_Driver/Src/stm32l4xx_hal_adc.o
 .text.LL_ADC_SetSamplingTimeCommonConfig
                0x0000000008000776       0x26 Drivers/STM32L4xx_HAL_Driver/Src/stm32l4xx_hal_adc.o
 .text.LL_ADC_REG_SetSequencerRanks
                0x000000000800079c       0x58 Drivers/STM32L4xx_HAL_Driver/Src/stm32l4xx_hal_adc.o
 .text.LL_ADC_SetChannelSamplingTime
                0x00000000080007f4       0x56 Drivers/STM32L4xx_HAL_Driver/Src/stm32l4xx_hal_adc.o
 *fill*         0x000000000800084a        0x2 
 .text.LL_ADC_SetChannelSingleDiff
                0x000000000800084c       0x48 Drivers/STM32L4xx_HAL_Driver/Src/stm32l4xx_hal_adc.o
 .text.LL_ADC_DisableDeepPowerDown
                0x0000000008000894       0x24 Drivers/STM32L4xx_HAL_Driver/Src/stm32l4xx_hal_adc.o
 .text.LL_ADC_IsDeepPowerDownEnabled
                0x00000000080008b8       0x28 Drivers/STM32L4xx_HAL_Driver/Src/stm32l4xx_hal_adc.o
 .text.LL_ADC_EnableInternalRegulator
                0x00000000080008e0       0x28 Drivers/STM32L4xx_HAL_Driver/Src/stm32l4xx_hal_adc.o
 .text.LL_ADC_IsInternalRegulatorEnabled
                0x0000000008000908       0x28 Drivers/STM32L4xx_HAL_Driver/Src/stm32l4xx_hal_adc.o
 .text.LL_ADC_IsEnabled
                0x0000000008000930       0x26 Drivers/STM32L4xx_HAL_Driver/Src/stm32l4xx_hal_adc.o
 .text.LL_ADC_REG_IsConversionOngoing
                0x0000000008000956       0x26 Drivers/STM32L4xx_HAL_Driver/Src/stm32l4xx_hal_adc.o
 .text.LL_ADC_INJ_IsConversionOngoing
                0x000000000800097c       0x26 Drivers/STM32L4xx_HAL_Driver/Src/stm32l4xx_hal_adc.o
 *fill*         0x00000000080009a2        0x2 
 .text.HAL_ADC_Init
                0x00000000080009a4      0x294 Drivers/STM32L4xx_HAL_Driver/Src/stm32l4xx_hal_adc.o
                0x00000000080009a4                HAL_ADC_Init
 .text.HAL_ADC_ConfigChannel
                0x0000000008000c38      0x7f4 Drivers/STM32L4xx_HAL_Driver/Src/stm32l4xx_hal_adc.o
                0x0000000008000c38                HAL_ADC_ConfigChannel
 .text.__NVIC_SetPriorityGrouping
                0x000000000800142c       0x48 Drivers/STM32L4xx_HAL_Driver/Src/stm32l4xx_hal_cortex.o
 .text.__NVIC_GetPriorityGrouping
                0x0000000008001474       0x1c Drivers/STM32L4xx_HAL_Driver/Src/stm32l4xx_hal_cortex.o
 .text.__NVIC_EnableIRQ
                0x0000000008001490       0x3c Drivers/STM32L4xx_HAL_Driver/Src/stm32l4xx_hal_cortex.o
 .text.__NVIC_SetPriority
                0x00000000080014cc       0x54 Drivers/STM32L4xx_HAL_Driver/Src/stm32l4xx_hal_cortex.o
 .text.NVIC_EncodePriority
                0x0000000008001520       0x66 Drivers/STM32L4xx_HAL_Driver/Src/stm32l4xx_hal_cortex.o
 .text.HAL_NVIC_SetPriorityGrouping
                0x0000000008001586       0x16 Drivers/STM32L4xx_HAL_Driver/Src/stm32l4xx_hal_cortex.o
                0x0000000008001586                HAL_NVIC_SetPriorityGrouping
 .text.HAL_NVIC_SetPriority
                0x000000000800159c       0x38 Drivers/STM32L4xx_HAL_Driver/Src/stm32l4xx_hal_cortex.o
                0x000000000800159c                HAL_NVIC_SetPriority
 .text.HAL_NVIC_EnableIRQ
                0x00000000080015d4       0x1c Drivers/STM32L4xx_HAL_Driver/Src/stm32l4xx_hal_cortex.o
                0x00000000080015d4                HAL_NVIC_EnableIRQ
 .text.HAL_DAC_Init
                0x00000000080015f0       0x44 Drivers/STM32L4xx_HAL_Driver/Src/stm32l4xx_hal_dac.o
                0x00000000080015f0                HAL_DAC_Init
 .text.HAL_DAC_IRQHandler
                0x0000000008001634       0xb4 Drivers/STM32L4xx_HAL_Driver/Src/stm32l4xx_hal_dac.o
                0x0000000008001634                HAL_DAC_IRQHandler
 .text.HAL_DAC_DMAUnderrunCallbackCh1
                0x00000000080016e8       0x14 Drivers/STM32L4xx_HAL_Driver/Src/stm32l4xx_hal_dac.o
                0x00000000080016e8                HAL_DAC_DMAUnderrunCallbackCh1
 .text.HAL_DAC_ConfigChannel
                0x00000000080016fc      0x280 Drivers/STM32L4xx_HAL_Driver/Src/stm32l4xx_hal_dac.o
                0x00000000080016fc                HAL_DAC_ConfigChannel
 .text.HAL_DACEx_DMAUnderrunCallbackCh2
                0x000000000800197c       0x14 Drivers/STM32L4xx_HAL_Driver/Src/stm32l4xx_hal_dac_ex.o
                0x000000000800197c                HAL_DACEx_DMAUnderrunCallbackCh2
 .text.HAL_DMA_Init
                0x0000000008001990      0x150 Drivers/STM32L4xx_HAL_Driver/Src/stm32l4xx_hal_dma.o
                0x0000000008001990                HAL_DMA_Init
 .text.HAL_DMA_IRQHandler
                0x0000000008001ae0      0x15e Drivers/STM32L4xx_HAL_Driver/Src/stm32l4xx_hal_dma.o
                0x0000000008001ae0                HAL_DMA_IRQHandler
 *fill*         0x0000000008001c3e        0x2 
 .text.DMA_CalcDMAMUXChannelBaseAndMask
                0x0000000008001c40       0x7c Drivers/STM32L4xx_HAL_Driver/Src/stm32l4xx_hal_dma.o
 .text.DMA_CalcDMAMUXRequestGenBaseAndMask
                0x0000000008001cbc       0x48 Drivers/STM32L4xx_HAL_Driver/Src/stm32l4xx_hal_dma.o
 .text.HAL_GPIO_Init
                0x0000000008001d04      0x324 Drivers/STM32L4xx_HAL_Driver/Src/stm32l4xx_hal_gpio.o
                0x0000000008001d04                HAL_GPIO_Init
 .text.HAL_GPIO_DeInit
                0x0000000008002028      0x1e4 Drivers/STM32L4xx_HAL_Driver/Src/stm32l4xx_hal_gpio.o
                0x0000000008002028                HAL_GPIO_DeInit
 .text.HAL_GPIO_WritePin
                0x000000000800220c       0x30 Drivers/STM32L4xx_HAL_Driver/Src/stm32l4xx_hal_gpio.o
                0x000000000800220c                HAL_GPIO_WritePin
 .text.HAL_GPIO_TogglePin
                0x000000000800223c       0x34 Drivers/STM32L4xx_HAL_Driver/Src/stm32l4xx_hal_gpio.o
                0x000000000800223c                HAL_GPIO_TogglePin
 .text.HAL_GPIO_EXTI_IRQHandler
                0x0000000008002270       0x30 Drivers/STM32L4xx_HAL_Driver/Src/stm32l4xx_hal_gpio.o
                0x0000000008002270                HAL_GPIO_EXTI_IRQHandler
 .text.HAL_I2C_Init
                0x00000000080022a0      0x11e Drivers/STM32L4xx_HAL_Driver/Src/stm32l4xx_hal_i2c.o
                0x00000000080022a0                HAL_I2C_Init
 .text.HAL_I2C_DeInit
                0x00000000080023be       0x5e Drivers/STM32L4xx_HAL_Driver/Src/stm32l4xx_hal_i2c.o
                0x00000000080023be                HAL_I2C_DeInit
 .text.HAL_I2C_Mem_Write
                0x000000000800241c      0x228 Drivers/STM32L4xx_HAL_Driver/Src/stm32l4xx_hal_i2c.o
                0x000000000800241c                HAL_I2C_Mem_Write
 .text.HAL_I2C_Mem_Read
                0x0000000008002644      0x234 Drivers/STM32L4xx_HAL_Driver/Src/stm32l4xx_hal_i2c.o
                0x0000000008002644                HAL_I2C_Mem_Read
 .text.I2C_RequestMemoryWrite
                0x0000000008002878       0xa8 Drivers/STM32L4xx_HAL_Driver/Src/stm32l4xx_hal_i2c.o
 .text.I2C_RequestMemoryRead
                0x0000000008002920       0xa8 Drivers/STM32L4xx_HAL_Driver/Src/stm32l4xx_hal_i2c.o
 .text.I2C_Flush_TXDR
                0x00000000080029c8       0x48 Drivers/STM32L4xx_HAL_Driver/Src/stm32l4xx_hal_i2c.o
 .text.I2C_WaitOnFlagUntilTimeout
                0x0000000008002a10       0x80 Drivers/STM32L4xx_HAL_Driver/Src/stm32l4xx_hal_i2c.o
 .text.I2C_WaitOnTXISFlagUntilTimeout
                0x0000000008002a90       0x80 Drivers/STM32L4xx_HAL_Driver/Src/stm32l4xx_hal_i2c.o
 .text.I2C_WaitOnSTOPFlagUntilTimeout
                0x0000000008002b10       0x78 Drivers/STM32L4xx_HAL_Driver/Src/stm32l4xx_hal_i2c.o
 .text.I2C_IsAcknowledgeFailed
                0x0000000008002b88       0xcc Drivers/STM32L4xx_HAL_Driver/Src/stm32l4xx_hal_i2c.o
 .text.I2C_TransferConfig
                0x0000000008002c54       0x5c Drivers/STM32L4xx_HAL_Driver/Src/stm32l4xx_hal_i2c.o
 .text.HAL_I2CEx_ConfigAnalogFilter
                0x0000000008002cb0       0x96 Drivers/STM32L4xx_HAL_Driver/Src/stm32l4xx_hal_i2c_ex.o
                0x0000000008002cb0                HAL_I2CEx_ConfigAnalogFilter
 .text.HAL_I2CEx_ConfigDigitalFilter
                0x0000000008002d46       0x98 Drivers/STM32L4xx_HAL_Driver/Src/stm32l4xx_hal_i2c_ex.o
                0x0000000008002d46                HAL_I2CEx_ConfigDigitalFilter
 *fill*         0x0000000008002dde        0x2 
 .text.HAL_PWREx_GetVoltageRange
                0x0000000008002de0       0x40 Drivers/STM32L4xx_HAL_Driver/Src/stm32l4xx_hal_pwr_ex.o
                0x0000000008002de0                HAL_PWREx_GetVoltageRange
 .text.HAL_PWREx_ControlVoltageScaling
                0x0000000008002e20      0x148 Drivers/STM32L4xx_HAL_Driver/Src/stm32l4xx_hal_pwr_ex.o
                0x0000000008002e20                HAL_PWREx_ControlVoltageScaling
 .text.HAL_RCC_OscConfig
                0x0000000008002f68      0x84c Drivers/STM32L4xx_HAL_Driver/Src/stm32l4xx_hal_rcc.o
                0x0000000008002f68                HAL_RCC_OscConfig
 .text.HAL_RCC_ClockConfig
                0x00000000080037b4      0x258 Drivers/STM32L4xx_HAL_Driver/Src/stm32l4xx_hal_rcc.o
                0x00000000080037b4                HAL_RCC_ClockConfig
 .text.HAL_RCC_GetSysClockFreq
                0x0000000008003a0c      0x114 Drivers/STM32L4xx_HAL_Driver/Src/stm32l4xx_hal_rcc.o
                0x0000000008003a0c                HAL_RCC_GetSysClockFreq
 .text.HAL_RCC_GetHCLKFreq
                0x0000000008003b20       0x18 Drivers/STM32L4xx_HAL_Driver/Src/stm32l4xx_hal_rcc.o
                0x0000000008003b20                HAL_RCC_GetHCLKFreq
 .text.HAL_RCC_GetPCLK1Freq
                0x0000000008003b38       0x2c Drivers/STM32L4xx_HAL_Driver/Src/stm32l4xx_hal_rcc.o
                0x0000000008003b38                HAL_RCC_GetPCLK1Freq
 .text.HAL_RCC_GetPCLK2Freq
                0x0000000008003b64       0x2c Drivers/STM32L4xx_HAL_Driver/Src/stm32l4xx_hal_rcc.o
                0x0000000008003b64                HAL_RCC_GetPCLK2Freq
 .text.HAL_RCC_GetClockConfig
                0x0000000008003b90       0x64 Drivers/STM32L4xx_HAL_Driver/Src/stm32l4xx_hal_rcc.o
                0x0000000008003b90                HAL_RCC_GetClockConfig
 .text.RCC_SetFlashLatencyFromMSIRange
                0x0000000008003bf4       0xb4 Drivers/STM32L4xx_HAL_Driver/Src/stm32l4xx_hal_rcc.o
 .text.RCC_GetSysClockFreqFromPLLSource
                0x0000000008003ca8       0xd0 Drivers/STM32L4xx_HAL_Driver/Src/stm32l4xx_hal_rcc.o
 .text.HAL_RCCEx_PeriphCLKConfig
                0x0000000008003d78      0x650 Drivers/STM32L4xx_HAL_Driver/Src/stm32l4xx_hal_rcc_ex.o
                0x0000000008003d78                HAL_RCCEx_PeriphCLKConfig
 .text.RCCEx_PLLSAI1_Config
                0x00000000080043c8      0x1e0 Drivers/STM32L4xx_HAL_Driver/Src/stm32l4xx_hal_rcc_ex.o
 .text.RCCEx_PLLSAI2_Config
                0x00000000080045a8      0x1e0 Drivers/STM32L4xx_HAL_Driver/Src/stm32l4xx_hal_rcc_ex.o
 .text.HAL_TIM_Base_Init
                0x0000000008004788       0xae Drivers/STM32L4xx_HAL_Driver/Src/stm32l4xx_hal_tim.o
                0x0000000008004788                HAL_TIM_Base_Init
 *fill*         0x0000000008004836        0x2 
 .text.HAL_TIM_Base_Start_IT
                0x0000000008004838       0xe0 Drivers/STM32L4xx_HAL_Driver/Src/stm32l4xx_hal_tim.o
                0x0000000008004838                HAL_TIM_Base_Start_IT
 .text.HAL_TIM_IRQHandler
                0x0000000008004918      0x23e Drivers/STM32L4xx_HAL_Driver/Src/stm32l4xx_hal_tim.o
                0x0000000008004918                HAL_TIM_IRQHandler
 .text.HAL_TIM_ConfigClockSource
                0x0000000008004b56      0x172 Drivers/STM32L4xx_HAL_Driver/Src/stm32l4xx_hal_tim.o
                0x0000000008004b56                HAL_TIM_ConfigClockSource
 .text.HAL_TIM_OC_DelayElapsedCallback
                0x0000000008004cc8       0x14 Drivers/STM32L4xx_HAL_Driver/Src/stm32l4xx_hal_tim.o
                0x0000000008004cc8                HAL_TIM_OC_DelayElapsedCallback
 .text.HAL_TIM_IC_CaptureCallback
                0x0000000008004cdc       0x14 Drivers/STM32L4xx_HAL_Driver/Src/stm32l4xx_hal_tim.o
                0x0000000008004cdc                HAL_TIM_IC_CaptureCallback
 .text.HAL_TIM_PWM_PulseFinishedCallback
                0x0000000008004cf0       0x14 Drivers/STM32L4xx_HAL_Driver/Src/stm32l4xx_hal_tim.o
                0x0000000008004cf0                HAL_TIM_PWM_PulseFinishedCallback
 .text.HAL_TIM_TriggerCallback
                0x0000000008004d04       0x14 Drivers/STM32L4xx_HAL_Driver/Src/stm32l4xx_hal_tim.o
                0x0000000008004d04                HAL_TIM_TriggerCallback
 .text.TIM_Base_SetConfig
                0x0000000008004d18      0x134 Drivers/STM32L4xx_HAL_Driver/Src/stm32l4xx_hal_tim.o
                0x0000000008004d18                TIM_Base_SetConfig
 .text.TIM_TI1_ConfigInputStage
                0x0000000008004e4c       0x5e Drivers/STM32L4xx_HAL_Driver/Src/stm32l4xx_hal_tim.o
 .text.TIM_TI2_ConfigInputStage
                0x0000000008004eaa       0x60 Drivers/STM32L4xx_HAL_Driver/Src/stm32l4xx_hal_tim.o
 .text.TIM_ITRx_SetConfig
                0x0000000008004f0a       0x36 Drivers/STM32L4xx_HAL_Driver/Src/stm32l4xx_hal_tim.o
 .text.TIM_ETR_SetConfig
                0x0000000008004f40       0x40 Drivers/STM32L4xx_HAL_Driver/Src/stm32l4xx_hal_tim.o
                0x0000000008004f40                TIM_ETR_SetConfig
 .text.HAL_TIMEx_MasterConfigSynchronization
                0x0000000008004f80      0x110 Drivers/STM32L4xx_HAL_Driver/Src/stm32l4xx_hal_tim_ex.o
                0x0000000008004f80                HAL_TIMEx_MasterConfigSynchronization
 .text.HAL_TIMEx_CommutCallback
                0x0000000008005090       0x14 Drivers/STM32L4xx_HAL_Driver/Src/stm32l4xx_hal_tim_ex.o
                0x0000000008005090                HAL_TIMEx_CommutCallback
 .text.HAL_TIMEx_BreakCallback
                0x00000000080050a4       0x14 Drivers/STM32L4xx_HAL_Driver/Src/stm32l4xx_hal_tim_ex.o
                0x00000000080050a4                HAL_TIMEx_BreakCallback
 .text.HAL_TIMEx_Break2Callback
                0x00000000080050b8       0x14 Drivers/STM32L4xx_HAL_Driver/Src/stm32l4xx_hal_tim_ex.o
                0x00000000080050b8                HAL_TIMEx_Break2Callback
 .text.HAL_UART_Init
                0x00000000080050cc       0xa0 Drivers/STM32L4xx_HAL_Driver/Src/stm32l4xx_hal_uart.o
                0x00000000080050cc                HAL_UART_Init
 .text.HAL_UART_Transmit
                0x000000000800516c      0x12e Drivers/STM32L4xx_HAL_Driver/Src/stm32l4xx_hal_uart.o
                0x000000000800516c                HAL_UART_Transmit
 *fill*         0x000000000800529a        0x2 
 .text.UART_SetConfig
                0x000000000800529c      0x5a4 Drivers/STM32L4xx_HAL_Driver/Src/stm32l4xx_hal_uart.o
                0x000000000800529c                UART_SetConfig
 .text.UART_AdvFeatureConfig
                0x0000000008005840      0x144 Drivers/STM32L4xx_HAL_Driver/Src/stm32l4xx_hal_uart.o
                0x0000000008005840                UART_AdvFeatureConfig
 .text.UART_CheckIdleState
                0x0000000008005984       0x90 Drivers/STM32L4xx_HAL_Driver/Src/stm32l4xx_hal_uart.o
                0x0000000008005984                UART_CheckIdleState
 .text.UART_WaitOnFlagUntilTimeout
                0x0000000008005a14      0x100 Drivers/STM32L4xx_HAL_Driver/Src/stm32l4xx_hal_uart.o
                0x0000000008005a14                UART_WaitOnFlagUntilTimeout
 .text.HAL_UARTEx_DisableFifoMode
                0x0000000008005b14       0x72 Drivers/STM32L4xx_HAL_Driver/Src/stm32l4xx_hal_uart_ex.o
                0x0000000008005b14                HAL_UARTEx_DisableFifoMode
 .text.HAL_UARTEx_SetTxFifoThreshold
                0x0000000008005b86       0x7c Drivers/STM32L4xx_HAL_Driver/Src/stm32l4xx_hal_uart_ex.o
                0x0000000008005b86                HAL_UARTEx_SetTxFifoThreshold
 .text.HAL_UARTEx_SetRxFifoThreshold
                0x0000000008005c02       0x7c Drivers/STM32L4xx_HAL_Driver/Src/stm32l4xx_hal_uart_ex.o
                0x0000000008005c02                HAL_UARTEx_SetRxFifoThreshold
 *fill*         0x0000000008005c7e        0x2 
 .text.UARTEx_SetNbDataToProcess
                0x0000000008005c80       0xd0 Drivers/STM32L4xx_HAL_Driver/Src/stm32l4xx_hal_uart_ex.o
 .text.makeFreeRtosPriority
                0x0000000008005d50       0x30 Middlewares/Third_Party/FreeRTOS/Source/CMSIS_RTOS/cmsis_os.o
 .text.inHandlerMode
                0x0000000008005d80       0x24 Middlewares/Third_Party/FreeRTOS/Source/CMSIS_RTOS/cmsis_os.o
 .text.osKernelStart
                0x0000000008005da4        0xe Middlewares/Third_Party/FreeRTOS/Source/CMSIS_RTOS/cmsis_os.o
                0x0000000008005da4                osKernelStart
 .text.osThreadCreate
                0x0000000008005db2       0x98 Middlewares/Third_Party/FreeRTOS/Source/CMSIS_RTOS/cmsis_os.o
                0x0000000008005db2                osThreadCreate
 .text.osDelay  0x0000000008005e4a       0x28 Middlewares/Third_Party/FreeRTOS/Source/CMSIS_RTOS/cmsis_os.o
                0x0000000008005e4a                osDelay
 *fill*         0x0000000008005e72        0x2 
 .text.osSignalSet
                0x0000000008005e74       0x80 Middlewares/Third_Party/FreeRTOS/Source/CMSIS_RTOS/cmsis_os.o
                0x0000000008005e74                osSignalSet
 .text.osSignalWait
                0x0000000008005ef4       0x98 Middlewares/Third_Party/FreeRTOS/Source/CMSIS_RTOS/cmsis_os.o
                0x0000000008005ef4                osSignalWait
 .text.osMutexCreate
                0x0000000008005f8c       0x30 Middlewares/Third_Party/FreeRTOS/Source/CMSIS_RTOS/cmsis_os.o
                0x0000000008005f8c                osMutexCreate
 .text.osMutexWait
                0x0000000008005fbc       0x9c Middlewares/Third_Party/FreeRTOS/Source/CMSIS_RTOS/cmsis_os.o
                0x0000000008005fbc                osMutexWait
 .text.osMutexRelease
                0x0000000008006058       0x6c Middlewares/Third_Party/FreeRTOS/Source/CMSIS_RTOS/cmsis_os.o
                0x0000000008006058                osMutexRelease
 .text.vListInitialise
                0x00000000080060c4       0x40 Middlewares/Third_Party/FreeRTOS/Source/list.o
                0x00000000080060c4                vListInitialise
 .text.vListInitialiseItem
                0x0000000008006104       0x1a Middlewares/Third_Party/FreeRTOS/Source/list.o
                0x0000000008006104                vListInitialiseItem
 .text.vListInsertEnd
                0x000000000800611e       0x48 Middlewares/Third_Party/FreeRTOS/Source/list.o
                0x000000000800611e                vListInsertEnd
 .text.vListInsert
                0x0000000008006166       0x72 Middlewares/Third_Party/FreeRTOS/Source/list.o
                0x0000000008006166                vListInsert
 .text.uxListRemove
                0x00000000080061d8       0x54 Middlewares/Third_Party/FreeRTOS/Source/list.o
                0x00000000080061d8                uxListRemove
 .text.xQueueGenericReset
                0x000000000800622c       0xd0 Middlewares/Third_Party/FreeRTOS/Source/queue.o
                0x000000000800622c                xQueueGenericReset
 .text.xQueueGenericCreateStatic
                0x00000000080062fc       0xe6 Middlewares/Third_Party/FreeRTOS/Source/queue.o
                0x00000000080062fc                xQueueGenericCreateStatic
 .text.xQueueGenericCreate
                0x00000000080063e2       0x7e Middlewares/Third_Party/FreeRTOS/Source/queue.o
                0x00000000080063e2                xQueueGenericCreate
 .text.prvInitialiseNewQueue
                0x0000000008006460       0x3e Middlewares/Third_Party/FreeRTOS/Source/queue.o
 .text.prvInitialiseMutex
                0x000000000800649e       0x34 Middlewares/Third_Party/FreeRTOS/Source/queue.o
 .text.xQueueCreateMutex
                0x00000000080064d2       0x30 Middlewares/Third_Party/FreeRTOS/Source/queue.o
                0x00000000080064d2                xQueueCreateMutex
 .text.xQueueCreateMutexStatic
                0x0000000008006502       0x36 Middlewares/Third_Party/FreeRTOS/Source/queue.o
                0x0000000008006502                xQueueCreateMutexStatic
 .text.xQueueGenericSend
                0x0000000008006538      0x1f4 Middlewares/Third_Party/FreeRTOS/Source/queue.o
                0x0000000008006538                xQueueGenericSend
 .text.xQueueGenericSendFromISR
                0x000000000800672c      0x128 Middlewares/Third_Party/FreeRTOS/Source/queue.o
                0x000000000800672c                xQueueGenericSendFromISR
 .text.xQueueGiveFromISR
                0x0000000008006854      0x112 Middlewares/Third_Party/FreeRTOS/Source/queue.o
                0x0000000008006854                xQueueGiveFromISR
 *fill*         0x0000000008006966        0x2 
 .text.xQueueReceive
                0x0000000008006968      0x1b8 Middlewares/Third_Party/FreeRTOS/Source/queue.o
                0x0000000008006968                xQueueReceive
 .text.xQueueSemaphoreTake
                0x0000000008006b20      0x210 Middlewares/Third_Party/FreeRTOS/Source/queue.o
                0x0000000008006b20                xQueueSemaphoreTake
 .text.xQueueReceiveFromISR
                0x0000000008006d30       0xfa Middlewares/Third_Party/FreeRTOS/Source/queue.o
                0x0000000008006d30                xQueueReceiveFromISR
 .text.prvGetDisinheritPriorityAfterTimeout
                0x0000000008006e2a       0x30 Middlewares/Third_Party/FreeRTOS/Source/queue.o
 .text.prvCopyDataToQueue
                0x0000000008006e5a       0xd4 Middlewares/Third_Party/FreeRTOS/Source/queue.o
 .text.prvCopyDataFromQueue
                0x0000000008006f2e       0x4c Middlewares/Third_Party/FreeRTOS/Source/queue.o
 .text.prvUnlockQueue
                0x0000000008006f7a       0xa4 Middlewares/Third_Party/FreeRTOS/Source/queue.o
 .text.prvIsQueueEmpty
                0x000000000800701e       0x2c Middlewares/Third_Party/FreeRTOS/Source/queue.o
 .text.prvIsQueueFull
                0x000000000800704a       0x30 Middlewares/Third_Party/FreeRTOS/Source/queue.o
 *fill*         0x000000000800707a        0x2 
 .text.vQueueAddToRegistry
                0x000000000800707c       0x50 Middlewares/Third_Party/FreeRTOS/Source/queue.o
                0x000000000800707c                vQueueAddToRegistry
 .text.vQueueWaitForMessageRestricted
                0x00000000080070cc       0x68 Middlewares/Third_Party/FreeRTOS/Source/queue.o
                0x00000000080070cc                vQueueWaitForMessageRestricted
 .text.xTaskCreateStatic
                0x0000000008007134       0xb4 Middlewares/Third_Party/FreeRTOS/Source/tasks.o
                0x0000000008007134                xTaskCreateStatic
 .text.xTaskCreate
                0x00000000080071e8       0x8a Middlewares/Third_Party/FreeRTOS/Source/tasks.o
                0x00000000080071e8                xTaskCreate
 .text.prvInitialiseNewTask
                0x0000000008007272      0x10c Middlewares/Third_Party/FreeRTOS/Source/tasks.o
 *fill*         0x000000000800737e        0x2 
 .text.prvAddNewTaskToReadyList
                0x0000000008007380       0xd4 Middlewares/Third_Party/FreeRTOS/Source/tasks.o
 .text.vTaskDelay
                0x0000000008007454       0x68 Middlewares/Third_Party/FreeRTOS/Source/tasks.o
                0x0000000008007454                vTaskDelay
 .text.vTaskStartScheduler
                0x00000000080074bc       0xc8 Middlewares/Third_Party/FreeRTOS/Source/tasks.o
                0x00000000080074bc                vTaskStartScheduler
 .text.vTaskSuspendAll
                0x0000000008007584       0x1c Middlewares/Third_Party/FreeRTOS/Source/tasks.o
                0x0000000008007584                vTaskSuspendAll
 .text.xTaskResumeAll
                0x00000000080075a0      0x138 Middlewares/Third_Party/FreeRTOS/Source/tasks.o
                0x00000000080075a0                xTaskResumeAll
 .text.xTaskGetTickCount
                0x00000000080076d8       0x20 Middlewares/Third_Party/FreeRTOS/Source/tasks.o
                0x00000000080076d8                xTaskGetTickCount
 .text.xTaskIncrementTick
                0x00000000080076f8      0x170 Middlewares/Third_Party/FreeRTOS/Source/tasks.o
                0x00000000080076f8                xTaskIncrementTick
 .text.vTaskSwitchContext
                0x0000000008007868       0xb4 Middlewares/Third_Party/FreeRTOS/Source/tasks.o
                0x0000000008007868                vTaskSwitchContext
 .text.vTaskPlaceOnEventList
                0x000000000800791c       0x48 Middlewares/Third_Party/FreeRTOS/Source/tasks.o
                0x000000000800791c                vTaskPlaceOnEventList
 .text.vTaskPlaceOnEventListRestricted
                0x0000000008007964       0x54 Middlewares/Third_Party/FreeRTOS/Source/tasks.o
                0x0000000008007964                vTaskPlaceOnEventListRestricted
 .text.xTaskRemoveFromEventList
                0x00000000080079b8       0xc4 Middlewares/Third_Party/FreeRTOS/Source/tasks.o
                0x00000000080079b8                xTaskRemoveFromEventList
 .text.vTaskInternalSetTimeOutState
                0x0000000008007a7c       0x2c Middlewares/Third_Party/FreeRTOS/Source/tasks.o
                0x0000000008007a7c                vTaskInternalSetTimeOutState
 .text.xTaskCheckForTimeOut
                0x0000000008007aa8       0xc0 Middlewares/Third_Party/FreeRTOS/Source/tasks.o
                0x0000000008007aa8                xTaskCheckForTimeOut
 .text.vTaskMissedYield
                0x0000000008007b68       0x18 Middlewares/Third_Party/FreeRTOS/Source/tasks.o
                0x0000000008007b68                vTaskMissedYield
 .text.prvIdleTask
                0x0000000008007b80       0x30 Middlewares/Third_Party/FreeRTOS/Source/tasks.o
 .text.prvInitialiseTaskLists
                0x0000000008007bb0       0x80 Middlewares/Third_Party/FreeRTOS/Source/tasks.o
 .text.prvCheckTasksWaitingTermination
                0x0000000008007c30       0x58 Middlewares/Third_Party/FreeRTOS/Source/tasks.o
 .text.prvDeleteTCB
                0x0000000008007c88       0x5c Middlewares/Third_Party/FreeRTOS/Source/tasks.o
 .text.prvResetNextTaskUnblockTime
                0x0000000008007ce4       0x40 Middlewares/Third_Party/FreeRTOS/Source/tasks.o
 .text.xTaskGetSchedulerState
                0x0000000008007d24       0x3c Middlewares/Third_Party/FreeRTOS/Source/tasks.o
                0x0000000008007d24                xTaskGetSchedulerState
 .text.xTaskPriorityInherit
                0x0000000008007d60      0x100 Middlewares/Third_Party/FreeRTOS/Source/tasks.o
                0x0000000008007d60                xTaskPriorityInherit
 .text.xTaskPriorityDisinherit
                0x0000000008007e60      0x108 Middlewares/Third_Party/FreeRTOS/Source/tasks.o
                0x0000000008007e60                xTaskPriorityDisinherit
 .text.vTaskPriorityDisinheritAfterTimeout
                0x0000000008007f68      0x130 Middlewares/Third_Party/FreeRTOS/Source/tasks.o
                0x0000000008007f68                vTaskPriorityDisinheritAfterTimeout
 .text.pvTaskIncrementMutexHeldCount
                0x0000000008008098       0x28 Middlewares/Third_Party/FreeRTOS/Source/tasks.o
                0x0000000008008098                pvTaskIncrementMutexHeldCount
 .text.xTaskNotifyWait
                0x00000000080080c0       0xb4 Middlewares/Third_Party/FreeRTOS/Source/tasks.o
                0x00000000080080c0                xTaskNotifyWait
 .text.xTaskGenericNotify
                0x0000000008008174      0x164 Middlewares/Third_Party/FreeRTOS/Source/tasks.o
                0x0000000008008174                xTaskGenericNotify
 .text.xTaskGenericNotifyFromISR
                0x00000000080082d8      0x1b0 Middlewares/Third_Party/FreeRTOS/Source/tasks.o
                0x00000000080082d8                xTaskGenericNotifyFromISR
 .text.prvAddCurrentTaskToDelayedList
                0x0000000008008488       0xcc Middlewares/Third_Party/FreeRTOS/Source/tasks.o
 .text.xTimerCreateTimerTask
                0x0000000008008554       0x90 Middlewares/Third_Party/FreeRTOS/Source/timers.o
                0x0000000008008554                xTimerCreateTimerTask
 .text.xTimerGenericCommand
                0x00000000080085e4       0x98 Middlewares/Third_Party/FreeRTOS/Source/timers.o
                0x00000000080085e4                xTimerGenericCommand
 .text.prvProcessExpiredTimer
                0x000000000800867c       0x98 Middlewares/Third_Party/FreeRTOS/Source/timers.o
 .text.prvTimerTask
                0x0000000008008714       0x24 Middlewares/Third_Party/FreeRTOS/Source/timers.o
 .text.prvProcessTimerOrBlockTask
                0x0000000008008738       0x9c Middlewares/Third_Party/FreeRTOS/Source/timers.o
 .text.prvGetNextExpireTime
                0x00000000080087d4       0x48 Middlewares/Third_Party/FreeRTOS/Source/timers.o
 .text.prvSampleTimeNow
                0x000000000800881c       0x40 Middlewares/Third_Party/FreeRTOS/Source/timers.o
 .text.prvInsertTimerInActiveList
                0x000000000800885c       0x84 Middlewares/Third_Party/FreeRTOS/Source/timers.o
 .text.prvProcessReceivedCommands
                0x00000000080088e0      0x188 Middlewares/Third_Party/FreeRTOS/Source/timers.o
 .text.prvSwitchTimerLists
                0x0000000008008a68       0xc8 Middlewares/Third_Party/FreeRTOS/Source/timers.o
 .text.prvCheckForValidListAndQueue
                0x0000000008008b30       0x80 Middlewares/Third_Party/FreeRTOS/Source/timers.o
 .text.pxPortInitialiseStack
                0x0000000008008bb0       0x68 Middlewares/Third_Party/FreeRTOS/Source/portable/GCC/ARM_CM4F/port.o
                0x0000000008008bb0                pxPortInitialiseStack
 .text.prvTaskExitError
                0x0000000008008c18       0x54 Middlewares/Third_Party/FreeRTOS/Source/portable/GCC/ARM_CM4F/port.o
 *fill*         0x0000000008008c6c        0x4 
 .text.SVC_Handler
                0x0000000008008c70       0x28 Middlewares/Third_Party/FreeRTOS/Source/portable/GCC/ARM_CM4F/port.o
                0x0000000008008c70                SVC_Handler
 .text.prvPortStartFirstTask
                0x0000000008008c98       0x28 Middlewares/Third_Party/FreeRTOS/Source/portable/GCC/ARM_CM4F/port.o
 .text.xPortStartScheduler
                0x0000000008008cc0      0x13c Middlewares/Third_Party/FreeRTOS/Source/portable/GCC/ARM_CM4F/port.o
                0x0000000008008cc0                xPortStartScheduler
 .text.vPortEnterCritical
                0x0000000008008dfc       0x5c Middlewares/Third_Party/FreeRTOS/Source/portable/GCC/ARM_CM4F/port.o
                0x0000000008008dfc                vPortEnterCritical
 .text.vPortExitCritical
                0x0000000008008e58       0x50 Middlewares/Third_Party/FreeRTOS/Source/portable/GCC/ARM_CM4F/port.o
                0x0000000008008e58                vPortExitCritical
 *fill*         0x0000000008008ea8        0x8 
 .text.PendSV_Handler
                0x0000000008008eb0       0x68 Middlewares/Third_Party/FreeRTOS/Source/portable/GCC/ARM_CM4F/port.o
                0x0000000008008eb0                PendSV_Handler
 .text.SysTick_Handler
                0x0000000008008f18       0x40 Middlewares/Third_Party/FreeRTOS/Source/portable/GCC/ARM_CM4F/port.o
                0x0000000008008f18                SysTick_Handler
 .text.vPortSetupTimerInterrupt
                0x0000000008008f58       0x48 Middlewares/Third_Party/FreeRTOS/Source/portable/GCC/ARM_CM4F/port.o
                0x0000000008008f58                vPortSetupTimerInterrupt
 .text.vPortEnableVFP
                0x0000000008008fa0       0x14 Middlewares/Third_Party/FreeRTOS/Source/portable/GCC/ARM_CM4F/port.o
 .text.vPortValidateInterruptPriority
                0x0000000008008fb4       0x7c Middlewares/Third_Party/FreeRTOS/Source/portable/GCC/ARM_CM4F/port.o
                0x0000000008008fb4                vPortValidateInterruptPriority
 .text.pvPortMalloc
                0x0000000008009030      0x184 Middlewares/Third_Party/FreeRTOS/Source/portable/MemMang/heap_4.o
                0x0000000008009030                pvPortMalloc
 .text.vPortFree
                0x00000000080091b4       0xb0 Middlewares/Third_Party/FreeRTOS/Source/portable/MemMang/heap_4.o
                0x00000000080091b4                vPortFree
 .text.prvHeapInit
                0x0000000008009264       0xc4 Middlewares/Third_Party/FreeRTOS/Source/portable/MemMang/heap_4.o
 .text.prvInsertBlockIntoFreeList
                0x0000000008009328       0xb4 Middlewares/Third_Party/FreeRTOS/Source/portable/MemMang/heap_4.o
 .text.vApplicationGetIdleTaskMemory
                0x00000000080093dc       0x34 Src/freertos.o
                0x00000000080093dc                vApplicationGetIdleTaskMemory
 .text.vApplicationGetTimerTaskMemory
                0x0000000008009410       0x34 Src/freertos.o
                0x0000000008009410                vApplicationGetTimerTaskMemory
 .text.HTS221_H_Init
                0x0000000008009444       0x58 Src/hts221.o
                0x0000000008009444                HTS221_H_Init
 .text.HTS221_H_ReadID
                0x000000000800949c       0x2c Src/hts221.o
                0x000000000800949c                HTS221_H_ReadID
 .text.HTS221_H_ReadHumidity
                0x00000000080094c8      0x138 Src/hts221.o
                0x00000000080094c8                HTS221_H_ReadHumidity
 .text.HTS221_T_Init
                0x0000000008009600       0x5a Src/hts221.o
                0x0000000008009600                HTS221_T_Init
 .text.HTS221_T_ReadTemp
                0x000000000800965a      0x10e Src/hts221.o
                0x000000000800965a                HTS221_T_ReadTemp
 .text.LIS3MDL_MagInit
                0x0000000008009768       0x50 Src/lis3mdl.o
                0x0000000008009768                LIS3MDL_MagInit
 .text.LIS3MDL_MagDeInit
                0x00000000080097b8       0x3a Src/lis3mdl.o
                0x00000000080097b8                LIS3MDL_MagDeInit
 .text.LIS3MDL_MagReadID
                0x00000000080097f2       0x16 Src/lis3mdl.o
                0x00000000080097f2                LIS3MDL_MagReadID
 .text.LIS3MDL_MagLowPower
                0x0000000008009808       0x44 Src/lis3mdl.o
                0x0000000008009808                LIS3MDL_MagLowPower
 .text.LIS3MDL_MagReadXYZ
                0x000000000800984c      0x110 Src/lis3mdl.o
                0x000000000800984c                LIS3MDL_MagReadXYZ
 .text.LPS22HB_P_Init
                0x000000000800995c       0x1a Src/lps22hb.o
                0x000000000800995c                LPS22HB_P_Init
 .text.LPS22HB_P_ReadID
                0x0000000008009976       0x2c Src/lps22hb.o
                0x0000000008009976                LPS22HB_P_ReadID
 *fill*         0x00000000080099a2        0x2 
 .text.LPS22HB_P_ReadPressure
                0x00000000080099a4       0xc0 Src/lps22hb.o
                0x00000000080099a4                LPS22HB_P_ReadPressure
 .text.LPS22HB_Init
                0x0000000008009a64       0x7e Src/lps22hb.o
 .text.LSM6DSL_AccInit
                0x0000000008009ae2       0x72 Src/lsm6dsl.o
                0x0000000008009ae2                LSM6DSL_AccInit
 .text.LSM6DSL_AccDeInit
                0x0000000008009b54       0x32 Src/lsm6dsl.o
                0x0000000008009b54                LSM6DSL_AccDeInit
 .text.LSM6DSL_AccReadID
                0x0000000008009b86       0x16 Src/lsm6dsl.o
                0x0000000008009b86                LSM6DSL_AccReadID
 .text.LSM6DSL_AccLowPower
                0x0000000008009b9c       0x44 Src/lsm6dsl.o
                0x0000000008009b9c                LSM6DSL_AccLowPower
 .text.LSM6DSL_AccReadXYZ
                0x0000000008009be0      0x134 Src/lsm6dsl.o
                0x0000000008009be0                LSM6DSL_AccReadXYZ
 .text.LSM6DSL_GyroInit
                0x0000000008009d14       0x72 Src/lsm6dsl.o
                0x0000000008009d14                LSM6DSL_GyroInit
 .text.LSM6DSL_GyroDeInit
                0x0000000008009d86       0x32 Src/lsm6dsl.o
                0x0000000008009d86                LSM6DSL_GyroDeInit
 .text.LSM6DSL_GyroReadID
                0x0000000008009db8       0x16 Src/lsm6dsl.o
                0x0000000008009db8                LSM6DSL_GyroReadID
 .text.LSM6DSL_GyroLowPower
                0x0000000008009dce       0x44 Src/lsm6dsl.o
                0x0000000008009dce                LSM6DSL_GyroLowPower
 *fill*         0x0000000008009e12        0x2 
 .text.LSM6DSL_GyroReadXYZAngRate
                0x0000000008009e14      0x12c Src/lsm6dsl.o
                0x0000000008009e14                LSM6DSL_GyroReadXYZAngRate
 .text.main     0x0000000008009f40       0xf4 Src/main.o
                0x0000000008009f40                main
 .text.SystemClock_Config
                0x000000000800a034      0x118 Src/main.o
                0x000000000800a034                SystemClock_Config
 .text.MX_ADC1_Init
                0x000000000800a14c       0xc8 Src/main.o
 .text.MX_DAC1_Init
                0x000000000800a214       0x68 Src/main.o
 .text.MX_I2C2_Init
                0x000000000800a27c       0x80 Src/main.o
 .text.MX_TIM2_Init
                0x000000000800a2fc       0x9c Src/main.o
 .text.MX_USART1_UART_Init
                0x000000000800a398       0x98 Src/main.o
 .text.MX_DMA_Init
                0x000000000800a430       0x54 Src/main.o
 .text.MX_GPIO_Init
                0x000000000800a484      0x10c Src/main.o
 .text.HAL_GPIO_EXTI_Callback
                0x000000000800a590       0x38 Src/main.o
                0x000000000800a590                HAL_GPIO_EXTI_Callback
 .text.StartMeasureTask
                0x000000000800a5c8      0x114 Src/main.o
                0x000000000800a5c8                StartMeasureTask
 .text.StartTransmitTask
                0x000000000800a6dc       0x58 Src/main.o
                0x000000000800a6dc                StartTransmitTask
 .text.StartListenTask
                0x000000000800a734       0x3c Src/main.o
                0x000000000800a734                StartListenTask
 .text.HAL_TIM_PeriodElapsedCallback
                0x000000000800a770       0x3c Src/main.o
                0x000000000800a770                HAL_TIM_PeriodElapsedCallback
 .text.Error_Handler
                0x000000000800a7ac        0x8 Src/main.o
                0x000000000800a7ac                Error_Handler
 .text.I2Cx_MspInit
                0x000000000800a7b4       0xb0 Src/stm32l4s5i_iot01.o
 .text.I2Cx_Init
                0x000000000800a864       0x5c Src/stm32l4s5i_iot01.o
 .text.I2Cx_ReadMultiple
                0x000000000800a8c0       0x5a Src/stm32l4s5i_iot01.o
 .text.I2Cx_WriteMultiple
                0x000000000800a91a       0x5a Src/stm32l4s5i_iot01.o
 .text.I2Cx_Error
                0x000000000800a974       0x20 Src/stm32l4s5i_iot01.o
 .text.SENSOR_IO_Init
                0x000000000800a994       0x14 Src/stm32l4s5i_iot01.o
                0x000000000800a994                SENSOR_IO_Init
 .text.SENSOR_IO_Write
                0x000000000800a9a8       0x34 Src/stm32l4s5i_iot01.o
                0x000000000800a9a8                SENSOR_IO_Write
 .text.SENSOR_IO_Read
                0x000000000800a9dc       0x3c Src/stm32l4s5i_iot01.o
                0x000000000800a9dc                SENSOR_IO_Read
 .text.SENSOR_IO_ReadMultiple
                0x000000000800aa18       0x3c Src/stm32l4s5i_iot01.o
                0x000000000800aa18                SENSOR_IO_ReadMultiple
 .text.BSP_ACCELERO_Init
                0x000000000800aa54       0x7c Src/stm32l4s5i_iot01_accelero.o
                0x000000000800aa54                BSP_ACCELERO_Init
 .text.BSP_ACCELERO_AccGetXYZ
                0x000000000800aad0       0x30 Src/stm32l4s5i_iot01_accelero.o
                0x000000000800aad0                BSP_ACCELERO_AccGetXYZ
 .text.BSP_GYRO_Init
                0x000000000800ab00       0x84 Src/stm32l4s5i_iot01_gyro.o
                0x000000000800ab00                BSP_GYRO_Init
 .text.BSP_GYRO_GetXYZ
                0x000000000800ab84       0x30 Src/stm32l4s5i_iot01_gyro.o
                0x000000000800ab84                BSP_GYRO_GetXYZ
 .text.BSP_HSENSOR_Init
                0x000000000800abb4       0x40 Src/stm32l4s5i_iot01_hsensor.o
                0x000000000800abb4                BSP_HSENSOR_Init
 .text.BSP_MAGNETO_Init
                0x000000000800abf4       0x58 Src/stm32l4s5i_iot01_magneto.o
                0x000000000800abf4                BSP_MAGNETO_Init
 .text.BSP_PSENSOR_Init
                0x000000000800ac4c       0x40 Src/stm32l4s5i_iot01_psensor.o
                0x000000000800ac4c                BSP_PSENSOR_Init
 .text.BSP_PSENSOR_ReadPressure
                0x000000000800ac8c       0x1c Src/stm32l4s5i_iot01_psensor.o
                0x000000000800ac8c                BSP_PSENSOR_ReadPressure
 .text.BSP_TSENSOR_Init
                0x000000000800aca8       0x38 Src/stm32l4s5i_iot01_tsensor.o
                0x000000000800aca8                BSP_TSENSOR_Init
 .text.BSP_TSENSOR_ReadTemp
                0x000000000800ace0       0x1c Src/stm32l4s5i_iot01_tsensor.o
                0x000000000800ace0                BSP_TSENSOR_ReadTemp
 .text.HAL_MspInit
                0x000000000800acfc       0x50 Src/stm32l4xx_hal_msp.o
                0x000000000800acfc                HAL_MspInit
 .text.HAL_ADC_MspInit
                0x000000000800ad4c       0x80 Src/stm32l4xx_hal_msp.o
                0x000000000800ad4c                HAL_ADC_MspInit
 .text.HAL_DAC_MspInit
                0x000000000800adcc       0xec Src/stm32l4xx_hal_msp.o
                0x000000000800adcc                HAL_DAC_MspInit
 .text.HAL_I2C_MspInit
                0x000000000800aeb8       0x88 Src/stm32l4xx_hal_msp.o
                0x000000000800aeb8                HAL_I2C_MspInit
 .text.HAL_I2C_MspDeInit
                0x000000000800af40       0x48 Src/stm32l4xx_hal_msp.o
                0x000000000800af40                HAL_I2C_MspDeInit
 .text.HAL_TIM_Base_MspInit
                0x000000000800af88       0x48 Src/stm32l4xx_hal_msp.o
                0x000000000800af88                HAL_TIM_Base_MspInit
 .text.HAL_UART_MspInit
                0x000000000800afd0       0x88 Src/stm32l4xx_hal_msp.o
                0x000000000800afd0                HAL_UART_MspInit
 .text.HAL_InitTick
                0x000000000800b058       0xac Src/stm32l4xx_hal_timebase_tim.o
                0x000000000800b058                HAL_InitTick
 .text.NMI_Handler
                0x000000000800b104        0x6 Src/stm32l4xx_it.o
                0x000000000800b104                NMI_Handler
 .text.HardFault_Handler
                0x000000000800b10a        0x6 Src/stm32l4xx_it.o
                0x000000000800b10a                HardFault_Handler
 .text.MemManage_Handler
                0x000000000800b110        0x6 Src/stm32l4xx_it.o
                0x000000000800b110                MemManage_Handler
 .text.BusFault_Handler
                0x000000000800b116        0x6 Src/stm32l4xx_it.o
                0x000000000800b116                BusFault_Handler
 .text.UsageFault_Handler
                0x000000000800b11c        0x6 Src/stm32l4xx_it.o
                0x000000000800b11c                UsageFault_Handler
 .text.DebugMon_Handler
                0x000000000800b122        0xe Src/stm32l4xx_it.o
                0x000000000800b122                DebugMon_Handler
 .text.DMA1_Channel1_IRQHandler
                0x000000000800b130       0x14 Src/stm32l4xx_it.o
                0x000000000800b130                DMA1_Channel1_IRQHandler
 .text.TIM2_IRQHandler
                0x000000000800b144       0x14 Src/stm32l4xx_it.o
                0x000000000800b144                TIM2_IRQHandler
 .text.EXTI15_10_IRQHandler
                0x000000000800b158       0x10 Src/stm32l4xx_it.o
                0x000000000800b158                EXTI15_10_IRQHandler
 .text.TIM6_DAC_IRQHandler
                0x000000000800b168       0x1c Src/stm32l4xx_it.o
                0x000000000800b168                TIM6_DAC_IRQHandler
 .text._sbrk    0x000000000800b184       0x6c Src/sysmem.o
                0x000000000800b184                _sbrk
 .text.SystemInit
                0x000000000800b1f0       0x6c Src/system_stm32l4xx.o
                0x000000000800b1f0                SystemInit
 .text.Reset_Handler
                0x000000000800b25c       0x50 Startup/startup_stm32l4s5vitx.o
                0x000000000800b25c                Reset_Handler
 .text.Default_Handler
                0x000000000800b2ac        0x2 Startup/startup_stm32l4s5vitx.o
                0x000000000800b2ac                RTC_Alarm_IRQHandler
                0x000000000800b2ac                EXTI2_IRQHandler
                0x000000000800b2ac                TIM8_TRG_COM_IRQHandler
                0x000000000800b2ac                TIM8_CC_IRQHandler
                0x000000000800b2ac                TIM1_CC_IRQHandler
                0x000000000800b2ac                TSC_IRQHandler
                0x000000000800b2ac                TAMP_STAMP_IRQHandler
                0x000000000800b2ac                EXTI3_IRQHandler
                0x000000000800b2ac                LPTIM2_IRQHandler
                0x000000000800b2ac                DFSDM1_FLT1_IRQHandler
                0x000000000800b2ac                GFXMMU_IRQHandler
                0x000000000800b2ac                I2C3_ER_IRQHandler
                0x000000000800b2ac                DFSDM1_FLT2_IRQHandler
                0x000000000800b2ac                EXTI0_IRQHandler
                0x000000000800b2ac                I2C2_EV_IRQHandler
                0x000000000800b2ac                CAN1_RX0_IRQHandler
                0x000000000800b2ac                FPU_IRQHandler
                0x000000000800b2ac                TIM1_UP_TIM16_IRQHandler
                0x000000000800b2ac                LTDC_ER_IRQHandler
                0x000000000800b2ac                SPI1_IRQHandler
                0x000000000800b2ac                OCTOSPI1_IRQHandler
                0x000000000800b2ac                DCMI_IRQHandler
                0x000000000800b2ac                TIM8_UP_IRQHandler
                0x000000000800b2ac                OCTOSPI2_IRQHandler
                0x000000000800b2ac                DMA2_Channel2_IRQHandler
                0x000000000800b2ac                DMA1_Channel4_IRQHandler
                0x000000000800b2ac                SAI2_IRQHandler
                0x000000000800b2ac                ADC1_IRQHandler
                0x000000000800b2ac                DFSDM1_FLT3_IRQHandler
                0x000000000800b2ac                USART3_IRQHandler
                0x000000000800b2ac                DMA1_Channel7_IRQHandler
                0x000000000800b2ac                CAN1_RX1_IRQHandler
                0x000000000800b2ac                UART5_IRQHandler
                0x000000000800b2ac                TIM4_IRQHandler
                0x000000000800b2ac                DMA2_Channel1_IRQHandler
                0x000000000800b2ac                I2C1_EV_IRQHandler
                0x000000000800b2ac                DMAMUX1_OVR_IRQHandler
                0x000000000800b2ac                DMA1_Channel6_IRQHandler
                0x000000000800b2ac                UART4_IRQHandler
                0x000000000800b2ac                DMA2_Channel4_IRQHandler
                0x000000000800b2ac                TIM3_IRQHandler
                0x000000000800b2ac                RCC_IRQHandler
                0x000000000800b2ac                Default_Handler
                0x000000000800b2ac                DMA2_Channel7_IRQHandler
                0x000000000800b2ac                TIM7_IRQHandler
                0x000000000800b2ac                SDMMC1_IRQHandler
                0x000000000800b2ac                TIM5_IRQHandler
                0x000000000800b2ac                I2C3_EV_IRQHandler
                0x000000000800b2ac                EXTI9_5_IRQHandler
                0x000000000800b2ac                RTC_WKUP_IRQHandler
                0x000000000800b2ac                LTDC_IRQHandler
                0x000000000800b2ac                PVD_PVM_IRQHandler
                0x000000000800b2ac                SPI2_IRQHandler
                0x000000000800b2ac                CAN1_TX_IRQHandler
                0x000000000800b2ac                DMA2_Channel5_IRQHandler
                0x000000000800b2ac                DMA1_Channel5_IRQHandler
                0x000000000800b2ac                EXTI4_IRQHandler
                0x000000000800b2ac                RNG_IRQHandler
                0x000000000800b2ac                TIM1_TRG_COM_TIM17_IRQHandler
                0x000000000800b2ac                DMA1_Channel3_IRQHandler
                0x000000000800b2ac                COMP_IRQHandler
                0x000000000800b2ac                HASH_CRS_IRQHandler
                0x000000000800b2ac                WWDG_IRQHandler
                0x000000000800b2ac                I2C4_EV_IRQHandler
                0x000000000800b2ac                LPUART1_IRQHandler
                0x000000000800b2ac                DMA2_Channel6_IRQHandler
                0x000000000800b2ac                DMA2D_IRQHandler
                0x000000000800b2ac                EXTI1_IRQHandler
                0x000000000800b2ac                AES_IRQHandler
                0x000000000800b2ac                USART2_IRQHandler
                0x000000000800b2ac                DFSDM1_FLT0_IRQHandler
                0x000000000800b2ac                I2C2_ER_IRQHandler
                0x000000000800b2ac                DMA1_Channel2_IRQHandler
                0x000000000800b2ac                TIM8_BRK_IRQHandler
                0x000000000800b2ac                CAN1_SCE_IRQHandler
                0x000000000800b2ac                FLASH_IRQHandler
                0x000000000800b2ac                USART1_IRQHandler
                0x000000000800b2ac                OTG_FS_IRQHandler
                0x000000000800b2ac                SPI3_IRQHandler
                0x000000000800b2ac                I2C1_ER_IRQHandler
                0x000000000800b2ac                FMC_IRQHandler
                0x000000000800b2ac                LPTIM1_IRQHandler
                0x000000000800b2ac                I2C4_ER_IRQHandler
                0x000000000800b2ac                SAI1_IRQHandler
                0x000000000800b2ac                DMA2_Channel3_IRQHandler
                0x000000000800b2ac                TIM1_BRK_TIM15_IRQHandler
 *fill*         0x000000000800b2ae        0x2 
 .text.__errno  0x000000000800b2b0        0xc c:/st/stm32cubeide_1.5.1/stm32cubeide/plugins/com.st.stm32cube.ide.mcu.externaltools.gnu-tools-for-stm32.7-2018-q2-update.win32_1.5.0.202011040924/tools/bin/../lib/gcc/arm-none-eabi/7.3.1/../../../../arm-none-eabi/lib/thumb/v7e-m/fpv4-sp/hard\libc_nano.a(lib_a-errno.o)
                0x000000000800b2b0                __errno
 .text.__libc_init_array
                0x000000000800b2bc       0x48 c:/st/stm32cubeide_1.5.1/stm32cubeide/plugins/com.st.stm32cube.ide.mcu.externaltools.gnu-tools-for-stm32.7-2018-q2-update.win32_1.5.0.202011040924/tools/bin/../lib/gcc/arm-none-eabi/7.3.1/../../../../arm-none-eabi/lib/thumb/v7e-m/fpv4-sp/hard\libc_nano.a(lib_a-init.o)
                0x000000000800b2bc                __libc_init_array
 .text.memcpy   0x000000000800b304       0x16 c:/st/stm32cubeide_1.5.1/stm32cubeide/plugins/com.st.stm32cube.ide.mcu.externaltools.gnu-tools-for-stm32.7-2018-q2-update.win32_1.5.0.202011040924/tools/bin/../lib/gcc/arm-none-eabi/7.3.1/../../../../arm-none-eabi/lib/thumb/v7e-m/fpv4-sp/hard\libc_nano.a(lib_a-memcpy-stub.o)
                0x000000000800b304                memcpy
 .text.memset   0x000000000800b31a       0x10 c:/st/stm32cubeide_1.5.1/stm32cubeide/plugins/com.st.stm32cube.ide.mcu.externaltools.gnu-tools-for-stm32.7-2018-q2-update.win32_1.5.0.202011040924/tools/bin/../lib/gcc/arm-none-eabi/7.3.1/../../../../arm-none-eabi/lib/thumb/v7e-m/fpv4-sp/hard\libc_nano.a(lib_a-memset.o)
                0x000000000800b31a                memset
 *fill*         0x000000000800b32a        0x2 
 .text.sprintf  0x000000000800b32c       0x40 c:/st/stm32cubeide_1.5.1/stm32cubeide/plugins/com.st.stm32cube.ide.mcu.externaltools.gnu-tools-for-stm32.7-2018-q2-update.win32_1.5.0.202011040924/tools/bin/../lib/gcc/arm-none-eabi/7.3.1/../../../../arm-none-eabi/lib/thumb/v7e-m/fpv4-sp/hard\libc_nano.a(lib_a-sprintf.o)
                0x000000000800b32c                siprintf
                0x000000000800b32c                sprintf
 .text.__ssputs_r
                0x000000000800b36c       0xb4 c:/st/stm32cubeide_1.5.1/stm32cubeide/plugins/com.st.stm32cube.ide.mcu.externaltools.gnu-tools-for-stm32.7-2018-q2-update.win32_1.5.0.202011040924/tools/bin/../lib/gcc/arm-none-eabi/7.3.1/../../../../arm-none-eabi/lib/thumb/v7e-m/fpv4-sp/hard\libc_nano.a(lib_a-nano-svfprintf.o)
                0x000000000800b36c                __ssputs_r
 .text._svfprintf_r
                0x000000000800b420      0x1f0 c:/st/stm32cubeide_1.5.1/stm32cubeide/plugins/com.st.stm32cube.ide.mcu.externaltools.gnu-tools-for-stm32.7-2018-q2-update.win32_1.5.0.202011040924/tools/bin/../lib/gcc/arm-none-eabi/7.3.1/../../../../arm-none-eabi/lib/thumb/v7e-m/fpv4-sp/hard\libc_nano.a(lib_a-nano-svfprintf.o)
                0x000000000800b420                _svfiprintf_r
                0x000000000800b420                _svfprintf_r
 .text._printf_common
                0x000000000800b610       0xea c:/st/stm32cubeide_1.5.1/stm32cubeide/plugins/com.st.stm32cube.ide.mcu.externaltools.gnu-tools-for-stm32.7-2018-q2-update.win32_1.5.0.202011040924/tools/bin/../lib/gcc/arm-none-eabi/7.3.1/../../../../arm-none-eabi/lib/thumb/v7e-m/fpv4-sp/hard\libc_nano.a(lib_a-nano-vfprintf_i.o)
                0x000000000800b610                _printf_common
 *fill*         0x000000000800b6fa        0x2 
 .text._printf_i
                0x000000000800b6fc      0x224 c:/st/stm32cubeide_1.5.1/stm32cubeide/plugins/com.st.stm32cube.ide.mcu.externaltools.gnu-tools-for-stm32.7-2018-q2-update.win32_1.5.0.202011040924/tools/bin/../lib/gcc/arm-none-eabi/7.3.1/../../../../arm-none-eabi/lib/thumb/v7e-m/fpv4-sp/hard\libc_nano.a(lib_a-nano-vfprintf_i.o)
                0x000000000800b6fc                _printf_i
 .text.memmove  0x000000000800b920       0x32 c:/st/stm32cubeide_1.5.1/stm32cubeide/plugins/com.st.stm32cube.ide.mcu.externaltools.gnu-tools-for-stm32.7-2018-q2-update.win32_1.5.0.202011040924/tools/bin/../lib/gcc/arm-none-eabi/7.3.1/../../../../arm-none-eabi/lib/thumb/v7e-m/fpv4-sp/hard\libc_nano.a(lib_a-memmove.o)
                0x000000000800b920                memmove
 *fill*         0x000000000800b952        0x2 
 .text._free_r  0x000000000800b954       0x9c c:/st/stm32cubeide_1.5.1/stm32cubeide/plugins/com.st.stm32cube.ide.mcu.externaltools.gnu-tools-for-stm32.7-2018-q2-update.win32_1.5.0.202011040924/tools/bin/../lib/gcc/arm-none-eabi/7.3.1/../../../../arm-none-eabi/lib/thumb/v7e-m/fpv4-sp/hard\libc_nano.a(lib_a-nano-freer.o)
                0x000000000800b954                _free_r
 .text._malloc_r
                0x000000000800b9f0       0xb4 c:/st/stm32cubeide_1.5.1/stm32cubeide/plugins/com.st.stm32cube.ide.mcu.externaltools.gnu-tools-for-stm32.7-2018-q2-update.win32_1.5.0.202011040924/tools/bin/../lib/gcc/arm-none-eabi/7.3.1/../../../../arm-none-eabi/lib/thumb/v7e-m/fpv4-sp/hard\libc_nano.a(lib_a-nano-mallocr.o)
                0x000000000800b9f0                _malloc_r
 .text._realloc_r
                0x000000000800baa4       0x4c c:/st/stm32cubeide_1.5.1/stm32cubeide/plugins/com.st.stm32cube.ide.mcu.externaltools.gnu-tools-for-stm32.7-2018-q2-update.win32_1.5.0.202011040924/tools/bin/../lib/gcc/arm-none-eabi/7.3.1/../../../../arm-none-eabi/lib/thumb/v7e-m/fpv4-sp/hard\libc_nano.a(lib_a-nano-reallocr.o)
                0x000000000800baa4                _realloc_r
 .text._sbrk_r  0x000000000800baf0       0x20 c:/st/stm32cubeide_1.5.1/stm32cubeide/plugins/com.st.stm32cube.ide.mcu.externaltools.gnu-tools-for-stm32.7-2018-q2-update.win32_1.5.0.202011040924/tools/bin/../lib/gcc/arm-none-eabi/7.3.1/../../../../arm-none-eabi/lib/thumb/v7e-m/fpv4-sp/hard\libc_nano.a(lib_a-sbrkr.o)
                0x000000000800baf0                _sbrk_r
 .text.__malloc_lock
                0x000000000800bb10        0x2 c:/st/stm32cubeide_1.5.1/stm32cubeide/plugins/com.st.stm32cube.ide.mcu.externaltools.gnu-tools-for-stm32.7-2018-q2-update.win32_1.5.0.202011040924/tools/bin/../lib/gcc/arm-none-eabi/7.3.1/../../../../arm-none-eabi/lib/thumb/v7e-m/fpv4-sp/hard\libc_nano.a(lib_a-mlock.o)
                0x000000000800bb10                __malloc_lock
 .text.__malloc_unlock
                0x000000000800bb12        0x2 c:/st/stm32cubeide_1.5.1/stm32cubeide/plugins/com.st.stm32cube.ide.mcu.externaltools.gnu-tools-for-stm32.7-2018-q2-update.win32_1.5.0.202011040924/tools/bin/../lib/gcc/arm-none-eabi/7.3.1/../../../../arm-none-eabi/lib/thumb/v7e-m/fpv4-sp/hard\libc_nano.a(lib_a-mlock.o)
                0x000000000800bb12                __malloc_unlock
 .text._malloc_usable_size_r
                0x000000000800bb14       0x10 c:/st/stm32cubeide_1.5.1/stm32cubeide/plugins/com.st.stm32cube.ide.mcu.externaltools.gnu-tools-for-stm32.7-2018-q2-update.win32_1.5.0.202011040924/tools/bin/../lib/gcc/arm-none-eabi/7.3.1/../../../../arm-none-eabi/lib/thumb/v7e-m/fpv4-sp/hard\libc_nano.a(lib_a-nano-msizer.o)
                0x000000000800bb14                _malloc_usable_size_r
 *(.glue_7)
 .glue_7        0x000000000800bb24        0x0 linker stubs
 *(.glue_7t)
 .glue_7t       0x000000000800bb24        0x0 linker stubs
 *(.eh_frame)
 .eh_frame      0x000000000800bb24        0x0 c:/st/stm32cubeide_1.5.1/stm32cubeide/plugins/com.st.stm32cube.ide.mcu.externaltools.gnu-tools-for-stm32.7-2018-q2-update.win32_1.5.0.202011040924/tools/bin/../lib/gcc/arm-none-eabi/7.3.1/thumb/v7e-m/fpv4-sp/hard/crtbegin.o
 *(.init)
 .init          0x000000000800bb24        0x4 c:/st/stm32cubeide_1.5.1/stm32cubeide/plugins/com.st.stm32cube.ide.mcu.externaltools.gnu-tools-for-stm32.7-2018-q2-update.win32_1.5.0.202011040924/tools/bin/../lib/gcc/arm-none-eabi/7.3.1/thumb/v7e-m/fpv4-sp/hard/crti.o
                0x000000000800bb24                _init
 .init          0x000000000800bb28        0x8 c:/st/stm32cubeide_1.5.1/stm32cubeide/plugins/com.st.stm32cube.ide.mcu.externaltools.gnu-tools-for-stm32.7-2018-q2-update.win32_1.5.0.202011040924/tools/bin/../lib/gcc/arm-none-eabi/7.3.1/thumb/v7e-m/fpv4-sp/hard/crtn.o
 *(.fini)
 .fini          0x000000000800bb30        0x4 c:/st/stm32cubeide_1.5.1/stm32cubeide/plugins/com.st.stm32cube.ide.mcu.externaltools.gnu-tools-for-stm32.7-2018-q2-update.win32_1.5.0.202011040924/tools/bin/../lib/gcc/arm-none-eabi/7.3.1/thumb/v7e-m/fpv4-sp/hard/crti.o
                0x000000000800bb30                _fini
 .fini          0x000000000800bb34        0x8 c:/st/stm32cubeide_1.5.1/stm32cubeide/plugins/com.st.stm32cube.ide.mcu.externaltools.gnu-tools-for-stm32.7-2018-q2-update.win32_1.5.0.202011040924/tools/bin/../lib/gcc/arm-none-eabi/7.3.1/thumb/v7e-m/fpv4-sp/hard/crtn.o
                0x000000000800bb3c                . = ALIGN (0x4)
                0x000000000800bb3c                _etext = .

.vfp11_veneer   0x000000000800bb3c        0x0
 .vfp11_veneer  0x000000000800bb3c        0x0 linker stubs

.v4_bx          0x000000000800bb3c        0x0
 .v4_bx         0x000000000800bb3c        0x0 linker stubs

.iplt           0x000000000800bb3c        0x0
 .iplt          0x000000000800bb3c        0x0 c:/st/stm32cubeide_1.5.1/stm32cubeide/plugins/com.st.stm32cube.ide.mcu.externaltools.gnu-tools-for-stm32.7-2018-q2-update.win32_1.5.0.202011040924/tools/bin/../lib/gcc/arm-none-eabi/7.3.1/thumb/v7e-m/fpv4-sp/hard/crtbegin.o

.rodata         0x000000000800bb3c      0x15c
                0x000000000800bb3c                . = ALIGN (0x4)
 *(.rodata)
 .rodata        0x000000000800bb3c       0x10 Drivers/STM32L4xx_HAL_Driver/Src/stm32l4xx_hal_uart_ex.o
 .rodata        0x000000000800bb4c        0x5 Middlewares/Third_Party/FreeRTOS/Source/tasks.o
 *fill*         0x000000000800bb51        0x3 
 .rodata        0x000000000800bb54        0xd Middlewares/Third_Party/FreeRTOS/Source/timers.o
 *fill*         0x000000000800bb61        0x3 
 .rodata        0x000000000800bb64       0x9e Src/main.o
 *(.rodata*)
 *fill*         0x000000000800bc02        0x2 
 .rodata.UARTPrescTable
                0x000000000800bc04       0x18 Drivers/STM32L4xx_HAL_Driver/Src/stm32l4xx_hal_uart.o
                0x000000000800bc04                UARTPrescTable
 .rodata.AHBPrescTable
                0x000000000800bc1c       0x10 Src/system_stm32l4xx.o
                0x000000000800bc1c                AHBPrescTable
 .rodata.APBPrescTable
                0x000000000800bc2c        0x8 Src/system_stm32l4xx.o
                0x000000000800bc2c                APBPrescTable
 .rodata.MSIRangeTable
                0x000000000800bc34       0x30 Src/system_stm32l4xx.o
                0x000000000800bc34                MSIRangeTable
 .rodata._svfprintf_r.str1.1
                0x000000000800bc64       0x11 c:/st/stm32cubeide_1.5.1/stm32cubeide/plugins/com.st.stm32cube.ide.mcu.externaltools.gnu-tools-for-stm32.7-2018-q2-update.win32_1.5.0.202011040924/tools/bin/../lib/gcc/arm-none-eabi/7.3.1/../../../../arm-none-eabi/lib/thumb/v7e-m/fpv4-sp/hard\libc_nano.a(lib_a-nano-svfprintf.o)
 .rodata._printf_i.str1.1
                0x000000000800bc75       0x22 c:/st/stm32cubeide_1.5.1/stm32cubeide/plugins/com.st.stm32cube.ide.mcu.externaltools.gnu-tools-for-stm32.7-2018-q2-update.win32_1.5.0.202011040924/tools/bin/../lib/gcc/arm-none-eabi/7.3.1/../../../../arm-none-eabi/lib/thumb/v7e-m/fpv4-sp/hard\libc_nano.a(lib_a-nano-vfprintf_i.o)
                0x000000000800bc98                . = ALIGN (0x4)
 *fill*         0x000000000800bc97        0x1 

.ARM.extab      0x000000000800bc98        0x0
                0x000000000800bc98                . = ALIGN (0x4)
 *(.ARM.extab* .gnu.linkonce.armextab.*)
                0x000000000800bc98                . = ALIGN (0x4)

.ARM            0x000000000800bc98        0x8
                0x000000000800bc98                . = ALIGN (0x4)
                0x000000000800bc98                __exidx_start = .
 *(.ARM.exidx*)
 .ARM.exidx     0x000000000800bc98        0x8 c:/st/stm32cubeide_1.5.1/stm32cubeide/plugins/com.st.stm32cube.ide.mcu.externaltools.gnu-tools-for-stm32.7-2018-q2-update.win32_1.5.0.202011040924/tools/bin/../lib/gcc/arm-none-eabi/7.3.1/thumb/v7e-m/fpv4-sp/hard\libgcc.a(_udivmoddi4.o)
                0x000000000800bca0                __exidx_end = .
                0x000000000800bca0                . = ALIGN (0x4)

.rel.dyn        0x000000000800bca0        0x0
 .rel.iplt      0x000000000800bca0        0x0 c:/st/stm32cubeide_1.5.1/stm32cubeide/plugins/com.st.stm32cube.ide.mcu.externaltools.gnu-tools-for-stm32.7-2018-q2-update.win32_1.5.0.202011040924/tools/bin/../lib/gcc/arm-none-eabi/7.3.1/thumb/v7e-m/fpv4-sp/hard/crtbegin.o

.preinit_array  0x000000000800bca0        0x0
                0x000000000800bca0                . = ALIGN (0x4)
                0x000000000800bca0                PROVIDE (__preinit_array_start = .)
 *(.preinit_array*)
                0x000000000800bca0                PROVIDE (__preinit_array_end = .)
                0x000000000800bca0                . = ALIGN (0x4)

.init_array     0x000000000800bca0        0x4
                0x000000000800bca0                . = ALIGN (0x4)
                0x000000000800bca0                PROVIDE (__init_array_start = .)
 *(SORT_BY_NAME(.init_array.*))
 *(.init_array*)
 .init_array    0x000000000800bca0        0x4 c:/st/stm32cubeide_1.5.1/stm32cubeide/plugins/com.st.stm32cube.ide.mcu.externaltools.gnu-tools-for-stm32.7-2018-q2-update.win32_1.5.0.202011040924/tools/bin/../lib/gcc/arm-none-eabi/7.3.1/thumb/v7e-m/fpv4-sp/hard/crtbegin.o
                0x000000000800bca4                PROVIDE (__init_array_end = .)
                0x000000000800bca4                . = ALIGN (0x4)

.fini_array     0x000000000800bca4        0x4
                0x000000000800bca4                . = ALIGN (0x4)
                [!provide]                        PROVIDE (__fini_array_start = .)
 *(SORT_BY_NAME(.fini_array.*))
 *(.fini_array*)
 .fini_array    0x000000000800bca4        0x4 c:/st/stm32cubeide_1.5.1/stm32cubeide/plugins/com.st.stm32cube.ide.mcu.externaltools.gnu-tools-for-stm32.7-2018-q2-update.win32_1.5.0.202011040924/tools/bin/../lib/gcc/arm-none-eabi/7.3.1/thumb/v7e-m/fpv4-sp/hard/crtbegin.o
                [!provide]                        PROVIDE (__fini_array_end = .)
                0x000000000800bca8                . = ALIGN (0x4)
                0x000000000800bca8                _sidata = LOADADDR (.data)

.data           0x0000000020000000      0x138 load address 0x000000000800bca8
                0x0000000020000000                . = ALIGN (0x4)
                0x0000000020000000                _sdata = .
 *(.data)
 *(.data*)
 .data.uwTickPrio
                0x0000000020000000        0x4 Drivers/STM32L4xx_HAL_Driver/Src/stm32l4xx_hal.o
                0x0000000020000000                uwTickPrio
 .data.uwTickFreq
                0x0000000020000004        0x1 Drivers/STM32L4xx_HAL_Driver/Src/stm32l4xx_hal.o
                0x0000000020000004                uwTickFreq
 *fill*         0x0000000020000005        0x3 
 .data.uxCriticalNesting
                0x0000000020000008        0x4 Middlewares/Third_Party/FreeRTOS/Source/portable/GCC/ARM_CM4F/port.o
 .data.HTS221_H_Drv
                0x000000002000000c        0xc Src/hts221.o
                0x000000002000000c                HTS221_H_Drv
 .data.HTS221_T_Drv
                0x0000000020000018       0x10 Src/hts221.o
                0x0000000020000018                HTS221_T_Drv
 .data.Lis3mdlMagDrv
                0x0000000020000028       0x34 Src/lis3mdl.o
                0x0000000020000028                Lis3mdlMagDrv
 .data.LPS22HB_P_Drv
                0x000000002000005c        0xc Src/lps22hb.o
                0x000000002000005c                LPS22HB_P_Drv
 .data.Lsm6dslAccDrv
                0x0000000020000068       0x34 Src/lsm6dsl.o
                0x0000000020000068                Lsm6dslAccDrv
 .data.Lsm6dslGyroDrv
                0x000000002000009c       0x34 Src/lsm6dsl.o
                0x000000002000009c                Lsm6dslGyroDrv
 .data.SystemCoreClock
                0x00000000200000d0        0x4 Src/system_stm32l4xx.o
                0x00000000200000d0                SystemCoreClock
 .data._impure_ptr
                0x00000000200000d4        0x4 c:/st/stm32cubeide_1.5.1/stm32cubeide/plugins/com.st.stm32cube.ide.mcu.externaltools.gnu-tools-for-stm32.7-2018-q2-update.win32_1.5.0.202011040924/tools/bin/../lib/gcc/arm-none-eabi/7.3.1/../../../../arm-none-eabi/lib/thumb/v7e-m/fpv4-sp/hard\libc_nano.a(lib_a-impure.o)
                0x00000000200000d4                _impure_ptr
 .data.impure_data
                0x00000000200000d8       0x60 c:/st/stm32cubeide_1.5.1/stm32cubeide/plugins/com.st.stm32cube.ide.mcu.externaltools.gnu-tools-for-stm32.7-2018-q2-update.win32_1.5.0.202011040924/tools/bin/../lib/gcc/arm-none-eabi/7.3.1/../../../../arm-none-eabi/lib/thumb/v7e-m/fpv4-sp/hard\libc_nano.a(lib_a-impure.o)
                0x0000000020000138                . = ALIGN (0x4)
                0x0000000020000138                _edata = .

.igot.plt       0x0000000020000138        0x0 load address 0x000000000800bde0
 .igot.plt      0x0000000020000138        0x0 c:/st/stm32cubeide_1.5.1/stm32cubeide/plugins/com.st.stm32cube.ide.mcu.externaltools.gnu-tools-for-stm32.7-2018-q2-update.win32_1.5.0.202011040924/tools/bin/../lib/gcc/arm-none-eabi/7.3.1/thumb/v7e-m/fpv4-sp/hard/crtbegin.o
                0x0000000020000138                . = ALIGN (0x4)

.bss            0x0000000020000138     0x18e8 load address 0x000000000800bde0
                0x0000000020000138                _sbss = .
                0x0000000020000138                __bss_start__ = _sbss
 *(.bss)
 .bss           0x0000000020000138       0x1c c:/st/stm32cubeide_1.5.1/stm32cubeide/plugins/com.st.stm32cube.ide.mcu.externaltools.gnu-tools-for-stm32.7-2018-q2-update.win32_1.5.0.202011040924/tools/bin/../lib/gcc/arm-none-eabi/7.3.1/thumb/v7e-m/fpv4-sp/hard/crtbegin.o
 *(.bss*)
 .bss.pxCurrentTCB
                0x0000000020000154        0x4 Middlewares/Third_Party/FreeRTOS/Source/tasks.o
                0x0000000020000154                pxCurrentTCB
 .bss.pxReadyTasksLists
                0x0000000020000158       0x8c Middlewares/Third_Party/FreeRTOS/Source/tasks.o
 .bss.xDelayedTaskList1
                0x00000000200001e4       0x14 Middlewares/Third_Party/FreeRTOS/Source/tasks.o
 .bss.xDelayedTaskList2
                0x00000000200001f8       0x14 Middlewares/Third_Party/FreeRTOS/Source/tasks.o
 .bss.pxDelayedTaskList
                0x000000002000020c        0x4 Middlewares/Third_Party/FreeRTOS/Source/tasks.o
 .bss.pxOverflowDelayedTaskList
                0x0000000020000210        0x4 Middlewares/Third_Party/FreeRTOS/Source/tasks.o
 .bss.xPendingReadyList
                0x0000000020000214       0x14 Middlewares/Third_Party/FreeRTOS/Source/tasks.o
 .bss.xTasksWaitingTermination
                0x0000000020000228       0x14 Middlewares/Third_Party/FreeRTOS/Source/tasks.o
 .bss.uxDeletedTasksWaitingCleanUp
                0x000000002000023c        0x4 Middlewares/Third_Party/FreeRTOS/Source/tasks.o
 .bss.xSuspendedTaskList
                0x0000000020000240       0x14 Middlewares/Third_Party/FreeRTOS/Source/tasks.o
 .bss.uxCurrentNumberOfTasks
                0x0000000020000254        0x4 Middlewares/Third_Party/FreeRTOS/Source/tasks.o
 .bss.xTickCount
                0x0000000020000258        0x4 Middlewares/Third_Party/FreeRTOS/Source/tasks.o
 .bss.uxTopReadyPriority
                0x000000002000025c        0x4 Middlewares/Third_Party/FreeRTOS/Source/tasks.o
 .bss.xSchedulerRunning
                0x0000000020000260        0x4 Middlewares/Third_Party/FreeRTOS/Source/tasks.o
 .bss.uxPendedTicks
                0x0000000020000264        0x4 Middlewares/Third_Party/FreeRTOS/Source/tasks.o
 .bss.xYieldPending
                0x0000000020000268        0x4 Middlewares/Third_Party/FreeRTOS/Source/tasks.o
 .bss.xNumOfOverflows
                0x000000002000026c        0x4 Middlewares/Third_Party/FreeRTOS/Source/tasks.o
 .bss.uxTaskNumber
                0x0000000020000270        0x4 Middlewares/Third_Party/FreeRTOS/Source/tasks.o
 .bss.xNextTaskUnblockTime
                0x0000000020000274        0x4 Middlewares/Third_Party/FreeRTOS/Source/tasks.o
 .bss.xIdleTaskHandle
                0x0000000020000278        0x4 Middlewares/Third_Party/FreeRTOS/Source/tasks.o
 .bss.uxSchedulerSuspended
                0x000000002000027c        0x4 Middlewares/Third_Party/FreeRTOS/Source/tasks.o
 .bss.xActiveTimerList1
                0x0000000020000280       0x14 Middlewares/Third_Party/FreeRTOS/Source/timers.o
 .bss.xActiveTimerList2
                0x0000000020000294       0x14 Middlewares/Third_Party/FreeRTOS/Source/timers.o
 .bss.pxCurrentTimerList
                0x00000000200002a8        0x4 Middlewares/Third_Party/FreeRTOS/Source/timers.o
 .bss.pxOverflowTimerList
                0x00000000200002ac        0x4 Middlewares/Third_Party/FreeRTOS/Source/timers.o
 .bss.xTimerQueue
                0x00000000200002b0        0x4 Middlewares/Third_Party/FreeRTOS/Source/timers.o
 .bss.xTimerTaskHandle
                0x00000000200002b4        0x4 Middlewares/Third_Party/FreeRTOS/Source/timers.o
 .bss.xLastTime.6732
                0x00000000200002b8        0x4 Middlewares/Third_Party/FreeRTOS/Source/timers.o
 .bss.ucStaticTimerQueueStorage.6781
                0x00000000200002bc       0x78 Middlewares/Third_Party/FreeRTOS/Source/timers.o
 .bss.xStaticTimerQueue.6780
                0x0000000020000334       0x48 Middlewares/Third_Party/FreeRTOS/Source/timers.o
 .bss.ucMaxSysCallPriority
                0x000000002000037c        0x1 Middlewares/Third_Party/FreeRTOS/Source/portable/GCC/ARM_CM4F/port.o
 *fill*         0x000000002000037d        0x3 
 .bss.ulMaxPRIGROUPValue
                0x0000000020000380        0x4 Middlewares/Third_Party/FreeRTOS/Source/portable/GCC/ARM_CM4F/port.o
 .bss.ucHeap    0x0000000020000384      0xbb8 Middlewares/Third_Party/FreeRTOS/Source/portable/MemMang/heap_4.o
 .bss.xStart    0x0000000020000f3c        0x8 Middlewares/Third_Party/FreeRTOS/Source/portable/MemMang/heap_4.o
 .bss.pxEnd     0x0000000020000f44        0x4 Middlewares/Third_Party/FreeRTOS/Source/portable/MemMang/heap_4.o
 .bss.xFreeBytesRemaining
                0x0000000020000f48        0x4 Middlewares/Third_Party/FreeRTOS/Source/portable/MemMang/heap_4.o
 .bss.xMinimumEverFreeBytesRemaining
                0x0000000020000f4c        0x4 Middlewares/Third_Party/FreeRTOS/Source/portable/MemMang/heap_4.o
 .bss.xBlockAllocatedBit
                0x0000000020000f50        0x4 Middlewares/Third_Party/FreeRTOS/Source/portable/MemMang/heap_4.o
 .bss.xIdleTaskTCBBuffer
                0x0000000020000f54       0x54 Src/freertos.o
 .bss.xIdleStack
                0x0000000020000fa8      0x200 Src/freertos.o
 .bss.xTimerTaskTCBBuffer
                0x00000000200011a8       0x54 Src/freertos.o
 .bss.xTimerStack
                0x00000000200011fc      0x400 Src/freertos.o
 .bss.mode      0x00000000200015fc        0x4 Src/main.o
                0x00000000200015fc                mode
 .bss.AccelerometerDrv
                0x0000000020001600        0x4 Src/stm32l4s5i_iot01_accelero.o
 .bss.GyroscopeDrv
                0x0000000020001604        0x4 Src/stm32l4s5i_iot01_gyro.o
 .bss.Hsensor_drv
                0x0000000020001608        0x4 Src/stm32l4s5i_iot01_hsensor.o
 .bss.MagnetoDrv
                0x000000002000160c        0x4 Src/stm32l4s5i_iot01_magneto.o
 .bss.Psensor_drv
                0x0000000020001610        0x4 Src/stm32l4s5i_iot01_psensor.o
 .bss.tsensor_drv
                0x0000000020001614        0x4 Src/stm32l4s5i_iot01_tsensor.o
 .bss.__sbrk_heap_end
                0x0000000020001618        0x4 Src/sysmem.o
 .bss.__malloc_free_list
                0x000000002000161c        0x4 c:/st/stm32cubeide_1.5.1/stm32cubeide/plugins/com.st.stm32cube.ide.mcu.externaltools.gnu-tools-for-stm32.7-2018-q2-update.win32_1.5.0.202011040924/tools/bin/../lib/gcc/arm-none-eabi/7.3.1/../../../../arm-none-eabi/lib/thumb/v7e-m/fpv4-sp/hard\libc_nano.a(lib_a-nano-mallocr.o)
                0x000000002000161c                __malloc_free_list
 .bss.__malloc_sbrk_start
                0x0000000020001620        0x4 c:/st/stm32cubeide_1.5.1/stm32cubeide/plugins/com.st.stm32cube.ide.mcu.externaltools.gnu-tools-for-stm32.7-2018-q2-update.win32_1.5.0.202011040924/tools/bin/../lib/gcc/arm-none-eabi/7.3.1/../../../../arm-none-eabi/lib/thumb/v7e-m/fpv4-sp/hard\libc_nano.a(lib_a-nano-mallocr.o)
                0x0000000020001620                __malloc_sbrk_start
 *(COMMON)
 COMMON         0x0000000020001624        0x4 Drivers/STM32L4xx_HAL_Driver/Src/stm32l4xx_hal.o
                0x0000000020001624                uwTick
 COMMON         0x0000000020001628       0x40 Middlewares/Third_Party/FreeRTOS/Source/queue.o
                0x0000000020001628                xQueueRegistry
 COMMON         0x0000000020001668      0x290 Src/main.o
                0x0000000020001668                hdac1
                0x000000002000167c                hi2c2
                0x00000000200016c8                hdma_dac1_ch1
                0x0000000020001728                temperature
                0x000000002000172c                pressure
                0x0000000020001730                hadc1
                0x0000000020001798                gyro
                0x00000000200017a4                transmitHandle
                0x00000000200017a8                huart1
                0x0000000020001834                buffer
                0x0000000020001898                measureHandle
                0x000000002000189c                htim2
                0x00000000200018e8                listenHandle
                0x00000000200018ec                acceleration
                0x00000000200018f4                consoleMutexHandle
 COMMON         0x00000000200018f8       0xd8 Src/stm32l4s5i_iot01.o
                0x00000000200018f8                hDiscoUart
                0x0000000020001984                hI2cHandler
 COMMON         0x00000000200019d0       0x4c Src/stm32l4xx_hal_timebase_tim.o
                0x00000000200019d0                htim6
 COMMON         0x0000000020001a1c        0x4 c:/st/stm32cubeide_1.5.1/stm32cubeide/plugins/com.st.stm32cube.ide.mcu.externaltools.gnu-tools-for-stm32.7-2018-q2-update.win32_1.5.0.202011040924/tools/bin/../lib/gcc/arm-none-eabi/7.3.1/../../../../arm-none-eabi/lib/thumb/v7e-m/fpv4-sp/hard\libc_nano.a(lib_a-reent.o)
                0x0000000020001a1c                errno
                0x0000000020001a20                . = ALIGN (0x4)
                0x0000000020001a20                _ebss = .
                0x0000000020001a20                __bss_end__ = _ebss

._user_heap_stack
                0x0000000020001a20      0x600 load address 0x000000000800bde0
                0x0000000020001a20                . = ALIGN (0x8)
                [!provide]                        PROVIDE (end = .)
                0x0000000020001a20                PROVIDE (_end = .)
                0x0000000020001c20                . = (. + _Min_Heap_Size)
 *fill*         0x0000000020001a20      0x200 
                0x0000000020002020                . = (. + _Min_Stack_Size)
 *fill*         0x0000000020001c20      0x400 
                0x0000000020002020                . = ALIGN (0x8)

/DISCARD/
 libc.a(*)
 libm.a(*)
 libgcc.a(*)

.ARM.attributes
                0x0000000000000000       0x30
 *(.ARM.attributes)
 .ARM.attributes
                0x0000000000000000       0x22 c:/st/stm32cubeide_1.5.1/stm32cubeide/plugins/com.st.stm32cube.ide.mcu.externaltools.gnu-tools-for-stm32.7-2018-q2-update.win32_1.5.0.202011040924/tools/bin/../lib/gcc/arm-none-eabi/7.3.1/thumb/v7e-m/fpv4-sp/hard/crti.o
 .ARM.attributes
                0x0000000000000022       0x34 c:/st/stm32cubeide_1.5.1/stm32cubeide/plugins/com.st.stm32cube.ide.mcu.externaltools.gnu-tools-for-stm32.7-2018-q2-update.win32_1.5.0.202011040924/tools/bin/../lib/gcc/arm-none-eabi/7.3.1/thumb/v7e-m/fpv4-sp/hard/crtbegin.o
 .ARM.attributes
                0x0000000000000056       0x39 Drivers/STM32L4xx_HAL_Driver/Src/stm32l4xx_hal.o
 .ARM.attributes
                0x000000000000008f       0x39 Drivers/STM32L4xx_HAL_Driver/Src/stm32l4xx_hal_adc.o
 .ARM.attributes
                0x00000000000000c8       0x39 Drivers/STM32L4xx_HAL_Driver/Src/stm32l4xx_hal_cortex.o
 .ARM.attributes
                0x0000000000000101       0x39 Drivers/STM32L4xx_HAL_Driver/Src/stm32l4xx_hal_dac.o
 .ARM.attributes
                0x000000000000013a       0x39 Drivers/STM32L4xx_HAL_Driver/Src/stm32l4xx_hal_dac_ex.o
 .ARM.attributes
                0x0000000000000173       0x39 Drivers/STM32L4xx_HAL_Driver/Src/stm32l4xx_hal_dma.o
 .ARM.attributes
                0x00000000000001ac       0x39 Drivers/STM32L4xx_HAL_Driver/Src/stm32l4xx_hal_gpio.o
 .ARM.attributes
                0x00000000000001e5       0x39 Drivers/STM32L4xx_HAL_Driver/Src/stm32l4xx_hal_i2c.o
 .ARM.attributes
                0x000000000000021e       0x39 Drivers/STM32L4xx_HAL_Driver/Src/stm32l4xx_hal_i2c_ex.o
 .ARM.attributes
                0x0000000000000257       0x39 Drivers/STM32L4xx_HAL_Driver/Src/stm32l4xx_hal_pwr_ex.o
 .ARM.attributes
                0x0000000000000290       0x39 Drivers/STM32L4xx_HAL_Driver/Src/stm32l4xx_hal_rcc.o
 .ARM.attributes
                0x00000000000002c9       0x39 Drivers/STM32L4xx_HAL_Driver/Src/stm32l4xx_hal_rcc_ex.o
 .ARM.attributes
                0x0000000000000302       0x39 Drivers/STM32L4xx_HAL_Driver/Src/stm32l4xx_hal_tim.o
 .ARM.attributes
                0x000000000000033b       0x39 Drivers/STM32L4xx_HAL_Driver/Src/stm32l4xx_hal_tim_ex.o
 .ARM.attributes
                0x0000000000000374       0x39 Drivers/STM32L4xx_HAL_Driver/Src/stm32l4xx_hal_uart.o
 .ARM.attributes
                0x00000000000003ad       0x39 Drivers/STM32L4xx_HAL_Driver/Src/stm32l4xx_hal_uart_ex.o
 .ARM.attributes
                0x00000000000003e6       0x39 Middlewares/Third_Party/FreeRTOS/Source/CMSIS_RTOS/cmsis_os.o
 .ARM.attributes
                0x000000000000041f       0x39 Middlewares/Third_Party/FreeRTOS/Source/list.o
 .ARM.attributes
                0x0000000000000458       0x39 Middlewares/Third_Party/FreeRTOS/Source/queue.o
 .ARM.attributes
                0x0000000000000491       0x39 Middlewares/Third_Party/FreeRTOS/Source/tasks.o
 .ARM.attributes
                0x00000000000004ca       0x39 Middlewares/Third_Party/FreeRTOS/Source/timers.o
 .ARM.attributes
                0x0000000000000503       0x39 Middlewares/Third_Party/FreeRTOS/Source/portable/GCC/ARM_CM4F/port.o
 .ARM.attributes
                0x000000000000053c       0x39 Middlewares/Third_Party/FreeRTOS/Source/portable/MemMang/heap_4.o
 .ARM.attributes
                0x0000000000000575       0x39 Src/freertos.o
 .ARM.attributes
                0x00000000000005ae       0x39 Src/hts221.o
 .ARM.attributes
                0x00000000000005e7       0x39 Src/lis3mdl.o
 .ARM.attributes
                0x0000000000000620       0x39 Src/lps22hb.o
 .ARM.attributes
                0x0000000000000659       0x39 Src/lsm6dsl.o
 .ARM.attributes
                0x0000000000000692       0x39 Src/main.o
 .ARM.attributes
                0x00000000000006cb       0x39 Src/stm32l4s5i_iot01.o
 .ARM.attributes
                0x0000000000000704       0x39 Src/stm32l4s5i_iot01_accelero.o
 .ARM.attributes
                0x000000000000073d       0x39 Src/stm32l4s5i_iot01_gyro.o
 .ARM.attributes
                0x0000000000000776       0x39 Src/stm32l4s5i_iot01_hsensor.o
 .ARM.attributes
                0x00000000000007af       0x39 Src/stm32l4s5i_iot01_magneto.o
 .ARM.attributes
                0x00000000000007e8       0x39 Src/stm32l4s5i_iot01_psensor.o
 .ARM.attributes
                0x0000000000000821       0x39 Src/stm32l4s5i_iot01_tsensor.o
 .ARM.attributes
                0x000000000000085a       0x39 Src/stm32l4xx_hal_msp.o
 .ARM.attributes
                0x0000000000000893       0x39 Src/stm32l4xx_hal_timebase_tim.o
 .ARM.attributes
                0x00000000000008cc       0x39 Src/stm32l4xx_it.o
 .ARM.attributes
                0x0000000000000905       0x39 Src/sysmem.o
 .ARM.attributes
                0x000000000000093e       0x39 Src/system_stm32l4xx.o
 .ARM.attributes
                0x0000000000000977       0x21 Startup/startup_stm32l4s5vitx.o
 .ARM.attributes
                0x0000000000000998       0x34 c:/st/stm32cubeide_1.5.1/stm32cubeide/plugins/com.st.stm32cube.ide.mcu.externaltools.gnu-tools-for-stm32.7-2018-q2-update.win32_1.5.0.202011040924/tools/bin/../lib/gcc/arm-none-eabi/7.3.1/../../../../arm-none-eabi/lib/thumb/v7e-m/fpv4-sp/hard\libc_nano.a(lib_a-errno.o)
 .ARM.attributes
                0x00000000000009cc       0x34 c:/st/stm32cubeide_1.5.1/stm32cubeide/plugins/com.st.stm32cube.ide.mcu.externaltools.gnu-tools-for-stm32.7-2018-q2-update.win32_1.5.0.202011040924/tools/bin/../lib/gcc/arm-none-eabi/7.3.1/../../../../arm-none-eabi/lib/thumb/v7e-m/fpv4-sp/hard\libc_nano.a(lib_a-impure.o)
 .ARM.attributes
                0x0000000000000a00       0x34 c:/st/stm32cubeide_1.5.1/stm32cubeide/plugins/com.st.stm32cube.ide.mcu.externaltools.gnu-tools-for-stm32.7-2018-q2-update.win32_1.5.0.202011040924/tools/bin/../lib/gcc/arm-none-eabi/7.3.1/../../../../arm-none-eabi/lib/thumb/v7e-m/fpv4-sp/hard\libc_nano.a(lib_a-init.o)
 .ARM.attributes