Archive member included to satisfy reference by file (symbol)

D:\202101\ECSE444\IdealGasSimulator\IdealGasSimulator\Lib\libarm_cortexM4lf_math.a(arm_sin_f32.o)
                              Src/main.o (arm_sin_f32)
D:\202101\ECSE444\IdealGasSimulator\IdealGasSimulator\Lib\libarm_cortexM4lf_math.a(arm_common_tables.o)
                              D:\202101\ECSE444\IdealGasSimulator\IdealGasSimulator\Lib\libarm_cortexM4lf_math.a(arm_sin_f32.o) (sinTable_f32)
c:/st/stm32cubeide_1.5.1/stm32cubeide/plugins/com.st.stm32cube.ide.mcu.externaltools.gnu-tools-for-stm32.7-2018-q2-update.win32_1.5.0.202011040924/tools/bin/../lib/gcc/arm-none-eabi/7.3.1/../../../../arm-none-eabi/lib/thumb/v7e-m/fpv4-sp/hard\libc_nano.a(lib_a-errno.o)
                              Src/syscalls.o (__errno)
c:/st/stm32cubeide_1.5.1/stm32cubeide/plugins/com.st.stm32cube.ide.mcu.externaltools.gnu-tools-for-stm32.7-2018-q2-update.win32_1.5.0.202011040924/tools/bin/../lib/gcc/arm-none-eabi/7.3.1/../../../../arm-none-eabi/lib/thumb/v7e-m/fpv4-sp/hard\libc_nano.a(lib_a-exit.o)
                              c:/st/stm32cubeide_1.5.1/stm32cubeide/plugins/com.st.stm32cube.ide.mcu.externaltools.gnu-tools-for-stm32.7-2018-q2-update.win32_1.5.0.202011040924/tools/bin/../lib/gcc/arm-none-eabi/7.3.1/../../../../arm-none-eabi/lib/thumb/v7e-m/fpv4-sp/hard/crt0.o (exit)
c:/st/stm32cubeide_1.5.1/stm32cubeide/plugins/com.st.stm32cube.ide.mcu.externaltools.gnu-tools-for-stm32.7-2018-q2-update.win32_1.5.0.202011040924/tools/bin/../lib/gcc/arm-none-eabi/7.3.1/../../../../arm-none-eabi/lib/thumb/v7e-m/fpv4-sp/hard\libc_nano.a(lib_a-impure.o)
                              c:/st/stm32cubeide_1.5.1/stm32cubeide/plugins/com.st.stm32cube.ide.mcu.externaltools.gnu-tools-for-stm32.7-2018-q2-update.win32_1.5.0.202011040924/tools/bin/../lib/gcc/arm-none-eabi/7.3.1/../../../../arm-none-eabi/lib/thumb/v7e-m/fpv4-sp/hard\libc_nano.a(lib_a-exit.o) (_global_impure_ptr)
c:/st/stm32cubeide_1.5.1/stm32cubeide/plugins/com.st.stm32cube.ide.mcu.externaltools.gnu-tools-for-stm32.7-2018-q2-update.win32_1.5.0.202011040924/tools/bin/../lib/gcc/arm-none-eabi/7.3.1/../../../../arm-none-eabi/lib/thumb/v7e-m/fpv4-sp/hard\libc_nano.a(lib_a-init.o)
                              c:/st/stm32cubeide_1.5.1/stm32cubeide/plugins/com.st.stm32cube.ide.mcu.externaltools.gnu-tools-for-stm32.7-2018-q2-update.win32_1.5.0.202011040924/tools/bin/../lib/gcc/arm-none-eabi/7.3.1/../../../../arm-none-eabi/lib/thumb/v7e-m/fpv4-sp/hard/crt0.o (__libc_init_array)
c:/st/stm32cubeide_1.5.1/stm32cubeide/plugins/com.st.stm32cube.ide.mcu.externaltools.gnu-tools-for-stm32.7-2018-q2-update.win32_1.5.0.202011040924/tools/bin/../lib/gcc/arm-none-eabi/7.3.1/../../../../arm-none-eabi/lib/thumb/v7e-m/fpv4-sp/hard\libc_nano.a(lib_a-memcpy-stub.o)
                              Middlewares/Third_Party/FreeRTOS/Source/queue.o (memcpy)
c:/st/stm32cubeide_1.5.1/stm32cubeide/plugins/com.st.stm32cube.ide.mcu.externaltools.gnu-tools-for-stm32.7-2018-q2-update.win32_1.5.0.202011040924/tools/bin/../lib/gcc/arm-none-eabi/7.3.1/../../../../arm-none-eabi/lib/thumb/v7e-m/fpv4-sp/hard\libc_nano.a(lib_a-memset.o)
                              c:/st/stm32cubeide_1.5.1/stm32cubeide/plugins/com.st.stm32cube.ide.mcu.externaltools.gnu-tools-for-stm32.7-2018-q2-update.win32_1.5.0.202011040924/tools/bin/../lib/gcc/arm-none-eabi/7.3.1/../../../../arm-none-eabi/lib/thumb/v7e-m/fpv4-sp/hard/crt0.o (memset)
c:/st/stm32cubeide_1.5.1/stm32cubeide/plugins/com.st.stm32cube.ide.mcu.externaltools.gnu-tools-for-stm32.7-2018-q2-update.win32_1.5.0.202011040924/tools/bin/../lib/gcc/arm-none-eabi/7.3.1/../../../../arm-none-eabi/lib/thumb/v7e-m/fpv4-sp/hard\libc_nano.a(lib_a-sprintf.o)
                              Src/main.o (sprintf)
c:/st/stm32cubeide_1.5.1/stm32cubeide/plugins/com.st.stm32cube.ide.mcu.externaltools.gnu-tools-for-stm32.7-2018-q2-update.win32_1.5.0.202011040924/tools/bin/../lib/gcc/arm-none-eabi/7.3.1/../../../../arm-none-eabi/lib/thumb/v7e-m/fpv4-sp/hard\libc_nano.a(lib_a-strlen.o)
                              Src/main.o (strlen)
c:/st/stm32cubeide_1.5.1/stm32cubeide/plugins/com.st.stm32cube.ide.mcu.externaltools.gnu-tools-for-stm32.7-2018-q2-update.win32_1.5.0.202011040924/tools/bin/../lib/gcc/arm-none-eabi/7.3.1/../../../../arm-none-eabi/lib/thumb/v7e-m/fpv4-sp/hard\libc_nano.a(lib_a-nano-svfprintf.o)
                              c:/st/stm32cubeide_1.5.1/stm32cubeide/plugins/com.st.stm32cube.ide.mcu.externaltools.gnu-tools-for-stm32.7-2018-q2-update.win32_1.5.0.202011040924/tools/bin/../lib/gcc/arm-none-eabi/7.3.1/../../../../arm-none-eabi/lib/thumb/v7e-m/fpv4-sp/hard\libc_nano.a(lib_a-sprintf.o) (_svfprintf_r)
c:/st/stm32cubeide_1.5.1/stm32cubeide/plugins/com.st.stm32cube.ide.mcu.externaltools.gnu-tools-for-stm32.7-2018-q2-update.win32_1.5.0.202011040924/tools/bin/../lib/gcc/arm-none-eabi/7.3.1/../../../../arm-none-eabi/lib/thumb/v7e-m/fpv4-sp/hard\libc_nano.a(lib_a-nano-vfprintf_i.o)
[...]
Memory Configuration

Name             Origin             Length             Attributes
RAM              0x0000000020000000 0x00000000000a0000 xrw
FLASH            0x0000000008000000 0x0000000000200000 xr
*default*        0x0000000000000000 0xffffffffffffffff

Linker script and memory map

LOAD c:/st/stm32cubeide_1.5.1/stm32cubeide/plugins/com.st.stm32cube.ide.mcu.externaltools.gnu-tools-for-stm32.7-2018-q2-update.win32_1.5.0.202011040924/tools/bin/../lib/gcc/arm-none-eabi/7.3.1/thumb/v7e-m/fpv4-sp/hard/crti.o
LOAD c:/st/stm32cubeide_1.5.1/stm32cubeide/plugins/com.st.stm32cube.ide.mcu.externaltools.gnu-tools-for-stm32.7-2018-q2-update.win32_1.5.0.202011040924/tools/bin/../lib/gcc/arm-none-eabi/7.3.1/thumb/v7e-m/fpv4-sp/hard/crtbegin.o
LOAD c:/st/stm32cubeide_1.5.1/stm32cubeide/plugins/com.st.stm32cube.ide.mcu.externaltools.gnu-tools-for-stm32.7-2018-q2-update.win32_1.5.0.202011040924/tools/bin/../lib/gcc/arm-none-eabi/7.3.1/../../../../arm-none-eabi/lib/thumb/v7e-m/fpv4-sp/hard/crt0.o
LOAD Drivers/STM32L4xx_HAL_Driver/Src/stm32l4xx_hal.o
LOAD Drivers/STM32L4xx_HAL_Driver/Src/stm32l4xx_hal_adc.o
LOAD Drivers/STM32L4xx_HAL_Driver/Src/stm32l4xx_hal_adc_ex.o
LOAD Drivers/STM32L4xx_HAL_Driver/Src/stm32l4xx_hal_cortex.o
LOAD Drivers/STM32L4xx_HAL_Driver/Src/stm32l4xx_hal_dac.o
LOAD Drivers/STM32L4xx_HAL_Driver/Src/stm32l4xx_hal_dac_ex.o
LOAD Drivers/STM32L4xx_HAL_Driver/Src/stm32l4xx_hal_dma.o
LOAD Drivers/STM32L4xx_HAL_Driver/Src/stm32l4xx_hal_dma_ex.o
LOAD Drivers/STM32L4xx_HAL_Driver/Src/stm32l4xx_hal_exti.o
LOAD Drivers/STM32L4xx_HAL_Driver/Src/stm32l4xx_hal_flash.o
LOAD Drivers/STM32L4xx_HAL_Driver/Src/stm32l4xx_hal_flash_ex.o
LOAD Drivers/STM32L4xx_HAL_Driver/Src/stm32l4xx_hal_flash_ramfunc.o
LOAD Drivers/STM32L4xx_HAL_Driver/Src/stm32l4xx_hal_gpio.o
LOAD Drivers/STM32L4xx_HAL_Driver/Src/stm32l4xx_hal_i2c.o
LOAD Drivers/STM32L4xx_HAL_Driver/Src/stm32l4xx_hal_i2c_ex.o
LOAD Drivers/STM32L4xx_HAL_Driver/Src/stm32l4xx_hal_pwr.o
LOAD Drivers/STM32L4xx_HAL_Driver/Src/stm32l4xx_hal_pwr_ex.o
LOAD Drivers/STM32L4xx_HAL_Driver/Src/stm32l4xx_hal_rcc.o
LOAD Drivers/STM32L4xx_HAL_Driver/Src/stm32l4xx_hal_rcc_ex.o
LOAD Drivers/STM32L4xx_HAL_Driver/Src/stm32l4xx_hal_tim.o
LOAD Drivers/STM32L4xx_HAL_Driver/Src/stm32l4xx_hal_tim_ex.o
LOAD Drivers/STM32L4xx_HAL_Driver/Src/stm32l4xx_hal_uart.o
LOAD Drivers/STM32L4xx_HAL_Driver/Src/stm32l4xx_hal_uart_ex.o
LOAD Middlewares/Third_Party/FreeRTOS/Source/CMSIS_RTOS/cmsis_os.o
LOAD Middlewares/Third_Party/FreeRTOS/Source/croutine.o
LOAD Middlewares/Third_Party/FreeRTOS/Source/event_groups.o
LOAD Middlewares/Third_Party/FreeRTOS/Source/list.o
LOAD Middlewares/Third_Party/FreeRTOS/Source/queue.o
LOAD Middlewares/Third_Party/FreeRTOS/Source/stream_buffer.o
LOAD Middlewares/Third_Party/FreeRTOS/Source/tasks.o
LOAD Middlewares/Third_Party/FreeRTOS/Source/timers.o
LOAD Middlewares/Third_Party/FreeRTOS/Source/portable/GCC/ARM_CM4F/port.o
LOAD Middlewares/Third_Party/FreeRTOS/Source/portable/MemMang/heap_4.o
LOAD Src/freertos.o
LOAD Src/hts221.o
LOAD Src/kalmanFilterA.o
LOAD Src/lis3mdl.o
LOAD Src/lps22hb.o
LOAD Src/lsm6dsl.o
LOAD Src/main.o
LOAD Src/stm32l4s5i_iot01.o
LOAD Src/stm32l4s5i_iot01_accelero.o
LOAD Src/stm32l4s5i_iot01_gyro.o
LOAD Src/stm32l4s5i_iot01_hsensor.o
LOAD Src/stm32l4s5i_iot01_magneto.o
LOAD Src/stm32l4s5i_iot01_nfctag.o
LOAD Src/stm32l4s5i_iot01_psensor.o
LOAD Src/stm32l4s5i_iot01_tsensor.o
LOAD Src/stm32l4xx_hal_msp.o
LOAD Src/stm32l4xx_hal_timebase_tim.o
LOAD Src/stm32l4xx_it.o
LOAD Src/syscalls.o
LOAD Src/sysmem.o
LOAD Src/system_stm32l4xx.o
LOAD Startup/startup_stm32l4s5vitx.o
LOAD D:\202101\ECSE444\IdealGasSimulator\IdealGasSimulator\Lib\libarm_cortexM4lf_math.a
START GROUP
LOAD c:/st/stm32cubeide_1.5.1/stm32cubeide/plugins/com.st.stm32cube.ide.mcu.externaltools.gnu-tools-for-stm32.7-2018-q2-update.win32_1.5.0.202011040924/tools/bin/../lib/gcc/arm-none-eabi/7.3.1/../../../../arm-none-eabi/lib/thumb/v7e-m/fpv4-sp/hard\libc_nano.a
LOAD c:/st/stm32cubeide_1.5.1/stm32cubeide/plugins/com.st.stm32cube.ide.mcu.externaltools.gnu-tools-for-stm32.7-2018-q2-update.win32_1.5.0.202011040924/tools/bin/../lib/gcc/arm-none-eabi/7.3.1/../../../../arm-none-eabi/lib/thumb/v7e-m/fpv4-sp/hard\libm.a
END GROUP
START GROUP
LOAD c:/st/stm32cubeide_1.5.1/stm32cubeide/plugins/com.st.stm32cube.ide.mcu.externaltools.gnu-tools-for-stm32.7-2018-q2-update.win32_1.5.0.202011040924/tools/bin/../lib/gcc/arm-none-eabi/7.3.1/thumb/v7e-m/fpv4-sp/hard\libgcc.a
LOAD c:/st/stm32cubeide_1.5.1/stm32cubeide/plugins/com.st.stm32cube.ide.mcu.externaltools.gnu-tools-for-stm32.7-2018-q2-update.win32_1.5.0.202011040924/tools/bin/../lib/gcc/arm-none-eabi/7.3.1/../../../../arm-none-eabi/lib/thumb/v7e-m/fpv4-sp/hard\libc_nano.a
END GROUP
START GROUP
LOAD c:/st/stm32cubeide_1.5.1/stm32cubeide/plugins/com.st.stm32cube.ide.mcu.externaltools.gnu-tools-for-stm32.7-2018-q2-update.win32_1.5.0.202011040924/tools/bin/../lib/gcc/arm-none-eabi/7.3.1/thumb/v7e-m/fpv4-sp/hard\libgcc.a
LOAD c:/st/stm32cubeide_1.5.1/stm32cubeide/plugins/com.st.stm32cube.ide.mcu.externaltools.gnu-tools-for-stm32.7-2018-q2-update.win32_1.5.0.202011040924/tools/bin/../lib/gcc/arm-none-eabi/7.3.1/../../../../arm-none-eabi/lib/thumb/v7e-m/fpv4-sp/hard\libc_nano.a
LOAD c:/st/stm32cubeide_1.5.1/stm32cubeide/plugins/com.st.stm32cube.ide.mcu.externaltools.gnu-tools-for-stm32.7-2018-q2-update.win32_1.5.0.202011040924/tools/bin/../lib/gcc/arm-none-eabi/7.3.1/../../../../arm-none-eabi/lib/thumb/v7e-m/fpv4-sp/hard\libnosys.a
END GROUP
START GROUP
LOAD c:/st/stm32cubeide_1.5.1/stm32cubeide/plugins/com.st.stm32cube.ide.mcu.externaltools.gnu-tools-for-stm32.7-2018-q2-update.win32_1.5.0.202011040924/tools/bin/../lib/gcc/arm-none-eabi/7.3.1/thumb/v7e-m/fpv4-sp/hard\libgcc.a
LOAD c:/st/stm32cubeide_1.5.1/stm32cubeide/plugins/com.st.stm32cube.ide.mcu.externaltools.gnu-tools-for-stm32.7-2018-q2-update.win32_1.5.0.202011040924/tools/bin/../lib/gcc/arm-none-eabi/7.3.1/../../../../arm-none-eabi/lib/thumb/v7e-m/fpv4-sp/hard\libc_nano.a
LOAD c:/st/stm32cubeide_1.5.1/stm32cubeide/plugins/com.st.stm32cube.ide.mcu.externaltools.gnu-tools-for-stm32.7-2018-q2-update.win32_1.5.0.202011040924/tools/bin/../lib/gcc/arm-none-eabi/7.3.1/../../../../arm-none-eabi/lib/thumb/v7e-m/fpv4-sp/hard\libnosys.a
END GROUP
LOAD c:/st/stm32cubeide_1.5.1/stm32cubeide/plugins/com.st.stm32cube.ide.mcu.externaltools.gnu-tools-for-stm32.7-2018-q2-update.win32_1.5.0.202011040924/tools/bin/../lib/gcc/arm-none-eabi/7.3.1/thumb/v7e-m/fpv4-sp/hard/crtend.o
LOAD c:/st/stm32cubeide_1.5.1/stm32cubeide/plugins/com.st.stm32cube.ide.mcu.externaltools.gnu-tools-for-stm32.7-2018-q2-update.win32_1.5.0.202011040924/tools/bin/../lib/gcc/arm-none-eabi/7.3.1/thumb/v7e-m/fpv4-sp/hard/crtn.o
                0x00000000200a0000                _estack = (ORIGIN (RAM) + LENGTH (RAM))
                0x0000000000000200                _Min_Heap_Size = 0x200
                0x0000000000000400                _Min_Stack_Size = 0x400

.isr_vector     0x0000000008000000      0x1bc
                0x0000000008000000                . = ALIGN (0x4)
 *(.isr_vector)
 .isr_vector    0x0000000008000000      0x1bc Startup/startup_stm32l4s5vitx.o
                0x0000000008000000                g_pfnVectors
                0x00000000080001bc                . = ALIGN (0x4)

.text           0x00000000080001c0     0xd048
                0x00000000080001c0                . = ALIGN (0x4)
 *(.text)
 .text          0x00000000080001c0       0x40 c:/st/stm32cubeide_1.5.1/stm32cubeide/plugins/com.st.stm32cube.ide.mcu.externaltools.gnu-tools-for-stm32.7-2018-q2-update.win32_1.5.0.202011040924/tools/bin/../lib/gcc/arm-none-eabi/7.3.1/thumb/v7e-m/fpv4-sp/hard/crtbegin.o
 .text          0x0000000008000200       0x10 c:/st/stm32cubeide_1.5.1/stm32cubeide/plugins/com.st.stm32cube.ide.mcu.externaltools.gnu-tools-for-stm32.7-2018-q2-update.win32_1.5.0.202011040924/tools/bin/../lib/gcc/arm-none-eabi/7.3.1/../../../../arm-none-eabi/lib/thumb/v7e-m/fpv4-sp/hard\libc_nano.a(lib_a-strlen.o)
                0x0000000008000200                strlen
 .text          0x0000000008000210       0xa0 c:/st/stm32cubeide_1.5.1/stm32cubeide/plugins/com.st.stm32cube.ide.mcu.externaltools.gnu-tools-for-stm32.7-2018-q2-update.win32_1.5.0.202011040924/tools/bin/../lib/gcc/arm-none-eabi/7.3.1/../../../../arm-none-eabi/lib/thumb/v7e-m/fpv4-sp/hard\libc_nano.a(lib_a-memchr.o)
                0x0000000008000210                memchr
 .text          0x00000000080002b0      0x378 c:/st/stm32cubeide_1.5.1/stm32cubeide/plugins/com.st.stm32cube.ide.mcu.externaltools.gnu-tools-for-stm32.7-2018-q2-update.win32_1.5.0.202011040924/tools/bin/../lib/gcc/arm-none-eabi/7.3.1/thumb/v7e-m/fpv4-sp/hard\libgcc.a(_arm_addsubdf3.o)
                0x00000000080002b0                __aeabi_drsub
                0x00000000080002b8                __aeabi_dsub
                0x00000000080002b8                __subdf3
                0x00000000080002bc                __aeabi_dadd
                0x00000000080002bc                __adddf3
                0x0000000008000534                __floatunsidf
                0x0000000008000534                __aeabi_ui2d
                0x0000000008000554                __floatsidf
                0x0000000008000554                __aeabi_i2d
                0x0000000008000578                __aeabi_f2d
                0x0000000008000578                __extendsfdf2
                0x00000000080005bc                __floatundidf
                0x00000000080005bc                __aeabi_ul2d
                0x00000000080005cc                __floatdidf
                0x00000000080005cc                __aeabi_l2d
 .text          0x0000000008000628      0x424 c:/st/stm32cubeide_1.5.1/stm32cubeide/plugins/com.st.stm32cube.ide.mcu.externaltools.gnu-tools-for-stm32.7-2018-q2-update.win32_1.5.0.202011040924/tools/bin/../lib/gcc/arm-none-eabi/7.3.1/thumb/v7e-m/fpv4-sp/hard\libgcc.a(_arm_muldivdf3.o)
                0x0000000008000628                __aeabi_dmul
                0x0000000008000628                __muldf3
                0x000000000800087c                __divdf3
                0x000000000800087c                __aeabi_ddiv
 .text          0x0000000008000a4c       0x40 c:/st/stm32cubeide_1.5.1/stm32cubeide/plugins/com.st.stm32cube.ide.mcu.externaltools.gnu-tools-for-stm32.7-2018-q2-update.win32_1.5.0.202011040924/tools/bin/../lib/gcc/arm-none-eabi/7.3.1/thumb/v7e-m/fpv4-sp/hard\libgcc.a(_arm_fixunsdfsi.o)
                0x0000000008000a4c                __aeabi_d2uiz
                0x0000000008000a4c                __fixunsdfsi
 .text          0x0000000008000a8c       0xa0 c:/st/stm32cubeide_1.5.1/stm32cubeide/plugins/com.st.stm32cube.ide.mcu.externaltools.gnu-tools-for-stm32.7-2018-q2-update.win32_1.5.0.202011040924/tools/bin/../lib/gcc/arm-none-eabi/7.3.1/thumb/v7e-m/fpv4-sp/hard\libgcc.a(_arm_truncdfsf2.o)
                0x0000000008000a8c                __truncdfsf2
                0x0000000008000a8c                __aeabi_d2f
 .text          0x0000000008000b2c       0x30 c:/st/stm32cubeide_1.5.1/stm32cubeide/plugins/com.st.stm32cube.ide.mcu.externaltools.gnu-tools-for-stm32.7-2018-q2-update.win32_1.5.0.202011040924/tools/bin/../lib/gcc/arm-none-eabi/7.3.1/thumb/v7e-m/fpv4-sp/hard\libgcc.a(_aeabi_uldivmod.o)
                0x0000000008000b2c                __aeabi_uldivmod
 .text          0x0000000008000b5c      0x2cc c:/st/stm32cubeide_1.5.1/stm32cubeide/plugins/com.st.stm32cube.ide.mcu.externaltools.gnu-tools-for-stm32.7-2018-q2-update.win32_1.5.0.202011040924/tools/bin/../lib/gcc/arm-none-eabi/7.3.1/thumb/v7e-m/fpv4-sp/hard\libgcc.a(_udivmoddi4.o)
                0x0000000008000b5c                __udivmoddi4
 .text          0x0000000008000e28        0x4 c:/st/stm32cubeide_1.5.1/stm32cubeide/plugins/com.st.stm32cube.ide.mcu.externaltools.gnu-tools-for-stm32.7-2018-q2-update.win32_1.5.0.202011040924/tools/bin/../lib/gcc/arm-none-eabi/7.3.1/thumb/v7e-m/fpv4-sp/hard\libgcc.a(_dvmd_tls.o)
                0x0000000008000e28                __aeabi_idiv0
                0x0000000008000e28                __aeabi_ldiv0
 *(.text*)
 .text.HAL_Init
                0x0000000008000e2c       0x30 Drivers/STM32L4xx_HAL_Driver/Src/stm32l4xx_hal.o
                0x0000000008000e2c                HAL_Init
 .text.HAL_IncTick
                0x0000000008000e5c       0x28 Drivers/STM32L4xx_HAL_Driver/Src/stm32l4xx_hal.o
                0x0000000008000e5c                HAL_IncTick
 .text.HAL_GetTick
                0x0000000008000e84       0x18 Drivers/STM32L4xx_HAL_Driver/Src/stm32l4xx_hal.o
                0x0000000008000e84                HAL_GetTick
 .text.HAL_Delay
                0x0000000008000e9c       0x44 Drivers/STM32L4xx_HAL_Driver/Src/stm32l4xx_hal.o
                0x0000000008000e9c                HAL_Delay
 .text.LL_ADC_SetCommonClock
                0x0000000008000ee0       0x26 Drivers/STM32L4xx_HAL_Driver/Src/stm32l4xx_hal_adc.o
 .text.LL_ADC_SetCommonPathInternalCh
                0x0000000008000f06       0x26 Drivers/STM32L4xx_HAL_Driver/Src/stm32l4xx_hal_adc.o
 .text.LL_ADC_GetCommonPathInternalCh
                0x0000000008000f2c       0x1c Drivers/STM32L4xx_HAL_Driver/Src/stm32l4xx_hal_adc.o
 .text.LL_ADC_SetOffset
                0x0000000008000f48       0x48 Drivers/STM32L4xx_HAL_Driver/Src/stm32l4xx_hal_adc.o
 .text.LL_ADC_GetOffsetChannel
                0x0000000008000f90       0x2c Drivers/STM32L4xx_HAL_Driver/Src/stm32l4xx_hal_adc.o
 .text.LL_ADC_SetOffsetState
                0x0000000008000fbc       0x36 Drivers/STM32L4xx_HAL_Driver/Src/stm32l4xx_hal_adc.o
 .text.LL_ADC_SetSamplingTimeCommonConfig
                0x0000000008000ff2       0x26 Drivers/STM32L4xx_HAL_Driver/Src/stm32l4xx_hal_adc.o
 .text.LL_ADC_REG_IsTriggerSourceSWStart
                0x0000000008001018       0x26 Drivers/STM32L4xx_HAL_Driver/Src/stm32l4xx_hal_adc.o
 .text.LL_ADC_REG_SetSequencerRanks
                0x000000000800103e       0x58 Drivers/STM32L4xx_HAL_Driver/Src/stm32l4xx_hal_adc.o
 .text.LL_ADC_INJ_IsTriggerSourceSWStart
                0x0000000008001096       0x26 Drivers/STM32L4xx_HAL_Driver/Src/stm32l4xx_hal_adc.o
 .text.LL_ADC_SetChannelSamplingTime
                0x00000000080010bc       0x56 Drivers/STM32L4xx_HAL_Driver/Src/stm32l4xx_hal_adc.o
 *fill*         0x0000000008001112        0x2 
 .text.LL_ADC_SetChannelSingleDiff
                0x0000000008001114       0x48 Drivers/STM32L4xx_HAL_Driver/Src/stm32l4xx_hal_adc.o
 .text.LL_ADC_DisableDeepPowerDown
                0x000000000800115c       0x24 Drivers/STM32L4xx_HAL_Driver/Src/stm32l4xx_hal_adc.o
 .text.LL_ADC_IsDeepPowerDownEnabled
                0x0000000008001180       0x28 Drivers/STM32L4xx_HAL_Driver/Src/stm32l4xx_hal_adc.o
 .text.LL_ADC_EnableInternalRegulator
                0x00000000080011a8       0x28 Drivers/STM32L4xx_HAL_Driver/Src/stm32l4xx_hal_adc.o
 .text.LL_ADC_IsInternalRegulatorEnabled
                0x00000000080011d0       0x28 Drivers/STM32L4xx_HAL_Driver/Src/stm32l4xx_hal_adc.o
 .text.LL_ADC_IsEnabled
                0x00000000080011f8       0x26 Drivers/STM32L4xx_HAL_Driver/Src/stm32l4xx_hal_adc.o
 .text.LL_ADC_REG_IsConversionOngoing
                0x000000000800121e       0x26 Drivers/STM32L4xx_HAL_Driver/Src/stm32l4xx_hal_adc.o
 .text.LL_ADC_INJ_IsConversionOngoing
                0x0000000008001244       0x26 Drivers/STM32L4xx_HAL_Driver/Src/stm32l4xx_hal_adc.o
 *fill*         0x000000000800126a        0x2 
 .text.HAL_ADC_Init
                0x000000000800126c      0x294 Drivers/STM32L4xx_HAL_Driver/Src/stm32l4xx_hal_adc.o
                0x000000000800126c                HAL_ADC_Init
 .text.HAL_ADC_IRQHandler
                0x0000000008001500      0x368 Drivers/STM32L4xx_HAL_Driver/Src/stm32l4xx_hal_adc.o
                0x0000000008001500                HAL_ADC_IRQHandler
 .text.HAL_ADC_ConvCpltCallback
                0x0000000008001868       0x14 Drivers/STM32L4xx_HAL_Driver/Src/stm32l4xx_hal_adc.o
                0x0000000008001868                HAL_ADC_ConvCpltCallback
 .text.HAL_ADC_LevelOutOfWindowCallback
                0x000000000800187c       0x14 Drivers/STM32L4xx_HAL_Driver/Src/stm32l4xx_hal_adc.o
                0x000000000800187c                HAL_ADC_LevelOutOfWindowCallback
 .text.HAL_ADC_ErrorCallback
                0x0000000008001890       0x14 Drivers/STM32L4xx_HAL_Driver/Src/stm32l4xx_hal_adc.o
                0x0000000008001890                HAL_ADC_ErrorCallback
 .text.HAL_ADC_ConfigChannel
                0x00000000080018a4      0x7f4 Drivers/STM32L4xx_HAL_Driver/Src/stm32l4xx_hal_adc.o
                0x00000000080018a4                HAL_ADC_ConfigChannel
 .text.HAL_ADCEx_InjectedConvCpltCallback
                0x0000000008002098       0x14 Drivers/STM32L4xx_HAL_Driver/Src/stm32l4xx_hal_adc_ex.o
                0x0000000008002098                HAL_ADCEx_InjectedConvCpltCallback
 .text.HAL_ADCEx_InjectedQueueOverflowCallback
                0x00000000080020ac       0x14 Drivers/STM32L4xx_HAL_Driver/Src/stm32l4xx_hal_adc_ex.o
                0x00000000080020ac                HAL_ADCEx_InjectedQueueOverflowCallback
 .text.HAL_ADCEx_LevelOutOfWindow2Callback
                0x00000000080020c0       0x14 Drivers/STM32L4xx_HAL_Driver/Src/stm32l4xx_hal_adc_ex.o
                0x00000000080020c0                HAL_ADCEx_LevelOutOfWindow2Callback
 .text.HAL_ADCEx_LevelOutOfWindow3Callback
                0x00000000080020d4       0x14 Drivers/STM32L4xx_HAL_Driver/Src/stm32l4xx_hal_adc_ex.o
                0x00000000080020d4                HAL_ADCEx_LevelOutOfWindow3Callback
 .text.HAL_ADCEx_EndOfSamplingCallback
                0x00000000080020e8       0x14 Drivers/STM32L4xx_HAL_Driver/Src/stm32l4xx_hal_adc_ex.o
                0x00000000080020e8                HAL_ADCEx_EndOfSamplingCallback
 .text.__NVIC_SetPriorityGrouping
                0x00000000080020fc       0x48 Drivers/STM32L4xx_HAL_Driver/Src/stm32l4xx_hal_cortex.o
 .text.__NVIC_GetPriorityGrouping
                0x0000000008002144       0x1c Drivers/STM32L4xx_HAL_Driver/Src/stm32l4xx_hal_cortex.o
 .text.__NVIC_EnableIRQ
                0x0000000008002160       0x3c Drivers/STM32L4xx_HAL_Driver/Src/stm32l4xx_hal_cortex.o
 .text.__NVIC_SetPriority
                0x000000000800219c       0x54 Drivers/STM32L4xx_HAL_Driver/Src/stm32l4xx_hal_cortex.o
 .text.NVIC_EncodePriority
                0x00000000080021f0       0x66 Drivers/STM32L4xx_HAL_Driver/Src/stm32l4xx_hal_cortex.o
 .text.HAL_NVIC_SetPriorityGrouping
                0x0000000008002256       0x16 Drivers/STM32L4xx_HAL_Driver/Src/stm32l4xx_hal_cortex.o
                0x0000000008002256                HAL_NVIC_SetPriorityGrouping
 .text.HAL_NVIC_SetPriority
                0x000000000800226c       0x38 Drivers/STM32L4xx_HAL_Driver/Src/stm32l4xx_hal_cortex.o
                0x000000000800226c                HAL_NVIC_SetPriority
 .text.HAL_NVIC_EnableIRQ
                0x00000000080022a4       0x1c Drivers/STM32L4xx_HAL_Driver/Src/stm32l4xx_hal_cortex.o
                0x00000000080022a4                HAL_NVIC_EnableIRQ
 .text.HAL_DAC_Init
                0x00000000080022c0       0x44 Drivers/STM32L4xx_HAL_Driver/Src/stm32l4xx_hal_dac.o
                0x00000000080022c0                HAL_DAC_Init
 .text.HAL_DAC_Start_DMA
                0x0000000008002304      0x17c Drivers/STM32L4xx_HAL_Driver/Src/stm32l4xx_hal_dac.o
                0x0000000008002304                HAL_DAC_Start_DMA
 .text.HAL_DAC_Stop_DMA
                0x0000000008002480       0x8a Drivers/STM32L4xx_HAL_Driver/Src/stm32l4xx_hal_dac.o
                0x0000000008002480                HAL_DAC_Stop_DMA
 .text.HAL_DAC_IRQHandler
                0x000000000800250a       0xb4 Drivers/STM32L4xx_HAL_Driver/Src/stm32l4xx_hal_dac.o
                0x000000000800250a                HAL_DAC_IRQHandler
 .text.HAL_DAC_ConvCpltCallbackCh1
                0x00000000080025be       0x14 Drivers/STM32L4xx_HAL_Driver/Src/stm32l4xx_hal_dac.o
                0x00000000080025be                HAL_DAC_ConvCpltCallbackCh1
 .text.HAL_DAC_ErrorCallbackCh1
                0x00000000080025d2       0x14 Drivers/STM32L4xx_HAL_Driver/Src/stm32l4xx_hal_dac.o
                0x00000000080025d2                HAL_DAC_ErrorCallbackCh1
 .text.HAL_DAC_DMAUnderrunCallbackCh1
                0x00000000080025e6       0x14 Drivers/STM32L4xx_HAL_Driver/Src/stm32l4xx_hal_dac.o
                0x00000000080025e6                HAL_DAC_DMAUnderrunCallbackCh1
 *fill*         0x00000000080025fa        0x2 
 .text.HAL_DAC_ConfigChannel
                0x00000000080025fc      0x280 Drivers/STM32L4xx_HAL_Driver/Src/stm32l4xx_hal_dac.o
                0x00000000080025fc                HAL_DAC_ConfigChannel
 .text.DAC_DMAConvCpltCh1
                0x000000000800287c       0x22 Drivers/STM32L4xx_HAL_Driver/Src/stm32l4xx_hal_dac.o
                0x000000000800287c                DAC_DMAConvCpltCh1
 .text.DAC_DMAHalfConvCpltCh1
                0x000000000800289e       0x1c Drivers/STM32L4xx_HAL_Driver/Src/stm32l4xx_hal_dac.o
                0x000000000800289e                DAC_DMAHalfConvCpltCh1
 .text.DAC_DMAErrorCh1
                0x00000000080028ba       0x2e Drivers/STM32L4xx_HAL_Driver/Src/stm32l4xx_hal_dac.o
                0x00000000080028ba                DAC_DMAErrorCh1
 .text.HAL_DACEx_ConvCpltCallbackCh2
                0x00000000080028e8       0x14 Drivers/STM32L4xx_HAL_Driver/Src/stm32l4xx_hal_dac_ex.o
                0x00000000080028e8                HAL_DACEx_ConvCpltCallbackCh2
 .text.HAL_DACEx_ConvHalfCpltCallbackCh2
                0x00000000080028fc       0x14 Drivers/STM32L4xx_HAL_Driver/Src/stm32l4xx_hal_dac_ex.o
                0x00000000080028fc                HAL_DACEx_ConvHalfCpltCallbackCh2
 .text.HAL_DACEx_ErrorCallbackCh2
                0x0000000008002910       0x14 Drivers/STM32L4xx_HAL_Driver/Src/stm32l4xx_hal_dac_ex.o
                0x0000000008002910                HAL_DACEx_ErrorCallbackCh2
 .text.HAL_DACEx_DMAUnderrunCallbackCh2
                0x0000000008002924       0x14 Drivers/STM32L4xx_HAL_Driver/Src/stm32l4xx_hal_dac_ex.o
                0x0000000008002924                HAL_DACEx_DMAUnderrunCallbackCh2
 .text.DAC_DMAConvCpltCh2
                0x0000000008002938       0x22 Drivers/STM32L4xx_HAL_Driver/Src/stm32l4xx_hal_dac_ex.o
                0x0000000008002938                DAC_DMAConvCpltCh2
 .text.DAC_DMAHalfConvCpltCh2
                0x000000000800295a       0x1c Drivers/STM32L4xx_HAL_Driver/Src/stm32l4xx_hal_dac_ex.o
                0x000000000800295a                DAC_DMAHalfConvCpltCh2
 .text.DAC_DMAErrorCh2
                0x0000000008002976       0x2e Drivers/STM32L4xx_HAL_Driver/Src/stm32l4xx_hal_dac_ex.o
                0x0000000008002976                DAC_DMAErrorCh2
 .text.HAL_DMA_Init
                0x00000000080029a4      0x150 Drivers/STM32L4xx_HAL_Driver/Src/stm32l4xx_hal_dma.o
                0x00000000080029a4                HAL_DMA_Init
 .text.HAL_DMA_Start_IT
                0x0000000008002af4       0xf6 Drivers/STM32L4xx_HAL_Driver/Src/stm32l4xx_hal_dma.o
                0x0000000008002af4                HAL_DMA_Start_IT
 .text.HAL_DMA_Abort
                0x0000000008002bea       0xb8 Drivers/STM32L4xx_HAL_Driver/Src/stm32l4xx_hal_dma.o
                0x0000000008002bea                HAL_DMA_Abort
 .text.HAL_DMA_IRQHandler
                0x0000000008002ca2      0x15e Drivers/STM32L4xx_HAL_Driver/Src/stm32l4xx_hal_dma.o
                0x0000000008002ca2                HAL_DMA_IRQHandler
 .text.DMA_SetConfig
                0x0000000008002e00       0x7c Drivers/STM32L4xx_HAL_Driver/Src/stm32l4xx_hal_dma.o
 .text.DMA_CalcDMAMUXChannelBaseAndMask
                0x0000000008002e7c       0x7c Drivers/STM32L4xx_HAL_Driver/Src/stm32l4xx_hal_dma.o
 .text.DMA_CalcDMAMUXRequestGenBaseAndMask
                0x0000000008002ef8       0x48 Drivers/STM32L4xx_HAL_Driver/Src/stm32l4xx_hal_dma.o
 .text.HAL_GPIO_Init
                0x0000000008002f40      0x324 Drivers/STM32L4xx_HAL_Driver/Src/stm32l4xx_hal_gpio.o
                0x0000000008002f40                HAL_GPIO_Init
 .text.HAL_GPIO_DeInit
                0x0000000008003264      0x1e4 Drivers/STM32L4xx_HAL_Driver/Src/stm32l4xx_hal_gpio.o
                0x0000000008003264                HAL_GPIO_DeInit
 .text.HAL_GPIO_WritePin
                0x0000000008003448       0x30 Drivers/STM32L4xx_HAL_Driver/Src/stm32l4xx_hal_gpio.o
                0x0000000008003448                HAL_GPIO_WritePin
 .text.HAL_GPIO_EXTI_IRQHandler
                0x0000000008003478       0x30 Drivers/STM32L4xx_HAL_Driver/Src/stm32l4xx_hal_gpio.o
                0x0000000008003478                HAL_GPIO_EXTI_IRQHandler
 .text.HAL_I2C_Init
                0x00000000080034a8      0x11e Drivers/STM32L4xx_HAL_Driver/Src/stm32l4xx_hal_i2c.o
                0x00000000080034a8                HAL_I2C_Init
 .text.HAL_I2C_DeInit
                0x00000000080035c6       0x5e Drivers/STM32L4xx_HAL_Driver/Src/stm32l4xx_hal_i2c.o
                0x00000000080035c6                HAL_I2C_DeInit
 .text.HAL_I2C_Mem_Write
                0x0000000008003624      0x228 Drivers/STM32L4xx_HAL_Driver/Src/stm32l4xx_hal_i2c.o
                0x0000000008003624                HAL_I2C_Mem_Write
 .text.HAL_I2C_Mem_Read
                0x000000000800384c      0x234 Drivers/STM32L4xx_HAL_Driver/Src/stm32l4xx_hal_i2c.o
                0x000000000800384c                HAL_I2C_Mem_Read
 .text.I2C_RequestMemoryWrite
                0x0000000008003a80       0xa8 Drivers/STM32L4xx_HAL_Driver/Src/stm32l4xx_hal_i2c.o
 .text.I2C_RequestMemoryRead
                0x0000000008003b28       0xa8 Drivers/STM32L4xx_HAL_Driver/Src/stm32l4xx_hal_i2c.o
 .text.I2C_Flush_TXDR
                0x0000000008003bd0       0x48 Drivers/STM32L4xx_HAL_Driver/Src/stm32l4xx_hal_i2c.o
 .text.I2C_WaitOnFlagUntilTimeout
                0x0000000008003c18       0x80 Drivers/STM32L4xx_HAL_Driver/Src/stm32l4xx_hal_i2c.o
 .text.I2C_WaitOnTXISFlagUntilTimeout
                0x0000000008003c98       0x80 Drivers/STM32L4xx_HAL_Driver/Src/stm32l4xx_hal_i2c.o
 .text.I2C_WaitOnSTOPFlagUntilTimeout
                0x0000000008003d18       0x78 Drivers/STM32L4xx_HAL_Driver/Src/stm32l4xx_hal_i2c.o
 .text.I2C_IsAcknowledgeFailed
                0x0000000008003d90       0xcc Drivers/STM32L4xx_HAL_Driver/Src/stm32l4xx_hal_i2c.o
 .text.I2C_TransferConfig
                0x0000000008003e5c       0x5c Drivers/STM32L4xx_HAL_Driver/Src/stm32l4xx_hal_i2c.o
 .text.HAL_I2CEx_ConfigAnalogFilter
                0x0000000008003eb8       0x96 Drivers/STM32L4xx_HAL_Driver/Src/stm32l4xx_hal_i2c_ex.o
                0x0000000008003eb8                HAL_I2CEx_ConfigAnalogFilter
 .text.HAL_I2CEx_ConfigDigitalFilter
                0x0000000008003f4e       0x98 Drivers/STM32L4xx_HAL_Driver/Src/stm32l4xx_hal_i2c_ex.o
                0x0000000008003f4e                HAL_I2CEx_ConfigDigitalFilter
 *fill*         0x0000000008003fe6        0x2 
 .text.HAL_PWREx_GetVoltageRange
                0x0000000008003fe8       0x40 Drivers/STM32L4xx_HAL_Driver/Src/stm32l4xx_hal_pwr_ex.o
                0x0000000008003fe8                HAL_PWREx_GetVoltageRange
 .text.HAL_PWREx_ControlVoltageScaling
                0x0000000008004028      0x148 Drivers/STM32L4xx_HAL_Driver/Src/stm32l4xx_hal_pwr_ex.o
                0x0000000008004028                HAL_PWREx_ControlVoltageScaling
 .text.HAL_RCC_OscConfig
                0x0000000008004170      0x84c Drivers/STM32L4xx_HAL_Driver/Src/stm32l4xx_hal_rcc.o
                0x0000000008004170                HAL_RCC_OscConfig
 .text.HAL_RCC_ClockConfig
                0x00000000080049bc      0x258 Drivers/STM32L4xx_HAL_Driver/Src/stm32l4xx_hal_rcc.o
                0x00000000080049bc                HAL_RCC_ClockConfig
 .text.HAL_RCC_GetSysClockFreq
                0x0000000008004c14      0x114 Drivers/STM32L4xx_HAL_Driver/Src/stm32l4xx_hal_rcc.o
                0x0000000008004c14                HAL_RCC_GetSysClockFreq
 .text.HAL_RCC_GetHCLKFreq
                0x0000000008004d28       0x18 Drivers/STM32L4xx_HAL_Driver/Src/stm32l4xx_hal_rcc.o
                0x0000000008004d28                HAL_RCC_GetHCLKFreq
 .text.HAL_RCC_GetPCLK1Freq
                0x0000000008004d40       0x2c Drivers/STM32L4xx_HAL_Driver/Src/stm32l4xx_hal_rcc.o
                0x0000000008004d40                HAL_RCC_GetPCLK1Freq
 .text.HAL_RCC_GetPCLK2Freq
                0x0000000008004d6c       0x2c Drivers/STM32L4xx_HAL_Driver/Src/stm32l4xx_hal_rcc.o
                0x0000000008004d6c                HAL_RCC_GetPCLK2Freq
 .text.HAL_RCC_GetClockConfig
                0x0000000008004d98       0x64 Drivers/STM32L4xx_HAL_Driver/Src/stm32l4xx_hal_rcc.o
                0x0000000008004d98                HAL_RCC_GetClockConfig
 .text.RCC_SetFlashLatencyFromMSIRange
                0x0000000008004dfc       0xb4 Drivers/STM32L4xx_HAL_Driver/Src/stm32l4xx_hal_rcc.o
 .text.RCC_GetSysClockFreqFromPLLSource
                0x0000000008004eb0       0xd0 Drivers/STM32L4xx_HAL_Driver/Src/stm32l4xx_hal_rcc.o
 .text.HAL_RCCEx_PeriphCLKConfig
                0x0000000008004f80      0x650 Drivers/STM32L4xx_HAL_Driver/Src/stm32l4xx_hal_rcc_ex.o
                0x0000000008004f80                HAL_RCCEx_PeriphCLKConfig
 .text.RCCEx_PLLSAI1_Config
                0x00000000080055d0      0x1e0 Drivers/STM32L4xx_HAL_Driver/Src/stm32l4xx_hal_rcc_ex.o
 .text.RCCEx_PLLSAI2_Config
                0x00000000080057b0      0x1e0 Drivers/STM32L4xx_HAL_Driver/Src/stm32l4xx_hal_rcc_ex.o
 .text.HAL_TIM_Base_Init
                0x0000000008005990       0xae Drivers/STM32L4xx_HAL_Driver/Src/stm32l4xx_hal_tim.o
                0x0000000008005990                HAL_TIM_Base_Init
 *fill*         0x0000000008005a3e        0x2 
 .text.HAL_TIM_Base_Start
                0x0000000008005a40       0xd0 Drivers/STM32L4xx_HAL_Driver/Src/stm32l4xx_hal_tim.o
                0x0000000008005a40                HAL_TIM_Base_Start
 .text.HAL_TIM_Base_Start_IT
                0x0000000008005b10       0xe0 Drivers/STM32L4xx_HAL_Driver/Src/stm32l4xx_hal_tim.o
                0x0000000008005b10                HAL_TIM_Base_Start_IT
 .text.HAL_TIM_IRQHandler
                0x0000000008005bf0      0x23e Drivers/STM32L4xx_HAL_Driver/Src/stm32l4xx_hal_tim.o
                0x0000000008005bf0                HAL_TIM_IRQHandler
 .text.HAL_TIM_ConfigClockSource
                0x0000000008005e2e      0x172 Drivers/STM32L4xx_HAL_Driver/Src/stm32l4xx_hal_tim.o
                0x0000000008005e2e                HAL_TIM_ConfigClockSource
 .text.HAL_TIM_OC_DelayElapsedCallback
                0x0000000008005fa0       0x14 Drivers/STM32L4xx_HAL_Driver/Src/stm32l4xx_hal_tim.o
                0x0000000008005fa0                HAL_TIM_OC_DelayElapsedCallback
 .text.HAL_TIM_IC_CaptureCallback
                0x0000000008005fb4       0x14 Drivers/STM32L4xx_HAL_Driver/Src/stm32l4xx_hal_tim.o
                0x0000000008005fb4                HAL_TIM_IC_CaptureCallback
 .text.HAL_TIM_PWM_PulseFinishedCallback
                0x0000000008005fc8       0x14 Drivers/STM32L4xx_HAL_Driver/Src/stm32l4xx_hal_tim.o
                0x0000000008005fc8                HAL_TIM_PWM_PulseFinishedCallback
 .text.HAL_TIM_TriggerCallback
                0x0000000008005fdc       0x14 Drivers/STM32L4xx_HAL_Driver/Src/stm32l4xx_hal_tim.o
                0x0000000008005fdc                HAL_TIM_TriggerCallback
 .text.TIM_Base_SetConfig
                0x0000000008005ff0      0x134 Drivers/STM32L4xx_HAL_Driver/Src/stm32l4xx_hal_tim.o
                0x0000000008005ff0                TIM_Base_SetConfig
 .text.TIM_TI1_ConfigInputStage
                0x0000000008006124       0x5e Drivers/STM32L4xx_HAL_Driver/Src/stm32l4xx_hal_tim.o
 .text.TIM_TI2_ConfigInputStage
                0x0000000008006182       0x60 Drivers/STM32L4xx_HAL_Driver/Src/stm32l4xx_hal_tim.o
 .text.TIM_ITRx_SetConfig
                0x00000000080061e2       0x36 Drivers/STM32L4xx_HAL_Driver/Src/stm32l4xx_hal_tim.o
 .text.TIM_ETR_SetConfig
                0x0000000008006218       0x40 Drivers/STM32L4xx_HAL_Driver/Src/stm32l4xx_hal_tim.o
                0x0000000008006218                TIM_ETR_SetConfig
 .text.HAL_TIMEx_MasterConfigSynchronization
                0x0000000008006258      0x110 Drivers/STM32L4xx_HAL_Driver/Src/stm32l4xx_hal_tim_ex.o
                0x0000000008006258                HAL_TIMEx_MasterConfigSynchronization
 .text.HAL_TIMEx_CommutCallback
                0x0000000008006368       0x14 Drivers/STM32L4xx_HAL_Driver/Src/stm32l4xx_hal_tim_ex.o
                0x0000000008006368                HAL_TIMEx_CommutCallback
 .text.HAL_TIMEx_BreakCallback
                0x000000000800637c       0x14 Drivers/STM32L4xx_HAL_Driver/Src/stm32l4xx_hal_tim_ex.o
                0x000000000800637c                HAL_TIMEx_BreakCallback
 .text.HAL_TIMEx_Break2Callback
                0x0000000008006390       0x14 Drivers/STM32L4xx_HAL_Driver/Src/stm32l4xx_hal_tim_ex.o
                0x0000000008006390                HAL_TIMEx_Break2Callback
 .text.HAL_UART_Init
                0x00000000080063a4       0xa0 Drivers/STM32L4xx_HAL_Driver/Src/stm32l4xx_hal_uart.o
                0x00000000080063a4                HAL_UART_Init
 .text.HAL_UART_Transmit
                0x0000000008006444      0x12e Drivers/STM32L4xx_HAL_Driver/Src/stm32l4xx_hal_uart.o
                0x0000000008006444                HAL_UART_Transmit
 *fill*         0x0000000008006572        0x2 
 .text.UART_SetConfig
                0x0000000008006574      0x5a4 Drivers/STM32L4xx_HAL_Driver/Src/stm32l4xx_hal_uart.o
                0x0000000008006574                UART_SetConfig
 .text.UART_AdvFeatureConfig
                0x0000000008006b18      0x144 Drivers/STM32L4xx_HAL_Driver/Src/stm32l4xx_hal_uart.o
                0x0000000008006b18                UART_AdvFeatureConfig
 .text.UART_CheckIdleState
                0x0000000008006c5c       0x90 Drivers/STM32L4xx_HAL_Driver/Src/stm32l4xx_hal_uart.o
                0x0000000008006c5c                UART_CheckIdleState
 .text.UART_WaitOnFlagUntilTimeout
                0x0000000008006cec      0x100 Drivers/STM32L4xx_HAL_Driver/Src/stm32l4xx_hal_uart.o
                0x0000000008006cec                UART_WaitOnFlagUntilTimeout
 .text.HAL_UARTEx_DisableFifoMode
                0x0000000008006dec       0x72 Drivers/STM32L4xx_HAL_Driver/Src/stm32l4xx_hal_uart_ex.o
                0x0000000008006dec                HAL_UARTEx_DisableFifoMode
 .text.HAL_UARTEx_SetTxFifoThreshold
                0x0000000008006e5e       0x7c Drivers/STM32L4xx_HAL_Driver/Src/stm32l4xx_hal_uart_ex.o
                0x0000000008006e5e                HAL_UARTEx_SetTxFifoThreshold
 .text.HAL_UARTEx_SetRxFifoThreshold
                0x0000000008006eda       0x7c Drivers/STM32L4xx_HAL_Driver/Src/stm32l4xx_hal_uart_ex.o
                0x0000000008006eda                HAL_UARTEx_SetRxFifoThreshold
 *fill*         0x0000000008006f56        0x2 
 .text.UARTEx_SetNbDataToProcess
                0x0000000008006f58       0xd0 Drivers/STM32L4xx_HAL_Driver/Src/stm32l4xx_hal_uart_ex.o
 .text.makeFreeRtosPriority
                0x0000000008007028       0x30 Middlewares/Third_Party/FreeRTOS/Source/CMSIS_RTOS/cmsis_os.o
 .text.inHandlerMode
                0x0000000008007058       0x24 Middlewares/Third_Party/FreeRTOS/Source/CMSIS_RTOS/cmsis_os.o
 .text.osKernelStart
                0x000000000800707c        0xe Middlewares/Third_Party/FreeRTOS/Source/CMSIS_RTOS/cmsis_os.o
                0x000000000800707c                osKernelStart
 .text.osThreadCreate
                0x000000000800708a       0x98 Middlewares/Third_Party/FreeRTOS/Source/CMSIS_RTOS/cmsis_os.o
                0x000000000800708a                osThreadCreate
 .text.osDelay  0x0000000008007122       0x28 Middlewares/Third_Party/FreeRTOS/Source/CMSIS_RTOS/cmsis_os.o
                0x0000000008007122                osDelay
 *fill*         0x000000000800714a        0x2 
 .text.osTimerCreate
                0x000000000800714c       0x68 Middlewares/Third_Party/FreeRTOS/Source/CMSIS_RTOS/cmsis_os.o
                0x000000000800714c                osTimerCreate
 .text.osTimerStart
                0x00000000080071b4       0x8c Middlewares/Third_Party/FreeRTOS/Source/CMSIS_RTOS/cmsis_os.o
                0x00000000080071b4                osTimerStart
 .text.osTimerStop
                0x0000000008007240       0x78 Middlewares/Third_Party/FreeRTOS/Source/CMSIS_RTOS/cmsis_os.o
                0x0000000008007240                osTimerStop
 .text.osSignalSet
                0x00000000080072b8       0x80 Middlewares/Third_Party/FreeRTOS/Source/CMSIS_RTOS/cmsis_os.o
                0x00000000080072b8                osSignalSet
 .text.osSignalWait
                0x0000000008007338       0x98 Middlewares/Third_Party/FreeRTOS/Source/CMSIS_RTOS/cmsis_os.o
                0x0000000008007338                osSignalWait
 .text.osMutexCreate
                0x00000000080073d0       0x30 Middlewares/Third_Party/FreeRTOS/Source/CMSIS_RTOS/cmsis_os.o
                0x00000000080073d0                osMutexCreate
 .text.osMutexWait
                0x0000000008007400       0x9c Middlewares/Third_Party/FreeRTOS/Source/CMSIS_RTOS/cmsis_os.o
                0x0000000008007400                osMutexWait
 .text.osMutexRelease
                0x000000000800749c       0x6c Middlewares/Third_Party/FreeRTOS/Source/CMSIS_RTOS/cmsis_os.o
                0x000000000800749c                osMutexRelease
 .text.vListInitialise
                0x0000000008007508       0x40 Middlewares/Third_Party/FreeRTOS/Source/list.o
                0x0000000008007508                vListInitialise
 .text.vListInitialiseItem
                0x0000000008007548       0x1a Middlewares/Third_Party/FreeRTOS/Source/list.o
                0x0000000008007548                vListInitialiseItem
 .text.vListInsertEnd
                0x0000000008007562       0x48 Middlewares/Third_Party/FreeRTOS/Source/list.o
                0x0000000008007562                vListInsertEnd
 .text.vListInsert
                0x00000000080075aa       0x72 Middlewares/Third_Party/FreeRTOS/Source/list.o
                0x00000000080075aa                vListInsert
 .text.uxListRemove
                0x000000000800761c       0x54 Middlewares/Third_Party/FreeRTOS/Source/list.o
                0x000000000800761c                uxListRemove
 .text.xQueueGenericReset
                0x0000000008007670       0xd0 Middlewares/Third_Party/FreeRTOS/Source/queue.o
                0x0000000008007670                xQueueGenericReset
 .text.xQueueGenericCreateStatic
                0x0000000008007740       0xe6 Middlewares/Third_Party/FreeRTOS/Source/queue.o
                0x0000000008007740                xQueueGenericCreateStatic
 .text.xQueueGenericCreate
                0x0000000008007826       0x7e Middlewares/Third_Party/FreeRTOS/Source/queue.o
                0x0000000008007826                xQueueGenericCreate
 .text.prvInitialiseNewQueue
                0x00000000080078a4       0x3e Middlewares/Third_Party/FreeRTOS/Source/queue.o
 .text.prvInitialiseMutex
                0x00000000080078e2       0x34 Middlewares/Third_Party/FreeRTOS/Source/queue.o
 .text.xQueueCreateMutex
                0x0000000008007916       0x30 Middlewares/Third_Party/FreeRTOS/Source/queue.o
                0x0000000008007916                xQueueCreateMutex
 .text.xQueueCreateMutexStatic
                0x0000000008007946       0x36 Middlewares/Third_Party/FreeRTOS/Source/queue.o
                0x0000000008007946                xQueueCreateMutexStatic
 .text.xQueueGenericSend
                0x000000000800797c      0x1f4 Middlewares/Third_Party/FreeRTOS/Source/queue.o
                0x000000000800797c                xQueueGenericSend
 .text.xQueueGenericSendFromISR
                0x0000000008007b70      0x128 Middlewares/Third_Party/FreeRTOS/Source/queue.o
                0x0000000008007b70                xQueueGenericSendFromISR
 .text.xQueueGiveFromISR
                0x0000000008007c98      0x112 Middlewares/Third_Party/FreeRTOS/Source/queue.o
                0x0000000008007c98                xQueueGiveFromISR
 *fill*         0x0000000008007daa        0x2 
 .text.xQueueReceive
                0x0000000008007dac      0x1b8 Middlewares/Third_Party/FreeRTOS/Source/queue.o
                0x0000000008007dac                xQueueReceive
 .text.xQueueSemaphoreTake
                0x0000000008007f64      0x210 Middlewares/Third_Party/FreeRTOS/Source/queue.o
                0x0000000008007f64                xQueueSemaphoreTake
 .text.xQueueReceiveFromISR
                0x0000000008008174       0xfa Middlewares/Third_Party/FreeRTOS/Source/queue.o
                0x0000000008008174                xQueueReceiveFromISR
 .text.prvGetDisinheritPriorityAfterTimeout
                0x000000000800826e       0x30 Middlewares/Third_Party/FreeRTOS/Source/queue.o
 .text.prvCopyDataToQueue
                0x000000000800829e       0xd4 Middlewares/Third_Party/FreeRTOS/Source/queue.o
 .text.prvCopyDataFromQueue
                0x0000000008008372       0x4c Middlewares/Third_Party/FreeRTOS/Source/queue.o
 .text.prvUnlockQueue
                0x00000000080083be       0xa4 Middlewares/Third_Party/FreeRTOS/Source/queue.o
 .text.prvIsQueueEmpty
                0x0000000008008462       0x2c Middlewares/Third_Party/FreeRTOS/Source/queue.o
 .text.prvIsQueueFull
                0x000000000800848e       0x30 Middlewares/Third_Party/FreeRTOS/Source/queue.o
 *fill*         0x00000000080084be        0x2 
 .text.vQueueAddToRegistry
                0x00000000080084c0       0x50 Middlewares/Third_Party/FreeRTOS/Source/queue.o
                0x00000000080084c0                vQueueAddToRegistry
 .text.vQueueWaitForMessageRestricted
                0x0000000008008510       0x68 Middlewares/Third_Party/FreeRTOS/Source/queue.o
                0x0000000008008510                vQueueWaitForMessageRestricted
 .text.xTaskCreateStatic
                0x0000000008008578       0xb4 Middlewares/Third_Party/FreeRTOS/Source/tasks.o
                0x0000000008008578                xTaskCreateStatic
 .text.xTaskCreate
                0x000000000800862c       0x8a Middlewares/Third_Party/FreeRTOS/Source/tasks.o
                0x000000000800862c                xTaskCreate
 .text.prvInitialiseNewTask
                0x00000000080086b6      0x10c Middlewares/Third_Party/FreeRTOS/Source/tasks.o
 *fill*         0x00000000080087c2        0x2 
 .text.prvAddNewTaskToReadyList
                0x00000000080087c4       0xd4 Middlewares/Third_Party/FreeRTOS/Source/tasks.o
 .text.vTaskDelay
                0x0000000008008898       0x68 Middlewares/Third_Party/FreeRTOS/Source/tasks.o
                0x0000000008008898                vTaskDelay
 .text.vTaskStartScheduler
                0x0000000008008900       0xc8 Middlewares/Third_Party/FreeRTOS/Source/tasks.o
                0x0000000008008900                vTaskStartScheduler
 .text.vTaskSuspendAll
                0x00000000080089c8       0x1c Middlewares/Third_Party/FreeRTOS/Source/tasks.o
                0x00000000080089c8                vTaskSuspendAll
 .text.xTaskResumeAll
                0x00000000080089e4      0x138 Middlewares/Third_Party/FreeRTOS/Source/tasks.o
                0x00000000080089e4                xTaskResumeAll
 .text.xTaskGetTickCount
                0x0000000008008b1c       0x20 Middlewares/Third_Party/FreeRTOS/Source/tasks.o
                0x0000000008008b1c                xTaskGetTickCount
 .text.xTaskIncrementTick
                0x0000000008008b3c      0x170 Middlewares/Third_Party/FreeRTOS/Source/tasks.o
                0x0000000008008b3c                xTaskIncrementTick
 .text.vTaskSwitchContext
                0x0000000008008cac       0xb4 Middlewares/Third_Party/FreeRTOS/Source/tasks.o
                0x0000000008008cac                vTaskSwitchContext
 .text.vTaskPlaceOnEventList
                0x0000000008008d60       0x48 Middlewares/Third_Party/FreeRTOS/Source/tasks.o
                0x0000000008008d60                vTaskPlaceOnEventList
 .text.vTaskPlaceOnEventListRestricted
                0x0000000008008da8       0x54 Middlewares/Third_Party/FreeRTOS/Source/tasks.o
                0x0000000008008da8                vTaskPlaceOnEventListRestricted
 .text.xTaskRemoveFromEventList
                0x0000000008008dfc       0xc4 Middlewares/Third_Party/FreeRTOS/Source/tasks.o
                0x0000000008008dfc                xTaskRemoveFromEventList
 .text.vTaskInternalSetTimeOutState
                0x0000000008008ec0       0x2c Middlewares/Third_Party/FreeRTOS/Source/tasks.o
                0x0000000008008ec0                vTaskInternalSetTimeOutState
 .text.xTaskCheckForTimeOut
                0x0000000008008eec       0xc0 Middlewares/Third_Party/FreeRTOS/Source/tasks.o
                0x0000000008008eec                xTaskCheckForTimeOut
 .text.vTaskMissedYield
                0x0000000008008fac       0x18 Middlewares/Third_Party/FreeRTOS/Source/tasks.o
                0x0000000008008fac                vTaskMissedYield
 .text.prvIdleTask
                0x0000000008008fc4       0x30 Middlewares/Third_Party/FreeRTOS/Source/tasks.o
 .text.prvInitialiseTaskLists
                0x0000000008008ff4       0x80 Middlewares/Third_Party/FreeRTOS/Source/tasks.o
 .text.prvCheckTasksWaitingTermination
                0x0000000008009074       0x58 Middlewares/Third_Party/FreeRTOS/Source/tasks.o
 .text.prvDeleteTCB
                0x00000000080090cc       0x5c Middlewares/Third_Party/FreeRTOS/Source/tasks.o
 .text.prvResetNextTaskUnblockTime
                0x0000000008009128       0x40 Middlewares/Third_Party/FreeRTOS/Source/tasks.o
 .text.xTaskGetSchedulerState
                0x0000000008009168       0x3c Middlewares/Third_Party/FreeRTOS/Source/tasks.o
                0x0000000008009168                xTaskGetSchedulerState
 .text.xTaskPriorityInherit
                0x00000000080091a4      0x100 Middlewares/Third_Party/FreeRTOS/Source/tasks.o
                0x00000000080091a4                xTaskPriorityInherit
 .text.xTaskPriorityDisinherit
                0x00000000080092a4      0x108 Middlewares/Third_Party/FreeRTOS/Source/tasks.o
                0x00000000080092a4                xTaskPriorityDisinherit
 .text.vTaskPriorityDisinheritAfterTimeout
                0x00000000080093ac      0x130 Middlewares/Third_Party/FreeRTOS/Source/tasks.o
                0x00000000080093ac                vTaskPriorityDisinheritAfterTimeout
 .text.pvTaskIncrementMutexHeldCount
                0x00000000080094dc       0x28 Middlewares/Third_Party/FreeRTOS/Source/tasks.o
                0x00000000080094dc                pvTaskIncrementMutexHeldCount
 .text.xTaskNotifyWait
                0x0000000008009504       0xb4 Middlewares/Third_Party/FreeRTOS/Source/tasks.o
                0x0000000008009504                xTaskNotifyWait
 .text.xTaskGenericNotify
                0x00000000080095b8      0x164 Middlewares/Third_Party/FreeRTOS/Source/tasks.o
                0x00000000080095b8                xTaskGenericNotify
 .text.xTaskGenericNotifyFromISR
                0x000000000800971c      0x1b0 Middlewares/Third_Party/FreeRTOS/Source/tasks.o
                0x000000000800971c                xTaskGenericNotifyFromISR
 .text.prvAddCurrentTaskToDelayedList
                0x00000000080098cc       0xcc Middlewares/Third_Party/FreeRTOS/Source/tasks.o
 .text.xTimerCreateTimerTask
                0x0000000008009998       0x90 Middlewares/Third_Party/FreeRTOS/Source/timers.o
                0x0000000008009998                xTimerCreateTimerTask
 .text.xTimerCreate
                0x0000000008009a28       0x42 Middlewares/Third_Party/FreeRTOS/Source/timers.o
                0x0000000008009a28                xTimerCreate
 .text.xTimerCreateStatic
                0x0000000008009a6a       0x78 Middlewares/Third_Party/FreeRTOS/Source/timers.o
                0x0000000008009a6a                xTimerCreateStatic
 .text.prvInitialiseNewTimer
                0x0000000008009ae2       0x74 Middlewares/Third_Party/FreeRTOS/Source/timers.o
 *fill*         0x0000000008009b56        0x2 
 .text.xTimerGenericCommand
                0x0000000008009b58       0x98 Middlewares/Third_Party/FreeRTOS/Source/timers.o
                0x0000000008009b58                xTimerGenericCommand
 .text.prvProcessExpiredTimer
                0x0000000008009bf0       0x98 Middlewares/Third_Party/FreeRTOS/Source/timers.o
 .text.prvTimerTask
                0x0000000008009c88       0x24 Middlewares/Third_Party/FreeRTOS/Source/timers.o
 .text.prvProcessTimerOrBlockTask
                0x0000000008009cac       0x9c Middlewares/Third_Party/FreeRTOS/Source/timers.o
 .text.prvGetNextExpireTime
                0x0000000008009d48       0x48 Middlewares/Third_Party/FreeRTOS/Source/timers.o
 .text.prvSampleTimeNow
                0x0000000008009d90       0x40 Middlewares/Third_Party/FreeRTOS/Source/timers.o
 .text.prvInsertTimerInActiveList
                0x0000000008009dd0       0x84 Middlewares/Third_Party/FreeRTOS/Source/timers.o
 .text.prvProcessReceivedCommands
                0x0000000008009e54      0x188 Middlewares/Third_Party/FreeRTOS/Source/timers.o
 .text.prvSwitchTimerLists
                0x0000000008009fdc       0xc8 Middlewares/Third_Party/FreeRTOS/Source/timers.o
 .text.prvCheckForValidListAndQueue
                0x000000000800a0a4       0x80 Middlewares/Third_Party/FreeRTOS/Source/timers.o
 .text.pxPortInitialiseStack
                0x000000000800a124       0x68 Middlewares/Third_Party/FreeRTOS/Source/portable/GCC/ARM_CM4F/port.o
                0x000000000800a124                pxPortInitialiseStack
 .text.prvTaskExitError
                0x000000000800a18c       0x54 Middlewares/Third_Party/FreeRTOS/Source/portable/GCC/ARM_CM4F/port.o
 .text.SVC_Handler
                0x000000000800a1e0       0x28 Middlewares/Third_Party/FreeRTOS/Source/portable/GCC/ARM_CM4F/port.o
                0x000000000800a1e0                SVC_Handler
 .text.prvPortStartFirstTask
                0x000000000800a208       0x28 Middlewares/Third_Party/FreeRTOS/Source/portable/GCC/ARM_CM4F/port.o
 .text.xPortStartScheduler
                0x000000000800a230      0x13c Middlewares/Third_Party/FreeRTOS/Source/portable/GCC/ARM_CM4F/port.o
                0x000000000800a230                xPortStartScheduler
 .text.vPortEnterCritical
                0x000000000800a36c       0x5c Middlewares/Third_Party/FreeRTOS/Source/portable/GCC/ARM_CM4F/port.o
                0x000000000800a36c                vPortEnterCritical
 .text.vPortExitCritical
                0x000000000800a3c8       0x50 Middlewares/Third_Party/FreeRTOS/Source/portable/GCC/ARM_CM4F/port.o
                0x000000000800a3c8                vPortExitCritical
 *fill*         0x000000000800a418        0x8 
 .text.PendSV_Handler
                0x000000000800a420       0x68 Middlewares/Third_Party/FreeRTOS/Source/portable/GCC/ARM_CM4F/port.o
                0x000000000800a420                PendSV_Handler
 .text.SysTick_Handler
                0x000000000800a488       0x40 Middlewares/Third_Party/FreeRTOS/Source/portable/GCC/ARM_CM4F/port.o
                0x000000000800a488                SysTick_Handler
 .text.vPortSetupTimerInterrupt
                0x000000000800a4c8       0x48 Middlewares/Third_Party/FreeRTOS/Source/portable/GCC/ARM_CM4F/port.o
                0x000000000800a4c8                vPortSetupTimerInterrupt
 .text.vPortEnableVFP
                0x000000000800a510       0x14 Middlewares/Third_Party/FreeRTOS/Source/portable/GCC/ARM_CM4F/port.o
 .text.vPortValidateInterruptPriority
                0x000000000800a524       0x7c Middlewares/Third_Party/FreeRTOS/Source/portable/GCC/ARM_CM4F/port.o
                0x000000000800a524                vPortValidateInterruptPriority
 .text.pvPortMalloc
                0x000000000800a5a0      0x184 Middlewares/Third_Party/FreeRTOS/Source/portable/MemMang/heap_4.o
                0x000000000800a5a0                pvPortMalloc
 .text.vPortFree
                0x000000000800a724       0xb0 Middlewares/Third_Party/FreeRTOS/Source/portable/MemMang/heap_4.o
                0x000000000800a724                vPortFree
 .text.prvHeapInit
                0x000000000800a7d4       0xc4 Middlewares/Third_Party/FreeRTOS/Source/portable/MemMang/heap_4.o
 .text.prvInsertBlockIntoFreeList
                0x000000000800a898       0xb4 Middlewares/Third_Party/FreeRTOS/Source/portable/MemMang/heap_4.o
 .text.vApplicationGetIdleTaskMemory
                0x000000000800a94c       0x34 Src/freertos.o
                0x000000000800a94c                vApplicationGetIdleTaskMemory
 .text.vApplicationGetTimerTaskMemory
                0x000000000800a980       0x34 Src/freertos.o
                0x000000000800a980                vApplicationGetTimerTaskMemory
 .text.HTS221_H_Init
                0x000000000800a9b4       0x58 Src/hts221.o
                0x000000000800a9b4                HTS221_H_Init
 .text.HTS221_H_ReadID
                0x000000000800aa0c       0x2c Src/hts221.o
                0x000000000800aa0c                HTS221_H_ReadID
 .text.HTS221_H_ReadHumidity
                0x000000000800aa38      0x138 Src/hts221.o
                0x000000000800aa38                HTS221_H_ReadHumidity
 .text.HTS221_T_Init
                0x000000000800ab70       0x5a Src/hts221.o
                0x000000000800ab70                HTS221_T_Init
 .text.HTS221_T_ReadTemp
                0x000000000800abca      0x10e Src/hts221.o
                0x000000000800abca                HTS221_T_ReadTemp
 .text.LPS22HB_P_Init
                0x000000000800acd8       0x1a Src/lps22hb.o
                0x000000000800acd8                LPS22HB_P_Init
 .text.LPS22HB_P_ReadID
                0x000000000800acf2       0x2c Src/lps22hb.o
                0x000000000800acf2                LPS22HB_P_ReadID
 *fill*         0x000000000800ad1e        0x2 
 .text.LPS22HB_P_ReadPressure
                0x000000000800ad20       0xc0 Src/lps22hb.o
                0x000000000800ad20                LPS22HB_P_ReadPressure
 .text.LPS22HB_Init
                0x000000000800ade0       0x7e Src/lps22hb.o
 .text.LSM6DSL_AccInit
                0x000000000800ae5e       0x72 Src/lsm6dsl.o
                0x000000000800ae5e                LSM6DSL_AccInit
 .text.LSM6DSL_AccDeInit
                0x000000000800aed0       0x32 Src/lsm6dsl.o
                0x000000000800aed0                LSM6DSL_AccDeInit
 .text.LSM6DSL_AccReadID
                0x000000000800af02       0x16 Src/lsm6dsl.o
                0x000000000800af02                LSM6DSL_AccReadID
 .text.LSM6DSL_AccLowPower
                0x000000000800af18       0x44 Src/lsm6dsl.o
                0x000000000800af18                LSM6DSL_AccLowPower
 .text.LSM6DSL_AccReadXYZ
                0x000000000800af5c      0x134 Src/lsm6dsl.o
                0x000000000800af5c                LSM6DSL_AccReadXYZ
 .text.LSM6DSL_GyroInit
                0x000000000800b090       0x72 Src/lsm6dsl.o
                0x000000000800b090                LSM6DSL_GyroInit
 .text.LSM6DSL_GyroDeInit
                0x000000000800b102       0x32 Src/lsm6dsl.o
                0x000000000800b102                LSM6DSL_GyroDeInit
 .text.LSM6DSL_GyroReadID
                0x000000000800b134       0x16 Src/lsm6dsl.o
                0x000000000800b134                LSM6DSL_GyroReadID
 .text.LSM6DSL_GyroLowPower
                0x000000000800b14a       0x44 Src/lsm6dsl.o
                0x000000000800b14a                LSM6DSL_GyroLowPower
 *fill*         0x000000000800b18e        0x2 
 .text.LSM6DSL_GyroReadXYZAngRate
                0x000000000800b190      0x12c Src/lsm6dsl.o
                0x000000000800b190                LSM6DSL_GyroReadXYZAngRate
 *fill*         0x000000000800b2bc        0x4 
 .text.main     0x000000000800b2c0      0x2d0 Src/main.o
                0x000000000800b2c0                main
 .text.SystemClock_Config
                0x000000000800b590      0x118 Src/main.o
                0x000000000800b590                SystemClock_Config
 .text.MX_ADC1_Init
                0x000000000800b6a8       0xc8 Src/main.o
 .text.MX_DAC1_Init
                0x000000000800b770       0x68 Src/main.o
 .text.MX_I2C2_Init
                0x000000000800b7d8       0x80 Src/main.o
 .text.MX_TIM2_Init
                0x000000000800b858       0x9c Src/main.o
 .text.MX_USART1_UART_Init
                0x000000000800b8f4       0x98 Src/main.o
 .text.MX_DMA_Init
                0x000000000800b98c       0x54 Src/main.o
 .text.MX_GPIO_Init
                0x000000000800b9e0      0x10c Src/main.o
 .text.HAL_GPIO_EXTI_Callback
                0x000000000800baec       0x38 Src/main.o
                0x000000000800baec                HAL_GPIO_EXTI_Callback
 .text.HAL_DAC_ConvHalfCpltCallbackCh1
                0x000000000800bb24       0x20 Src/main.o
                0x000000000800bb24                HAL_DAC_ConvHalfCpltCallbackCh1
 .text.StartMeasureTask
                0x000000000800bb44      0x150 Src/main.o
                0x000000000800bb44                StartMeasureTask
 .text.StartTransmitTask
                0x000000000800bc94       0x58 Src/main.o
                0x000000000800bc94                StartTransmitTask
 .text.StartListenTask
                0x000000000800bcec       0x64 Src/main.o
                0x000000000800bcec                StartListenTask
 .text.CallbackSoundEffectTimer
                0x000000000800bd50       0xcc Src/main.o
                0x000000000800bd50                CallbackSoundEffectTimer
 .text.HAL_TIM_PeriodElapsedCallback
                0x000000000800be1c       0x24 Src/main.o
                0x000000000800be1c                HAL_TIM_PeriodElapsedCallback
 .text.Error_Handler
                0x000000000800be40        0x8 Src/main.o
                0x000000000800be40                Error_Handler
 .text.I2Cx_MspInit
                0x000000000800be48       0xb0 Src/stm32l4s5i_iot01.o
 .text.I2Cx_Init
                0x000000000800bef8       0x5c Src/stm32l4s5i_iot01.o
 .text.I2Cx_ReadMultiple
                0x000000000800bf54       0x5a Src/stm32l4s5i_iot01.o
 .text.I2Cx_WriteMultiple
                0x000000000800bfae       0x5a Src/stm32l4s5i_iot01.o
 .text.I2Cx_Error
                0x000000000800c008       0x20 Src/stm32l4s5i_iot01.o
 .text.SENSOR_IO_Init
                0x000000000800c028       0x14 Src/stm32l4s5i_iot01.o
                0x000000000800c028                SENSOR_IO_Init
 .text.SENSOR_IO_Write
                0x000000000800c03c       0x34 Src/stm32l4s5i_iot01.o
                0x000000000800c03c                SENSOR_IO_Write
 .text.SENSOR_IO_Read
                0x000000000800c070       0x3c Src/stm32l4s5i_iot01.o
                0x000000000800c070                SENSOR_IO_Read
 .text.SENSOR_IO_ReadMultiple
                0x000000000800c0ac       0x3c Src/stm32l4s5i_iot01.o
                0x000000000800c0ac                SENSOR_IO_ReadMultiple
 .text.BSP_ACCELERO_Init
                0x000000000800c0e8       0x7c Src/stm32l4s5i_iot01_accelero.o
                0x000000000800c0e8                BSP_ACCELERO_Init
 .text.BSP_ACCELERO_AccGetXYZ
                0x000000000800c164       0x30 Src/stm32l4s5i_iot01_accelero.o
                0x000000000800c164                BSP_ACCELERO_AccGetXYZ
 .text.BSP_GYRO_Init
                0x000000000800c194       0x84 Src/stm32l4s5i_iot01_gyro.o
                0x000000000800c194                BSP_GYRO_Init
 .text.BSP_GYRO_GetXYZ
                0x000000000800c218       0x30 Src/stm32l4s5i_iot01_gyro.o
                0x000000000800c218                BSP_GYRO_GetXYZ
 .text.BSP_HSENSOR_Init
                0x000000000800c248       0x40 Src/stm32l4s5i_iot01_hsensor.o
                0x000000000800c248                BSP_HSENSOR_Init
 .text.BSP_PSENSOR_Init
                0x000000000800c288       0x40 Src/stm32l4s5i_iot01_psensor.o
                0x000000000800c288                BSP_PSENSOR_Init
 .text.BSP_PSENSOR_ReadPressure
                0x000000000800c2c8       0x1c Src/stm32l4s5i_iot01_psensor.o
                0x000000000800c2c8                BSP_PSENSOR_ReadPressure
 .text.BSP_TSENSOR_Init
                0x000000000800c2e4       0x38 Src/stm32l4s5i_iot01_tsensor.o
                0x000000000800c2e4                BSP_TSENSOR_Init
 .text.BSP_TSENSOR_ReadTemp
                0x000000000800c31c       0x1c Src/stm32l4s5i_iot01_tsensor.o
                0x000000000800c31c                BSP_TSENSOR_ReadTemp
 .text.HAL_MspInit
                0x000000000800c338       0x50 Src/stm32l4xx_hal_msp.o
                0x000000000800c338                HAL_MspInit
 .text.HAL_ADC_MspInit
                0x000000000800c388       0x90 Src/stm32l4xx_hal_msp.o
                0x000000000800c388                HAL_ADC_MspInit
 .text.HAL_DAC_MspInit
                0x000000000800c418       0xec Src/stm32l4xx_hal_msp.o
                0x000000000800c418                HAL_DAC_MspInit
 .text.HAL_I2C_MspInit
                0x000000000800c504       0x88 Src/stm32l4xx_hal_msp.o
                0x000000000800c504                HAL_I2C_MspInit
 .text.HAL_I2C_MspDeInit
                0x000000000800c58c       0x48 Src/stm32l4xx_hal_msp.o
                0x000000000800c58c                HAL_I2C_MspDeInit
 .text.HAL_TIM_Base_MspInit
                0x000000000800c5d4       0x3c Src/stm32l4xx_hal_msp.o
                0x000000000800c5d4                HAL_TIM_Base_MspInit
 .text.HAL_UART_MspInit
                0x000000000800c610       0x88 Src/stm32l4xx_hal_msp.o
                0x000000000800c610                HAL_UART_MspInit
 .text.HAL_InitTick
                0x000000000800c698       0xac Src/stm32l4xx_hal_timebase_tim.o
                0x000000000800c698                HAL_InitTick
 .text.NMI_Handler
                0x000000000800c744        0x6 Src/stm32l4xx_it.o
                0x000000000800c744                NMI_Handler
 .text.HardFault_Handler
                0x000000000800c74a        0x6 Src/stm32l4xx_it.o
                0x000000000800c74a                HardFault_Handler
 .text.MemManage_Handler
                0x000000000800c750        0x6 Src/stm32l4xx_it.o
                0x000000000800c750                MemManage_Handler
 .text.BusFault_Handler
                0x000000000800c756        0x6 Src/stm32l4xx_it.o
                0x000000000800c756                BusFault_Handler
 .text.UsageFault_Handler
                0x000000000800c75c        0x6 Src/stm32l4xx_it.o
                0x000000000800c75c                UsageFault_Handler
 .text.DebugMon_Handler
                0x000000000800c762        0xe Src/stm32l4xx_it.o
                0x000000000800c762                DebugMon_Handler
 .text.DMA1_Channel1_IRQHandler
                0x000000000800c770       0x14 Src/stm32l4xx_it.o
                0x000000000800c770                DMA1_Channel1_IRQHandler
 .text.ADC1_IRQHandler
                0x000000000800c784       0x14 Src/stm32l4xx_it.o
                0x000000000800c784                ADC1_IRQHandler
 .text.EXTI15_10_IRQHandler
                0x000000000800c798       0x10 Src/stm32l4xx_it.o
                0x000000000800c798                EXTI15_10_IRQHandler
 .text.TIM6_DAC_IRQHandler
                0x000000000800c7a8       0x1c Src/stm32l4xx_it.o
                0x000000000800c7a8                TIM6_DAC_IRQHandler
 .text._sbrk    0x000000000800c7c4       0x6c Src/sysmem.o
                0x000000000800c7c4                _sbrk
 .text.SystemInit
                0x000000000800c830       0x6c Src/system_stm32l4xx.o
                0x000000000800c830                SystemInit
 .text.Reset_Handler
                0x000000000800c89c       0x50 Startup/startup_stm32l4s5vitx.o
                0x000000000800c89c                Reset_Handler
 .text.Default_Handler
                0x000000000800c8ec        0x2 Startup/startup_stm32l4s5vitx.o
                0x000000000800c8ec                RTC_Alarm_IRQHandler
                0x000000000800c8ec                EXTI2_IRQHandler
                0x000000000800c8ec                TIM8_TRG_COM_IRQHandler
                0x000000000800c8ec                TIM8_CC_IRQHandler
                0x000000000800c8ec                TIM1_CC_IRQHandler
                0x000000000800c8ec                TSC_IRQHandler
                0x000000000800c8ec                TAMP_STAMP_IRQHandler
                0x000000000800c8ec                EXTI3_IRQHandler
                0x000000000800c8ec                LPTIM2_IRQHandler
                0x000000000800c8ec                DFSDM1_FLT1_IRQHandler
                0x000000000800c8ec                GFXMMU_IRQHandler
                0x000000000800c8ec                I2C3_ER_IRQHandler
                0x000000000800c8ec                DFSDM1_FLT2_IRQHandler
                0x000000000800c8ec                EXTI0_IRQHandler
                0x000000000800c8ec                I2C2_EV_IRQHandler
                0x000000000800c8ec                CAN1_RX0_IRQHandler
                0x000000000800c8ec                FPU_IRQHandler
                0x000000000800c8ec                TIM1_UP_TIM16_IRQHandler
                0x000000000800c8ec                LTDC_ER_IRQHandler
                0x000000000800c8ec                SPI1_IRQHandler
                0x000000000800c8ec                OCTOSPI1_IRQHandler
                0x000000000800c8ec                DCMI_IRQHandler
                0x000000000800c8ec                TIM8_UP_IRQHandler
                0x000000000800c8ec                OCTOSPI2_IRQHandler
                0x000000000800c8ec                DMA2_Channel2_IRQHandler
                0x000000000800c8ec                DMA1_Channel4_IRQHandler
                0x000000000800c8ec                SAI2_IRQHandler
                0x000000000800c8ec                DFSDM1_FLT3_IRQHandler
                0x000000000800c8ec                USART3_IRQHandler
                0x000000000800c8ec                DMA1_Channel7_IRQHandler
                0x000000000800c8ec                CAN1_RX1_IRQHandler
                0x000000000800c8ec                UART5_IRQHandler
                0x000000000800c8ec                TIM4_IRQHandler
                0x000000000800c8ec                DMA2_Channel1_IRQHandler
                0x000000000800c8ec                I2C1_EV_IRQHandler
                0x000000000800c8ec                DMAMUX1_OVR_IRQHandler
                0x000000000800c8ec                DMA1_Channel6_IRQHandler
                0x000000000800c8ec                UART4_IRQHandler
                0x000000000800c8ec                DMA2_Channel4_IRQHandler
                0x000000000800c8ec                TIM3_IRQHandler
                0x000000000800c8ec                RCC_IRQHandler
                0x000000000800c8ec                Default_Handler
                0x000000000800c8ec                DMA2_Channel7_IRQHandler
                0x000000000800c8ec                TIM7_IRQHandler
                0x000000000800c8ec                SDMMC1_IRQHandler
                0x000000000800c8ec                TIM5_IRQHandler
                0x000000000800c8ec                I2C3_EV_IRQHandler
                0x000000000800c8ec                EXTI9_5_IRQHandler
                0x000000000800c8ec                RTC_WKUP_IRQHandler
                0x000000000800c8ec                LTDC_IRQHandler
                0x000000000800c8ec                PVD_PVM_IRQHandler
                0x000000000800c8ec                SPI2_IRQHandler
                0x000000000800c8ec                CAN1_TX_IRQHandler
                0x000000000800c8ec                DMA2_Channel5_IRQHandler
                0x000000000800c8ec                DMA1_Channel5_IRQHandler
                0x000000000800c8ec                EXTI4_IRQHandler
                0x000000000800c8ec                RNG_IRQHandler
                0x000000000800c8ec                TIM1_TRG_COM_TIM17_IRQHandler
                0x000000000800c8ec                DMA1_Channel3_IRQHandler
                0x000000000800c8ec                COMP_IRQHandler
                0x000000000800c8ec                HASH_CRS_IRQHandler
                0x000000000800c8ec                WWDG_IRQHandler
                0x000000000800c8ec                I2C4_EV_IRQHandler
                0x000000000800c8ec                LPUART1_IRQHandler
                0x000000000800c8ec                DMA2_Channel6_IRQHandler
                0x000000000800c8ec                TIM2_IRQHandler
                0x000000000800c8ec                DMA2D_IRQHandler
                0x000000000800c8ec                EXTI1_IRQHandler
                0x000000000800c8ec                AES_IRQHandler
                0x000000000800c8ec                USART2_IRQHandler
                0x000000000800c8ec                DFSDM1_FLT0_IRQHandler
                0x000000000800c8ec                I2C2_ER_IRQHandler
                0x000000000800c8ec                DMA1_Channel2_IRQHandler
                0x000000000800c8ec                TIM8_BRK_IRQHandler
                0x000000000800c8ec                CAN1_SCE_IRQHandler
                0x000000000800c8ec                FLASH_IRQHandler
                0x000000000800c8ec                USART1_IRQHandler
                0x000000000800c8ec                OTG_FS_IRQHandler
                0x000000000800c8ec                SPI3_IRQHandler
                0x000000000800c8ec                I2C1_ER_IRQHandler
                0x000000000800c8ec                FMC_IRQHandler
                0x000000000800c8ec                LPTIM1_IRQHandler
                0x000000000800c8ec                I2C4_ER_IRQHandler
                0x000000000800c8ec                SAI1_IRQHandler
                0x000000000800c8ec                DMA2_Channel3_IRQHandler
                0x000000000800c8ec                TIM1_BRK_TIM15_IRQHandler
 *fill*         0x000000000800c8ee        0x2 
 .text.arm_sin_f32
                0x000000000800c8f0       0x8c D:\202101\ECSE444\IdealGasSimulator\IdealGasSimulator\Lib\libarm_cortexM4lf_math.a(arm_sin_f32.o)
                0x000000000800c8f0                arm_sin_f32
 .text.__errno  0x000000000800c97c        0xc c:/st/stm32cubeide_1.5.1/stm32cubeide/plugins/com.st.stm32cube.ide.mcu.externaltools.gnu-tools-for-stm32.7-2018-q2-update.win32_1.5.0.202011040924/tools/bin/../lib/gcc/arm-none-eabi/7.3.1/../../../../arm-none-eabi/lib/thumb/v7e-m/fpv4-sp/hard\libc_nano.a(lib_a-errno.o)
                0x000000000800c97c                __errno
 .text.__libc_init_array
                0x000000000800c988       0x48 c:/st/stm32cubeide_1.5.1/stm32cubeide/plugins/com.st.stm32cube.ide.mcu.externaltools.gnu-tools-for-stm32.7-2018-q2-update.win32_1.5.0.202011040924/tools/bin/../lib/gcc/arm-none-eabi/7.3.1/../../../../arm-none-eabi/lib/thumb/v7e-m/fpv4-sp/hard\libc_nano.a(lib_a-init.o)
                0x000000000800c988                __libc_init_array
 .text.memcpy   0x000000000800c9d0       0x16 c:/st/stm32cubeide_1.5.1/stm32cubeide/plugins/com.st.stm32cube.ide.mcu.externaltools.gnu-tools-for-stm32.7-2018-q2-update.win32_1.5.0.202011040924/tools/bin/../lib/gcc/arm-none-eabi/7.3.1/../../../../arm-none-eabi/lib/thumb/v7e-m/fpv4-sp/hard\libc_nano.a(lib_a-memcpy-stub.o)
                0x000000000800c9d0                memcpy
 .text.memset   0x000000000800c9e6       0x10 c:/st/stm32cubeide_1.5.1/stm32cubeide/plugins/com.st.stm32cube.ide.mcu.externaltools.gnu-tools-for-stm32.7-2018-q2-update.win32_1.5.0.202011040924/tools/bin/../lib/gcc/arm-none-eabi/7.3.1/../../../../arm-none-eabi/lib/thumb/v7e-m/fpv4-sp/hard\libc_nano.a(lib_a-memset.o)
                0x000000000800c9e6                memset
 *fill*         0x000000000800c9f6        0x2 
 .text.sprintf  0x000000000800c9f8       0x40 c:/st/stm32cubeide_1.5.1/stm32cubeide/plugins/com.st.stm32cube.ide.mcu.externaltools.gnu-tools-for-stm32.7-2018-q2-update.win32_1.5.0.202011040924/tools/bin/../lib/gcc/arm-none-eabi/7.3.1/../../../../arm-none-eabi/lib/thumb/v7e-m/fpv4-sp/hard\libc_nano.a(lib_a-sprintf.o)
                0x000000000800c9f8                siprintf
                0x000000000800c9f8                sprintf
 .text.__ssputs_r
                0x000000000800ca38       0xb4 c:/st/stm32cubeide_1.5.1/stm32cubeide/plugins/com.st.stm32cube.ide.mcu.externaltools.gnu-tools-for-stm32.7-2018-q2-update.win32_1.5.0.202011040924/tools/bin/../lib/gcc/arm-none-eabi/7.3.1/../../../../arm-none-eabi/lib/thumb/v7e-m/fpv4-sp/hard\libc_nano.a(lib_a-nano-svfprintf.o)
                0x000000000800ca38                __ssputs_r
 .text._svfprintf_r
                0x000000000800caec      0x1f0 c:/st/stm32cubeide_1.5.1/stm32cubeide/plugins/com.st.stm32cube.ide.mcu.externaltools.gnu-tools-for-stm32.7-2018-q2-update.win32_1.5.0.202011040924/tools/bin/../lib/gcc/arm-none-eabi/7.3.1/../../../../arm-none-eabi/lib/thumb/v7e-m/fpv4-sp/hard\libc_nano.a(lib_a-nano-svfprintf.o)
                0x000000000800caec                _svfiprintf_r
                0x000000000800caec                _svfprintf_r
 .text._printf_common
                0x000000000800ccdc       0xea c:/st/stm32cubeide_1.5.1/stm32cubeide/plugins/com.st.stm32cube.ide.mcu.externaltools.gnu-tools-for-stm32.7-2018-q2-update.win32_1.5.0.202011040924/tools/bin/../lib/gcc/arm-none-eabi/7.3.1/../../../../arm-none-eabi/lib/thumb/v7e-m/fpv4-sp/hard\libc_nano.a(lib_a-nano-vfprintf_i.o)
                0x000000000800ccdc                _printf_common
 *fill*         0x000000000800cdc6        0x2 
 .text._printf_i
                0x000000000800cdc8      0x224 c:/st/stm32cubeide_1.5.1/stm32cubeide/plugins/com.st.stm32cube.ide.mcu.externaltools.gnu-tools-for-stm32.7-2018-q2-update.win32_1.5.0.202011040924/tools/bin/../lib/gcc/arm-none-eabi/7.3.1/../../../../arm-none-eabi/lib/thumb/v7e-m/fpv4-sp/hard\libc_nano.a(lib_a-nano-vfprintf_i.o)
                0x000000000800cdc8                _printf_i
 .text.memmove  0x000000000800cfec       0x32 c:/st/stm32cubeide_1.5.1/stm32cubeide/plugins/com.st.stm32cube.ide.mcu.externaltools.gnu-tools-for-stm32.7-2018-q2-update.win32_1.5.0.202011040924/tools/bin/../lib/gcc/arm-none-eabi/7.3.1/../../../../arm-none-eabi/lib/thumb/v7e-m/fpv4-sp/hard\libc_nano.a(lib_a-memmove.o)
                0x000000000800cfec                memmove
 *fill*         0x000000000800d01e        0x2 
 .text._free_r  0x000000000800d020       0x9c c:/st/stm32cubeide_1.5.1/stm32cubeide/plugins/com.st.stm32cube.ide.mcu.externaltools.gnu-tools-for-stm32.7-2018-q2-update.win32_1.5.0.202011040924/tools/bin/../lib/gcc/arm-none-eabi/7.3.1/../../../../arm-none-eabi/lib/thumb/v7e-m/fpv4-sp/hard\libc_nano.a(lib_a-nano-freer.o)
                0x000000000800d020                _free_r
 .text._malloc_r
                0x000000000800d0bc       0xb4 c:/st/stm32cubeide_1.5.1/stm32cubeide/plugins/com.st.stm32cube.ide.mcu.externaltools.gnu-tools-for-stm32.7-2018-q2-update.win32_1.5.0.202011040924/tools/bin/../lib/gcc/arm-none-eabi/7.3.1/../../../../arm-none-eabi/lib/thumb/v7e-m/fpv4-sp/hard\libc_nano.a(lib_a-nano-mallocr.o)
                0x000000000800d0bc                _malloc_r
 .text._realloc_r
                0x000000000800d170       0x4c c:/st/stm32cubeide_1.5.1/stm32cubeide/plugins/com.st.stm32cube.ide.mcu.externaltools.gnu-tools-for-stm32.7-2018-q2-update.win32_1.5.0.202011040924/tools/bin/../lib/gcc/arm-none-eabi/7.3.1/../../../../arm-none-eabi/lib/thumb/v7e-m/fpv4-sp/hard\libc_nano.a(lib_a-nano-reallocr.o)
                0x000000000800d170                _realloc_r
 .text._sbrk_r  0x000000000800d1bc       0x20 c:/st/stm32cubeide_1.5.1/stm32cubeide/plugins/com.st.stm32cube.ide.mcu.externaltools.gnu-tools-for-stm32.7-2018-q2-update.win32_1.5.0.202011040924/tools/bin/../lib/gcc/arm-none-eabi/7.3.1/../../../../arm-none-eabi/lib/thumb/v7e-m/fpv4-sp/hard\libc_nano.a(lib_a-sbrkr.o)
                0x000000000800d1bc                _sbrk_r
 .text.__malloc_lock
                0x000000000800d1dc        0x2 c:/st/stm32cubeide_1.5.1/stm32cubeide/plugins/com.st.stm32cube.ide.mcu.externaltools.gnu-tools-for-stm32.7-2018-q2-update.win32_1.5.0.202011040924/tools/bin/../lib/gcc/arm-none-eabi/7.3.1/../../../../arm-none-eabi/lib/thumb/v7e-m/fpv4-sp/hard\libc_nano.a(lib_a-mlock.o)
                0x000000000800d1dc                __malloc_lock
 .text.__malloc_unlock
                0x000000000800d1de        0x2 c:/st/stm32cubeide_1.5.1/stm32cubeide/plugins/com.st.stm32cube.ide.mcu.externaltools.gnu-tools-for-stm32.7-2018-q2-update.win32_1.5.0.202011040924/tools/bin/../lib/gcc/arm-none-eabi/7.3.1/../../../../arm-none-eabi/lib/thumb/v7e-m/fpv4-sp/hard\libc_nano.a(lib_a-mlock.o)
                0x000000000800d1de                __malloc_unlock
 .text._malloc_usable_size_r
                0x000000000800d1e0       0x10 c:/st/stm32cubeide_1.5.1/stm32cubeide/plugins/com.st.stm32cube.ide.mcu.externaltools.gnu-tools-for-stm32.7-2018-q2-update.win32_1.5.0.202011040924/tools/bin/../lib/gcc/arm-none-eabi/7.3.1/../../../../arm-none-eabi/lib/thumb/v7e-m/fpv4-sp/hard\libc_nano.a(lib_a-nano-msizer.o)
                0x000000000800d1e0                _malloc_usable_size_r
 *(.glue_7)
 .glue_7        0x000000000800d1f0        0x0 linker stubs
 *(.glue_7t)
 .glue_7t       0x000000000800d1f0        0x0 linker stubs
 *(.eh_frame)
 .eh_frame      0x000000000800d1f0        0x0 c:/st/stm32cubeide_1.5.1/stm32cubeide/plugins/com.st.stm32cube.ide.mcu.externaltools.gnu-tools-for-stm32.7-2018-q2-update.win32_1.5.0.202011040924/tools/bin/../lib/gcc/arm-none-eabi/7.3.1/thumb/v7e-m/fpv4-sp/hard/crtbegin.o
 *(.init)
 .init          0x000000000800d1f0        0x4 c:/st/stm32cubeide_1.5.1/stm32cubeide/plugins/com.st.stm32cube.ide.mcu.externaltools.gnu-tools-for-stm32.7-2018-q2-update.win32_1.5.0.202011040924/tools/bin/../lib/gcc/arm-none-eabi/7.3.1/thumb/v7e-m/fpv4-sp/hard/crti.o
                0x000000000800d1f0                _init
 .init          0x000000000800d1f4        0x8 c:/st/stm32cubeide_1.5.1/stm32cubeide/plugins/com.st.stm32cube.ide.mcu.externaltools.gnu-tools-for-stm32.7-2018-q2-update.win32_1.5.0.202011040924/tools/bin/../lib/gcc/arm-none-eabi/7.3.1/thumb/v7e-m/fpv4-sp/hard/crtn.o
 *(.fini)
 .fini          0x000000000800d1fc        0x4 c:/st/stm32cubeide_1.5.1/stm32cubeide/plugins/com.st.stm32cube.ide.mcu.externaltools.gnu-tools-for-stm32.7-2018-q2-update.win32_1.5.0.202011040924/tools/bin/../lib/gcc/arm-none-eabi/7.3.1/thumb/v7e-m/fpv4-sp/hard/crti.o
                0x000000000800d1fc                _fini
 .fini          0x000000000800d200        0x8 c:/st/stm32cubeide_1.5.1/stm32cubeide/plugins/com.st.stm32cube.ide.mcu.externaltools.gnu-tools-for-stm32.7-2018-q2-update.win32_1.5.0.202011040924/tools/bin/../lib/gcc/arm-none-eabi/7.3.1/thumb/v7e-m/fpv4-sp/hard/crtn.o
                0x000000000800d208                . = ALIGN (0x4)
                0x000000000800d208                _etext = .

.vfp11_veneer   0x000000000800d208        0x0
 .vfp11_veneer  0x000000000800d208        0x0 linker stubs

.v4_bx          0x000000000800d208        0x0
 .v4_bx         0x000000000800d208        0x0 linker stubs

.iplt           0x000000000800d208        0x0
 .iplt          0x000000000800d208        0x0 c:/st/stm32cubeide_1.5.1/stm32cubeide/plugins/com.st.stm32cube.ide.mcu.externaltools.gnu-tools-for-stm32.7-2018-q2-update.win32_1.5.0.202011040924/tools/bin/../lib/gcc/arm-none-eabi/7.3.1/thumb/v7e-m/fpv4-sp/hard/crtbegin.o

.rodata         0x000000000800d208      0x964
                0x000000000800d208                . = ALIGN (0x4)
 *(.rodata)
 .rodata        0x000000000800d208       0x10 Drivers/STM32L4xx_HAL_Driver/Src/stm32l4xx_hal_uart_ex.o
 .rodata        0x000000000800d218        0x1 Middlewares/Third_Party/FreeRTOS/Source/CMSIS_RTOS/cmsis_os.o
 *fill*         0x000000000800d219        0x3 
 .rodata        0x000000000800d21c        0x5 Middlewares/Third_Party/FreeRTOS/Source/tasks.o
 *fill*         0x000000000800d221        0x3 
 .rodata        0x000000000800d224        0xd Middlewares/Third_Party/FreeRTOS/Source/timers.o
 *fill*         0x000000000800d231        0x3 
 .rodata        0x000000000800d234       0x9e Src/main.o
 *(.rodata*)
 *fill*         0x000000000800d2d2        0x2 
 .rodata.UARTPrescTable
                0x000000000800d2d4       0x18 Drivers/STM32L4xx_HAL_Driver/Src/stm32l4xx_hal_uart.o
                0x000000000800d2d4                UARTPrescTable
 .rodata.AHBPrescTable
                0x000000000800d2ec       0x10 Src/system_stm32l4xx.o
                0x000000000800d2ec                AHBPrescTable
 .rodata.APBPrescTable
                0x000000000800d2fc        0x8 Src/system_stm32l4xx.o
                0x000000000800d2fc                APBPrescTable
 .rodata.MSIRangeTable
                0x000000000800d304       0x30 Src/system_stm32l4xx.o
                0x000000000800d304                MSIRangeTable
 .rodata.sinTable_f32
                0x000000000800d334      0x804 D:\202101\ECSE444\IdealGasSimulator\IdealGasSimulator\Lib\libarm_cortexM4lf_math.a(arm_common_tables.o)
                0x000000000800d334                sinTable_f32
 .rodata._svfprintf_r.str1.1
                0x000000000800db38       0x11 c:/st/stm32cubeide_1.5.1/stm32cubeide/plugins/com.st.stm32cube.ide.mcu.externaltools.gnu-tools-for-stm32.7-2018-q2-update.win32_1.5.0.202011040924/tools/bin/../lib/gcc/arm-none-eabi/7.3.1/../../../../arm-none-eabi/lib/thumb/v7e-m/fpv4-sp/hard\libc_nano.a(lib_a-nano-svfprintf.o)
 .rodata._printf_i.str1.1
                0x000000000800db49       0x22 c:/st/stm32cubeide_1.5.1/stm32cubeide/plugins/com.st.stm32cube.ide.mcu.externaltools.gnu-tools-for-stm32.7-2018-q2-update.win32_1.5.0.202011040924/tools/bin/../lib/gcc/arm-none-eabi/7.3.1/../../../../arm-none-eabi/lib/thumb/v7e-m/fpv4-sp/hard\libc_nano.a(lib_a-nano-vfprintf_i.o)
                0x000000000800db6c                . = ALIGN (0x4)
 *fill*         0x000000000800db6b        0x1 

.ARM.extab      0x000000000800db6c        0x0
                0x000000000800db6c                . = ALIGN (0x4)
 *(.ARM.extab* .gnu.linkonce.armextab.*)
                0x000000000800db6c                . = ALIGN (0x4)

.ARM            0x000000000800db6c        0x8
                0x000000000800db6c                . = ALIGN (0x4)
                0x000000000800db6c                __exidx_start = .
 *(.ARM.exidx*)
 .ARM.exidx     0x000000000800db6c        0x8 c:/st/stm32cubeide_1.5.1/stm32cubeide/plugins/com.st.stm32cube.ide.mcu.externaltools.gnu-tools-for-stm32.7-2018-q2-update.win32_1.5.0.202011040924/tools/bin/../lib/gcc/arm-none-eabi/7.3.1/thumb/v7e-m/fpv4-sp/hard\libgcc.a(_udivmoddi4.o)
                0x000000000800db74                __exidx_end = .
                0x000000000800db74                . = ALIGN (0x4)

.rel.dyn        0x000000000800db74        0x0
 .rel.iplt      0x000000000800db74        0x0 c:/st/stm32cubeide_1.5.1/stm32cubeide/plugins/com.st.stm32cube.ide.mcu.externaltools.gnu-tools-for-stm32.7-2018-q2-update.win32_1.5.0.202011040924/tools/bin/../lib/gcc/arm-none-eabi/7.3.1/thumb/v7e-m/fpv4-sp/hard/crtbegin.o

.preinit_array  0x000000000800db74        0x0
                0x000000000800db74                . = ALIGN (0x4)
                0x000000000800db74                PROVIDE (__preinit_array_start = .)
 *(.preinit_array*)
                0x000000000800db74                PROVIDE (__preinit_array_end = .)
                0x000000000800db74                . = ALIGN (0x4)

.init_array     0x000000000800db74        0x4
                0x000000000800db74                . = ALIGN (0x4)
                0x000000000800db74                PROVIDE (__init_array_start = .)
 *(SORT_BY_NAME(.init_array.*))
 *(.init_array*)
 .init_array    0x000000000800db74        0x4 c:/st/stm32cubeide_1.5.1/stm32cubeide/plugins/com.st.stm32cube.ide.mcu.externaltools.gnu-tools-for-stm32.7-2018-q2-update.win32_1.5.0.202011040924/tools/bin/../lib/gcc/arm-none-eabi/7.3.1/thumb/v7e-m/fpv4-sp/hard/crtbegin.o
                0x000000000800db78                PROVIDE (__init_array_end = .)
                0x000000000800db78                . = ALIGN (0x4)

.fini_array     0x000000000800db78        0x4
                0x000000000800db78                . = ALIGN (0x4)
                [!provide]                        PROVIDE (__fini_array_start = .)
 *(SORT_BY_NAME(.fini_array.*))
 *(.fini_array*)
 .fini_array    0x000000000800db78        0x4 c:/st/stm32cubeide_1.5.1/stm32cubeide/plugins/com.st.stm32cube.ide.mcu.externaltools.gnu-tools-for-stm32.7-2018-q2-update.win32_1.5.0.202011040924/tools/bin/../lib/gcc/arm-none-eabi/7.3.1/thumb/v7e-m/fpv4-sp/hard/crtbegin.o
                [!provide]                        PROVIDE (__fini_array_end = .)
                0x000000000800db7c                . = ALIGN (0x4)
                0x000000000800db7c                _sidata = LOADADDR (.data)

.data           0x0000000020000000      0x108 load address 0x000000000800db7c
                0x0000000020000000                . = ALIGN (0x4)
                0x0000000020000000                _sdata = .
 *(.data)
 *(.data*)
 .data.uwTickPrio
                0x0000000020000000        0x4 Drivers/STM32L4xx_HAL_Driver/Src/stm32l4xx_hal.o
                0x0000000020000000                uwTickPrio
 .data.uwTickFreq
                0x0000000020000004        0x1 Drivers/STM32L4xx_HAL_Driver/Src/stm32l4xx_hal.o
                0x0000000020000004                uwTickFreq
 *fill*         0x0000000020000005        0x3 
 .data.uxCriticalNesting
                0x0000000020000008        0x4 Middlewares/Third_Party/FreeRTOS/Source/portable/GCC/ARM_CM4F/port.o
 .data.HTS221_H_Drv
                0x000000002000000c        0xc Src/hts221.o
                0x000000002000000c                HTS221_H_Drv
 .data.HTS221_T_Drv
                0x0000000020000018       0x10 Src/hts221.o
                0x0000000020000018                HTS221_T_Drv
 .data.LPS22HB_P_Drv
                0x0000000020000028        0xc Src/lps22hb.o
                0x0000000020000028                LPS22HB_P_Drv
 .data.Lsm6dslAccDrv
                0x0000000020000034       0x34 Src/lsm6dsl.o
                0x0000000020000034                Lsm6dslAccDrv
 .data.Lsm6dslGyroDrv
                0x0000000020000068       0x34 Src/lsm6dsl.o
                0x0000000020000068                Lsm6dslGyroDrv
 .data.ringtone
                0x000000002000009c        0x1 Src/main.o
                0x000000002000009c                ringtone
 *fill*         0x000000002000009d        0x3 
 .data.SystemCoreClock
                0x00000000200000a0        0x4 Src/system_stm32l4xx.o
                0x00000000200000a0                SystemCoreClock
 .data._impure_ptr
                0x00000000200000a4        0x4 c:/st/stm32cubeide_1.5.1/stm32cubeide/plugins/com.st.stm32cube.ide.mcu.externaltools.gnu-tools-for-stm32.7-2018-q2-update.win32_1.5.0.202011040924/tools/bin/../lib/gcc/arm-none-eabi/7.3.1/../../../../arm-none-eabi/lib/thumb/v7e-m/fpv4-sp/hard\libc_nano.a(lib_a-impure.o)
                0x00000000200000a4                _impure_ptr
 .data.impure_data
                0x00000000200000a8       0x60 c:/st/stm32cubeide_1.5.1/stm32cubeide/plugins/com.st.stm32cube.ide.mcu.externaltools.gnu-tools-for-stm32.7-2018-q2-update.win32_1.5.0.202011040924/tools/bin/../lib/gcc/arm-none-eabi/7.3.1/../../../../arm-none-eabi/lib/thumb/v7e-m/fpv4-sp/hard\libc_nano.a(lib_a-impure.o)
                0x0000000020000108                . = ALIGN (0x4)
                0x0000000020000108                _edata = .

.igot.plt       0x0000000020000108        0x0 load address 0x000000000800dc84
 .igot.plt      0x0000000020000108        0x0 c:/st/stm32cubeide_1.5.1/stm32cubeide/plugins/com.st.stm32cube.ide.mcu.externaltools.gnu-tools-for-stm32.7-2018-q2-update.win32_1.5.0.202011040924/tools/bin/../lib/gcc/arm-none-eabi/7.3.1/thumb/v7e-m/fpv4-sp/hard/crtbegin.o
                0x0000000020000108                . = ALIGN (0x4)

.bss            0x0000000020000108     0x1ee4 load address 0x000000000800dc84
                0x0000000020000108                _sbss = .
                0x0000000020000108                __bss_start__ = _sbss
 *(.bss)
 .bss           0x0000000020000108       0x1c c:/st/stm32cubeide_1.5.1/stm32cubeide/plugins/com.st.stm32cube.ide.mcu.externaltools.gnu-tools-for-stm32.7-2018-q2-update.win32_1.5.0.202011040924/tools/bin/../lib/gcc/arm-none-eabi/7.3.1/thumb/v7e-m/fpv4-sp/hard/crtbegin.o
 *(.bss*)
 .bss.pxCurrentTCB
                0x0000000020000124        0x4 Middlewares/Third_Party/FreeRTOS/Source/tasks.o
                0x0000000020000124                pxCurrentTCB
 .bss.pxReadyTasksLists
                0x0000000020000128       0x8c Middlewares/Third_Party/FreeRTOS/Source/tasks.o
 .bss.xDelayedTaskList1
                0x00000000200001b4       0x14 Middlewares/Third_Party/FreeRTOS/Source/tasks.o
 .bss.xDelayedTaskList2
                0x00000000200001c8       0x14 Middlewares/Third_Party/FreeRTOS/Source/tasks.o
 .bss.pxDelayedTaskList
                0x00000000200001dc        0x4 Middlewares/Third_Party/FreeRTOS/Source/tasks.o
 .bss.pxOverflowDelayedTaskList
                0x00000000200001e0        0x4 Middlewares/Third_Party/FreeRTOS/Source/tasks.o
 .bss.xPendingReadyList
                0x00000000200001e4       0x14 Middlewares/Third_Party/FreeRTOS/Source/tasks.o
 .bss.xTasksWaitingTermination
                0x00000000200001f8       0x14 Middlewares/Third_Party/FreeRTOS/Source/tasks.o
 .bss.uxDeletedTasksWaitingCleanUp
                0x000000002000020c        0x4 Middlewares/Third_Party/FreeRTOS/Source/tasks.o
 .bss.xSuspendedTaskList
                0x0000000020000210       0x14 Middlewares/Third_Party/FreeRTOS/Source/tasks.o
 .bss.uxCurrentNumberOfTasks
                0x0000000020000224        0x4 Middlewares/Third_Party/FreeRTOS/Source/tasks.o
 .bss.xTickCount
                0x0000000020000228        0x4 Middlewares/Third_Party/FreeRTOS/Source/tasks.o
 .bss.uxTopReadyPriority
                0x000000002000022c        0x4 Middlewares/Third_Party/FreeRTOS/Source/tasks.o
 .bss.xSchedulerRunning
                0x0000000020000230        0x4 Middlewares/Third_Party/FreeRTOS/Source/tasks.o
 .bss.uxPendedTicks
                0x0000000020000234        0x4 Middlewares/Third_Party/FreeRTOS/Source/tasks.o
 .bss.xYieldPending
                0x0000000020000238        0x4 Middlewares/Third_Party/FreeRTOS/Source/tasks.o
 .bss.xNumOfOverflows
                0x000000002000023c        0x4 Middlewares/Third_Party/FreeRTOS/Source/tasks.o
 .bss.uxTaskNumber
                0x0000000020000240        0x4 Middlewares/Third_Party/FreeRTOS/Source/tasks.o
 .bss.xNextTaskUnblockTime
                0x0000000020000244        0x4 Middlewares/Third_Party/FreeRTOS/Source/tasks.o
 .bss.xIdleTaskHandle
                0x0000000020000248        0x4 Middlewares/Third_Party/FreeRTOS/Source/tasks.o
 .bss.uxSchedulerSuspended
                0x000000002000024c        0x4 Middlewares/Third_Party/FreeRTOS/Source/tasks.o
 .bss.xActiveTimerList1
                0x0000000020000250       0x14 Middlewares/Third_Party/FreeRTOS/Source/timers.o
 .bss.xActiveTimerList2
                0x0000000020000264       0x14 Middlewares/Third_Party/FreeRTOS/Source/timers.o
 .bss.pxCurrentTimerList
                0x0000000020000278        0x4 Middlewares/Third_Party/FreeRTOS/Source/timers.o
 .bss.pxOverflowTimerList
                0x000000002000027c        0x4 Middlewares/Third_Party/FreeRTOS/Source/timers.o
 .bss.xTimerQueue
                0x0000000020000280        0x4 Middlewares/Third_Party/FreeRTOS/Source/timers.o
 .bss.xTimerTaskHandle
                0x0000000020000284        0x4 Middlewares/Third_Party/FreeRTOS/Source/timers.o
 .bss.xLastTime.6732
                0x0000000020000288        0x4 Middlewares/Third_Party/FreeRTOS/Source/timers.o
 .bss.ucStaticTimerQueueStorage.6781
                0x000000002000028c       0x78 Middlewares/Third_Party/FreeRTOS/Source/timers.o
 .bss.xStaticTimerQueue.6780
                0x0000000020000304       0x48 Middlewares/Third_Party/FreeRTOS/Source/timers.o
 .bss.ucMaxSysCallPriority
                0x000000002000034c        0x1 Middlewares/Third_Party/FreeRTOS/Source/portable/GCC/ARM_CM4F/port.o
 *fill*         0x000000002000034d        0x3 
 .bss.ulMaxPRIGROUPValue
                0x0000000020000350        0x4 Middlewares/Third_Party/FreeRTOS/Source/portable/GCC/ARM_CM4F/port.o
 .bss.ucHeap    0x0000000020000354      0xbb8 Middlewares/Third_Party/FreeRTOS/Source/portable/MemMang/heap_4.o
 .bss.xStart    0x0000000020000f0c        0x8 Middlewares/Third_Party/FreeRTOS/Source/portable/MemMang/heap_4.o
 .bss.pxEnd     0x0000000020000f14        0x4 Middlewares/Third_Party/FreeRTOS/Source/portable/MemMang/heap_4.o
 .bss.xFreeBytesRemaining
                0x0000000020000f18        0x4 Middlewares/Third_Party/FreeRTOS/Source/portable/MemMang/heap_4.o
 .bss.xMinimumEverFreeBytesRemaining
                0x0000000020000f1c        0x4 Middlewares/Third_Party/FreeRTOS/Source/portable/MemMang/heap_4.o
 .bss.xBlockAllocatedBit
                0x0000000020000f20        0x4 Middlewares/Third_Party/FreeRTOS/Source/portable/MemMang/heap_4.o
 .bss.xIdleTaskTCBBuffer
                0x0000000020000f24       0x54 Src/freertos.o
 .bss.xIdleStack
                0x0000000020000f78      0x200 Src/freertos.o
 .bss.xTimerTaskTCBBuffer
                0x0000000020001178       0x54 Src/freertos.o
 .bss.xTimerStack
                0x00000000200011cc      0x400 Src/freertos.o
 .bss.note      0x00000000200015cc        0x1 Src/main.o
                0x00000000200015cc                note
 *fill*         0x00000000200015cd        0x3 
 .bss.AccelerometerDrv
                0x00000000200015d0        0x4 Src/stm32l4s5i_iot01_accelero.o
 .bss.GyroscopeDrv
                0x00000000200015d4        0x4 Src/stm32l4s5i_iot01_gyro.o
 .bss.Hsensor_drv
                0x00000000200015d8        0x4 Src/stm32l4s5i_iot01_hsensor.o
 .bss.Psensor_drv
                0x00000000200015dc        0x4 Src/stm32l4s5i_iot01_psensor.o
 .bss.tsensor_drv
                0x00000000200015e0        0x4 Src/stm32l4s5i_iot01_tsensor.o
 .bss.__sbrk_heap_end
                0x00000000200015e4        0x4 Src/sysmem.o
 .bss.__malloc_free_list
                0x00000000200015e8        0x4 c:/st/stm32cubeide_1.5.1/stm32cubeide/plugins/com.st.stm32cube.ide.mcu.externaltools.gnu-tools-for-stm32.7-2018-q2-update.win32_1.5.0.202011040924/tools/bin/../lib/gcc/arm-none-eabi/7.3.1/../../../../arm-none-eabi/lib/thumb/v7e-m/fpv4-sp/hard\libc_nano.a(lib_a-nano-mallocr.o)
                0x00000000200015e8                __malloc_free_list
 .bss.__malloc_sbrk_start