Archive member included to satisfy reference by file (symbol)

c:/st/stm32cubeide_1.5.1/stm32cubeide/plugins/com.st.stm32cube.ide.mcu.externaltools.gnu-tools-for-stm32.7-2018-q2-update.win32_1.5.0.202011040924/tools/bin/../lib/gcc/arm-none-eabi/7.3.1/../../../../arm-none-eabi/lib/thumb/v7e-m/fpv4-sp/hard\libc_nano.a(lib_a-errno.o)
                              Src/syscalls.o (__errno)
c:/st/stm32cubeide_1.5.1/stm32cubeide/plugins/com.st.stm32cube.ide.mcu.externaltools.gnu-tools-for-stm32.7-2018-q2-update.win32_1.5.0.202011040924/tools/bin/../lib/gcc/arm-none-eabi/7.3.1/../../../../arm-none-eabi/lib/thumb/v7e-m/fpv4-sp/hard\libc_nano.a(lib_a-exit.o)
                              c:/st/stm32cubeide_1.5.1/stm32cubeide/plugins/com.st.stm32cube.ide.mcu.externaltools.gnu-tools-for-stm32.7-2018-q2-update.win32_1.5.0.202011040924/tools/bin/../lib/gcc/arm-none-eabi/7.3.1/../../../../arm-none-eabi/lib/thumb/v7e-m/fpv4-sp/hard/crt0.o (exit)
c:/st/stm32cubeide_1.5.1/stm32cubeide/plugins/com.st.stm32cube.ide.mcu.externaltools.gnu-tools-for-stm32.7-2018-q2-update.win32_1.5.0.202011040924/tools/bin/../lib/gcc/arm-none-eabi/7.3.1/../../../../arm-none-eabi/lib/thumb/v7e-m/fpv4-sp/hard\libc_nano.a(lib_a-impure.o)
                              c:/st/stm32cubeide_1.5.1/stm32cubeide/plugins/com.st.stm32cube.ide.mcu.externaltools.gnu-tools-for-stm32.7-2018-q2-update.win32_1.5.0.202011040924/tools/bin/../lib/gcc/arm-none-eabi/7.3.1/../../../../arm-none-eabi/lib/thumb/v7e-m/fpv4-sp/hard\libc_nano.a(lib_a-exit.o) (_global_impure_ptr)
c:/st/stm32cubeide_1.5.1/stm32cubeide/plugins/com.st.stm32cube.ide.mcu.externaltools.gnu-tools-for-stm32.7-2018-q2-update.win32_1.5.0.202011040924/tools/bin/../lib/gcc/arm-none-eabi/7.3.1/../../../../arm-none-eabi/lib/thumb/v7e-m/fpv4-sp/hard\libc_nano.a(lib_a-init.o)
                              c:/st/stm32cubeide_1.5.1/stm32cubeide/plugins/com.st.stm32cube.ide.mcu.externaltools.gnu-tools-for-stm32.7-2018-q2-update.win32_1.5.0.202011040924/tools/bin/../lib/gcc/arm-none-eabi/7.3.1/../../../../arm-none-eabi/lib/thumb/v7e-m/fpv4-sp/hard/crt0.o (__libc_init_array)
c:/st/stm32cubeide_1.5.1/stm32cubeide/plugins/com.st.stm32cube.ide.mcu.externaltools.gnu-tools-for-stm32.7-2018-q2-update.win32_1.5.0.202011040924/tools/bin/../lib/gcc/arm-none-eabi/7.3.1/../../../../arm-none-eabi/lib/thumb/v7e-m/fpv4-sp/hard\libc_nano.a(lib_a-memcpy-stub.o)
                              Middlewares/Third_Party/FreeRTOS/Source/queue.o (memcpy)
c:/st/stm32cubeide_1.5.1/stm32cubeide/plugins/com.st.stm32cube.ide.mcu.externaltools.gnu-tools-for-stm32.7-2018-q2-update.win32_1.5.0.202011040924/tools/bin/../lib/gcc/arm-none-eabi/7.3.1/../../../../arm-none-eabi/lib/thumb/v7e-m/fpv4-sp/hard\libc_nano.a(lib_a-memset.o)
                              c:/st/stm32cubeide_1.5.1/stm32cubeide/plugins/com.st.stm32cube.ide.mcu.externaltools.gnu-tools-for-stm32.7-2018-q2-update.win32_1.5.0.202011040924/tools/bin/../lib/gcc/arm-none-eabi/7.3.1/../../../../arm-none-eabi/lib/thumb/v7e-m/fpv4-sp/hard/crt0.o (memset)
c:/st/stm32cubeide_1.5.1/stm32cubeide/plugins/com.st.stm32cube.ide.mcu.externaltools.gnu-tools-for-stm32.7-2018-q2-update.win32_1.5.0.202011040924/tools/bin/../lib/gcc/arm-none-eabi/7.3.1/../../../../arm-none-eabi/lib/thumb/v7e-m/fpv4-sp/hard\libc_nano.a(lib_a-sprintf.o)
                              Src/main.o (sprintf)
c:/st/stm32cubeide_1.5.1/stm32cubeide/plugins/com.st.stm32cube.ide.mcu.externaltools.gnu-tools-for-stm32.7-2018-q2-update.win32_1.5.0.202011040924/tools/bin/../lib/gcc/arm-none-eabi/7.3.1/../../../../arm-none-eabi/lib/thumb/v7e-m/fpv4-sp/hard\libc_nano.a(lib_a-strlen.o)
                              Src/main.o (strlen)
c:/st/stm32cubeide_1.5.1/stm32cubeide/plugins/com.st.stm32cube.ide.mcu.externaltools.gnu-tools-for-stm32.7-2018-q2-update.win32_1.5.0.202011040924/tools/bin/../lib/gcc/arm-none-eabi/7.3.1/../../../../arm-none-eabi/lib/thumb/v7e-m/fpv4-sp/hard\libc_nano.a(lib_a-nano-svfprintf.o)
                              c:/st/stm32cubeide_1.5.1/stm32cubeide/plugins/com.st.stm32cube.ide.mcu.externaltools.gnu-tools-for-stm32.7-2018-q2-update.win32_1.5.0.202011040924/tools/bin/../lib/gcc/arm-none-eabi/7.3.1/../../../../arm-none-eabi/lib/thumb/v7e-m/fpv4-sp/hard\libc_nano.a(lib_a-sprintf.o) (_svfprintf_r)
c:/st/stm32cubeide_1.5.1/stm32cubeide/plugins/com.st.stm32cube.ide.mcu.externaltools.gnu-tools-for-stm32.7-2018-q2-update.win32_1.5.0.202011040924/tools/bin/../lib/gcc/arm-none-eabi/7.3.1/../../../../arm-none-eabi/lib/thumb/v7e-m/fpv4-sp/hard\libc_nano.a(lib_a-nano-vfprintf_i.o)
                              c:/st/stm32cubeide_1.5.1/stm32cubeide/plugins/com.st.stm32cube.ide.mcu.externaltools.gnu-tools-for-stm32.7-2018-q2-update.win32_1.5.0.202011040924/tools/bin/../lib/gcc/arm-none-eabi/7.3.1/../../../../arm-none-eabi/lib/thumb/v7e-m/fpv4-sp/hard\libc_nano.a(lib_a-nano-svfprintf.o) (_printf_i)
[...]
Memory Configuration

Name             Origin             Length             Attributes
RAM              0x0000000020000000 0x00000000000a0000 xrw
FLASH            0x0000000008000000 0x0000000000200000 xr
*default*        0x0000000000000000 0xffffffffffffffff

Linker script and memory map

LOAD c:/st/stm32cubeide_1.5.1/stm32cubeide/plugins/com.st.stm32cube.ide.mcu.externaltools.gnu-tools-for-stm32.7-2018-q2-update.win32_1.5.0.202011040924/tools/bin/../lib/gcc/arm-none-eabi/7.3.1/thumb/v7e-m/fpv4-sp/hard/crti.o
LOAD c:/st/stm32cubeide_1.5.1/stm32cubeide/plugins/com.st.stm32cube.ide.mcu.externaltools.gnu-tools-for-stm32.7-2018-q2-update.win32_1.5.0.202011040924/tools/bin/../lib/gcc/arm-none-eabi/7.3.1/thumb/v7e-m/fpv4-sp/hard/crtbegin.o
LOAD c:/st/stm32cubeide_1.5.1/stm32cubeide/plugins/com.st.stm32cube.ide.mcu.externaltools.gnu-tools-for-stm32.7-2018-q2-update.win32_1.5.0.202011040924/tools/bin/../lib/gcc/arm-none-eabi/7.3.1/../../../../arm-none-eabi/lib/thumb/v7e-m/fpv4-sp/hard/crt0.o
LOAD Drivers/STM32L4xx_HAL_Driver/Src/stm32l4xx_hal.o
LOAD Drivers/STM32L4xx_HAL_Driver/Src/stm32l4xx_hal_cortex.o
LOAD Drivers/STM32L4xx_HAL_Driver/Src/stm32l4xx_hal_dma.o
LOAD Drivers/STM32L4xx_HAL_Driver/Src/stm32l4xx_hal_dma_ex.o
LOAD Drivers/STM32L4xx_HAL_Driver/Src/stm32l4xx_hal_exti.o
LOAD Drivers/STM32L4xx_HAL_Driver/Src/stm32l4xx_hal_flash.o
LOAD Drivers/STM32L4xx_HAL_Driver/Src/stm32l4xx_hal_flash_ex.o
LOAD Drivers/STM32L4xx_HAL_Driver/Src/stm32l4xx_hal_flash_ramfunc.o
LOAD Drivers/STM32L4xx_HAL_Driver/Src/stm32l4xx_hal_gpio.o
LOAD Drivers/STM32L4xx_HAL_Driver/Src/stm32l4xx_hal_i2c.o
LOAD Drivers/STM32L4xx_HAL_Driver/Src/stm32l4xx_hal_i2c_ex.o
LOAD Drivers/STM32L4xx_HAL_Driver/Src/stm32l4xx_hal_pwr.o
LOAD Drivers/STM32L4xx_HAL_Driver/Src/stm32l4xx_hal_pwr_ex.o
LOAD Drivers/STM32L4xx_HAL_Driver/Src/stm32l4xx_hal_rcc.o
LOAD Drivers/STM32L4xx_HAL_Driver/Src/stm32l4xx_hal_rcc_ex.o
LOAD Drivers/STM32L4xx_HAL_Driver/Src/stm32l4xx_hal_tim.o
LOAD Drivers/STM32L4xx_HAL_Driver/Src/stm32l4xx_hal_tim_ex.o
LOAD Drivers/STM32L4xx_HAL_Driver/Src/stm32l4xx_hal_uart.o
LOAD Drivers/STM32L4xx_HAL_Driver/Src/stm32l4xx_hal_uart_ex.o
LOAD Middlewares/Third_Party/FreeRTOS/Source/CMSIS_RTOS/cmsis_os.o
LOAD Middlewares/Third_Party/FreeRTOS/Source/croutine.o
LOAD Middlewares/Third_Party/FreeRTOS/Source/event_groups.o
LOAD Middlewares/Third_Party/FreeRTOS/Source/list.o
LOAD Middlewares/Third_Party/FreeRTOS/Source/queue.o
LOAD Middlewares/Third_Party/FreeRTOS/Source/stream_buffer.o
LOAD Middlewares/Third_Party/FreeRTOS/Source/tasks.o
LOAD Middlewares/Third_Party/FreeRTOS/Source/timers.o
LOAD Middlewares/Third_Party/FreeRTOS/Source/portable/GCC/ARM_CM4F/port.o
LOAD Middlewares/Third_Party/FreeRTOS/Source/portable/MemMang/heap_4.o
LOAD Src/freertos.o
LOAD Src/hts221.o
LOAD Src/lis3mdl.o
LOAD Src/lps22hb.o
LOAD Src/lsm6dsl.o
LOAD Src/main.o
LOAD Src/stm32l4s5i_iot01.o
LOAD Src/stm32l4s5i_iot01_accelero.o
LOAD Src/stm32l4s5i_iot01_gyro.o
LOAD Src/stm32l4s5i_iot01_hsensor.o
LOAD Src/stm32l4s5i_iot01_magneto.o
LOAD Src/stm32l4s5i_iot01_nfctag.o
LOAD Src/stm32l4s5i_iot01_psensor.o
LOAD Src/stm32l4s5i_iot01_tsensor.o
LOAD Src/stm32l4xx_hal_msp.o
LOAD Src/stm32l4xx_hal_timebase_tim.o
LOAD Src/stm32l4xx_it.o
LOAD Src/syscalls.o
LOAD Src/sysmem.o
LOAD Src/system_stm32l4xx.o
LOAD Startup/startup_stm32l4s5vitx.o
LOAD D:\202101\ECSE444\Lab4_Part2\Lab4\Lib\libarm_cortexM4lf_math.a
START GROUP
LOAD c:/st/stm32cubeide_1.5.1/stm32cubeide/plugins/com.st.stm32cube.ide.mcu.externaltools.gnu-tools-for-stm32.7-2018-q2-update.win32_1.5.0.202011040924/tools/bin/../lib/gcc/arm-none-eabi/7.3.1/../../../../arm-none-eabi/lib/thumb/v7e-m/fpv4-sp/hard\libc_nano.a
LOAD c:/st/stm32cubeide_1.5.1/stm32cubeide/plugins/com.st.stm32cube.ide.mcu.externaltools.gnu-tools-for-stm32.7-2018-q2-update.win32_1.5.0.202011040924/tools/bin/../lib/gcc/arm-none-eabi/7.3.1/../../../../arm-none-eabi/lib/thumb/v7e-m/fpv4-sp/hard\libm.a
END GROUP
START GROUP
LOAD c:/st/stm32cubeide_1.5.1/stm32cubeide/plugins/com.st.stm32cube.ide.mcu.externaltools.gnu-tools-for-stm32.7-2018-q2-update.win32_1.5.0.202011040924/tools/bin/../lib/gcc/arm-none-eabi/7.3.1/thumb/v7e-m/fpv4-sp/hard\libgcc.a
LOAD c:/st/stm32cubeide_1.5.1/stm32cubeide/plugins/com.st.stm32cube.ide.mcu.externaltools.gnu-tools-for-stm32.7-2018-q2-update.win32_1.5.0.202011040924/tools/bin/../lib/gcc/arm-none-eabi/7.3.1/../../../../arm-none-eabi/lib/thumb/v7e-m/fpv4-sp/hard\libc_nano.a
END GROUP
START GROUP
LOAD c:/st/stm32cubeide_1.5.1/stm32cubeide/plugins/com.st.stm32cube.ide.mcu.externaltools.gnu-tools-for-stm32.7-2018-q2-update.win32_1.5.0.202011040924/tools/bin/../lib/gcc/arm-none-eabi/7.3.1/thumb/v7e-m/fpv4-sp/hard\libgcc.a
LOAD c:/st/stm32cubeide_1.5.1/stm32cubeide/plugins/com.st.stm32cube.ide.mcu.externaltools.gnu-tools-for-stm32.7-2018-q2-update.win32_1.5.0.202011040924/tools/bin/../lib/gcc/arm-none-eabi/7.3.1/../../../../arm-none-eabi/lib/thumb/v7e-m/fpv4-sp/hard\libc_nano.a
LOAD c:/st/stm32cubeide_1.5.1/stm32cubeide/plugins/com.st.stm32cube.ide.mcu.externaltools.gnu-tools-for-stm32.7-2018-q2-update.win32_1.5.0.202011040924/tools/bin/../lib/gcc/arm-none-eabi/7.3.1/../../../../arm-none-eabi/lib/thumb/v7e-m/fpv4-sp/hard\libnosys.a
END GROUP
START GROUP
LOAD c:/st/stm32cubeide_1.5.1/stm32cubeide/plugins/com.st.stm32cube.ide.mcu.externaltools.gnu-tools-for-stm32.7-2018-q2-update.win32_1.5.0.202011040924/tools/bin/../lib/gcc/arm-none-eabi/7.3.1/thumb/v7e-m/fpv4-sp/hard\libgcc.a
LOAD c:/st/stm32cubeide_1.5.1/stm32cubeide/plugins/com.st.stm32cube.ide.mcu.externaltools.gnu-tools-for-stm32.7-2018-q2-update.win32_1.5.0.202011040924/tools/bin/../lib/gcc/arm-none-eabi/7.3.1/../../../../arm-none-eabi/lib/thumb/v7e-m/fpv4-sp/hard\libc_nano.a
LOAD c:/st/stm32cubeide_1.5.1/stm32cubeide/plugins/com.st.stm32cube.ide.mcu.externaltools.gnu-tools-for-stm32.7-2018-q2-update.win32_1.5.0.202011040924/tools/bin/../lib/gcc/arm-none-eabi/7.3.1/../../../../arm-none-eabi/lib/thumb/v7e-m/fpv4-sp/hard\libnosys.a
END GROUP
LOAD c:/st/stm32cubeide_1.5.1/stm32cubeide/plugins/com.st.stm32cube.ide.mcu.externaltools.gnu-tools-for-stm32.7-2018-q2-update.win32_1.5.0.202011040924/tools/bin/../lib/gcc/arm-none-eabi/7.3.1/thumb/v7e-m/fpv4-sp/hard/crtend.o
LOAD c:/st/stm32cubeide_1.5.1/stm32cubeide/plugins/com.st.stm32cube.ide.mcu.externaltools.gnu-tools-for-stm32.7-2018-q2-update.win32_1.5.0.202011040924/tools/bin/../lib/gcc/arm-none-eabi/7.3.1/thumb/v7e-m/fpv4-sp/hard/crtn.o
                0x00000000200a0000                _estack = (ORIGIN (RAM) + LENGTH (RAM))
                0x0000000000000200                _Min_Heap_Size = 0x200
                0x0000000000000400                _Min_Stack_Size = 0x400

.isr_vector     0x0000000008000000      0x1bc
                0x0000000008000000                . = ALIGN (0x4)
 *(.isr_vector)
 .isr_vector    0x0000000008000000      0x1bc Startup/startup_stm32l4s5vitx.o
                0x0000000008000000                g_pfnVectors
                0x00000000080001bc                . = ALIGN (0x4)

.text           0x00000000080001c0     0xc13c
                0x00000000080001c0                . = ALIGN (0x4)
 *(.text)
 .text          0x00000000080001c0       0x40 c:/st/stm32cubeide_1.5.1/stm32cubeide/plugins/com.st.stm32cube.ide.mcu.externaltools.gnu-tools-for-stm32.7-2018-q2-update.win32_1.5.0.202011040924/tools/bin/../lib/gcc/arm-none-eabi/7.3.1/thumb/v7e-m/fpv4-sp/hard/crtbegin.o
 .text          0x0000000008000200       0x10 c:/st/stm32cubeide_1.5.1/stm32cubeide/plugins/com.st.stm32cube.ide.mcu.externaltools.gnu-tools-for-stm32.7-2018-q2-update.win32_1.5.0.202011040924/tools/bin/../lib/gcc/arm-none-eabi/7.3.1/../../../../arm-none-eabi/lib/thumb/v7e-m/fpv4-sp/hard\libc_nano.a(lib_a-strlen.o)
                0x0000000008000200                strlen
 .text          0x0000000008000210       0xa0 c:/st/stm32cubeide_1.5.1/stm32cubeide/plugins/com.st.stm32cube.ide.mcu.externaltools.gnu-tools-for-stm32.7-2018-q2-update.win32_1.5.0.202011040924/tools/bin/../lib/gcc/arm-none-eabi/7.3.1/../../../../arm-none-eabi/lib/thumb/v7e-m/fpv4-sp/hard\libc_nano.a(lib_a-memchr.o)
                0x0000000008000210                memchr
 .text          0x00000000080002b0      0x378 c:/st/stm32cubeide_1.5.1/stm32cubeide/plugins/com.st.stm32cube.ide.mcu.externaltools.gnu-tools-for-stm32.7-2018-q2-update.win32_1.5.0.202011040924/tools/bin/../lib/gcc/arm-none-eabi/7.3.1/thumb/v7e-m/fpv4-sp/hard\libgcc.a(_arm_addsubdf3.o)
                0x00000000080002b0                __aeabi_drsub
                0x00000000080002b8                __aeabi_dsub
                0x00000000080002b8                __subdf3
                0x00000000080002bc                __aeabi_dadd
                0x00000000080002bc                __adddf3
                0x0000000008000534                __floatunsidf
                0x0000000008000534                __aeabi_ui2d
                0x0000000008000554                __floatsidf
                0x0000000008000554                __aeabi_i2d
                0x0000000008000578                __aeabi_f2d
                0x0000000008000578                __extendsfdf2
                0x00000000080005bc                __floatundidf
                0x00000000080005bc                __aeabi_ul2d
                0x00000000080005cc                __floatdidf
                0x00000000080005cc                __aeabi_l2d
 .text          0x0000000008000628      0x424 c:/st/stm32cubeide_1.5.1/stm32cubeide/plugins/com.st.stm32cube.ide.mcu.externaltools.gnu-tools-for-stm32.7-2018-q2-update.win32_1.5.0.202011040924/tools/bin/../lib/gcc/arm-none-eabi/7.3.1/thumb/v7e-m/fpv4-sp/hard\libgcc.a(_arm_muldivdf3.o)
                0x0000000008000628                __aeabi_dmul
                0x0000000008000628                __muldf3
                0x000000000800087c                __divdf3
                0x000000000800087c                __aeabi_ddiv
 .text          0x0000000008000a4c      0x110 c:/st/stm32cubeide_1.5.1/stm32cubeide/plugins/com.st.stm32cube.ide.mcu.externaltools.gnu-tools-for-stm32.7-2018-q2-update.win32_1.5.0.202011040924/tools/bin/../lib/gcc/arm-none-eabi/7.3.1/thumb/v7e-m/fpv4-sp/hard\libgcc.a(_arm_cmpdf2.o)
                0x0000000008000a4c                __gtdf2
                0x0000000008000a4c                __gedf2
                0x0000000008000a54                __ltdf2
                0x0000000008000a54                __ledf2
                0x0000000008000a5c                __nedf2
                0x0000000008000a5c                __eqdf2
                0x0000000008000a5c                __cmpdf2
                0x0000000008000ad8                __aeabi_cdrcmple
                0x0000000008000ae8                __aeabi_cdcmpeq
                0x0000000008000ae8                __aeabi_cdcmple
                0x0000000008000af8                __aeabi_dcmpeq
                0x0000000008000b0c                __aeabi_dcmplt
                0x0000000008000b20                __aeabi_dcmple
                0x0000000008000b34                __aeabi_dcmpge
                0x0000000008000b48                __aeabi_dcmpgt
 .text          0x0000000008000b5c       0x2c c:/st/stm32cubeide_1.5.1/stm32cubeide/plugins/com.st.stm32cube.ide.mcu.externaltools.gnu-tools-for-stm32.7-2018-q2-update.win32_1.5.0.202011040924/tools/bin/../lib/gcc/arm-none-eabi/7.3.1/thumb/v7e-m/fpv4-sp/hard\libgcc.a(_arm_unorddf2.o)
                0x0000000008000b5c                __unorddf2
                0x0000000008000b5c                __aeabi_dcmpun
 .text          0x0000000008000b88       0x40 c:/st/stm32cubeide_1.5.1/stm32cubeide/plugins/com.st.stm32cube.ide.mcu.externaltools.gnu-tools-for-stm32.7-2018-q2-update.win32_1.5.0.202011040924/tools/bin/../lib/gcc/arm-none-eabi/7.3.1/thumb/v7e-m/fpv4-sp/hard\libgcc.a(_arm_fixunsdfsi.o)
                0x0000000008000b88                __aeabi_d2uiz
                0x0000000008000b88                __fixunsdfsi
 .text          0x0000000008000bc8       0x30 c:/st/stm32cubeide_1.5.1/stm32cubeide/plugins/com.st.stm32cube.ide.mcu.externaltools.gnu-tools-for-stm32.7-2018-q2-update.win32_1.5.0.202011040924/tools/bin/../lib/gcc/arm-none-eabi/7.3.1/thumb/v7e-m/fpv4-sp/hard\libgcc.a(_aeabi_uldivmod.o)
                0x0000000008000bc8                __aeabi_uldivmod
 .text          0x0000000008000bf8      0x2cc c:/st/stm32cubeide_1.5.1/stm32cubeide/plugins/com.st.stm32cube.ide.mcu.externaltools.gnu-tools-for-stm32.7-2018-q2-update.win32_1.5.0.202011040924/tools/bin/../lib/gcc/arm-none-eabi/7.3.1/thumb/v7e-m/fpv4-sp/hard\libgcc.a(_udivmoddi4.o)
                0x0000000008000bf8                __udivmoddi4
 .text          0x0000000008000ec4        0x4 c:/st/stm32cubeide_1.5.1/stm32cubeide/plugins/com.st.stm32cube.ide.mcu.externaltools.gnu-tools-for-stm32.7-2018-q2-update.win32_1.5.0.202011040924/tools/bin/../lib/gcc/arm-none-eabi/7.3.1/thumb/v7e-m/fpv4-sp/hard\libgcc.a(_dvmd_tls.o)
                0x0000000008000ec4                __aeabi_idiv0
                0x0000000008000ec4                __aeabi_ldiv0
 *(.text*)
 .text.HAL_Init
                0x0000000008000ec8       0x30 Drivers/STM32L4xx_HAL_Driver/Src/stm32l4xx_hal.o
                0x0000000008000ec8                HAL_Init
 .text.HAL_IncTick
                0x0000000008000ef8       0x28 Drivers/STM32L4xx_HAL_Driver/Src/stm32l4xx_hal.o
                0x0000000008000ef8                HAL_IncTick
 .text.HAL_GetTick
                0x0000000008000f20       0x18 Drivers/STM32L4xx_HAL_Driver/Src/stm32l4xx_hal.o
                0x0000000008000f20                HAL_GetTick
 .text.HAL_Delay
                0x0000000008000f38       0x44 Drivers/STM32L4xx_HAL_Driver/Src/stm32l4xx_hal.o
                0x0000000008000f38                HAL_Delay
 .text.__NVIC_SetPriorityGrouping
                0x0000000008000f7c       0x48 Drivers/STM32L4xx_HAL_Driver/Src/stm32l4xx_hal_cortex.o
 .text.__NVIC_GetPriorityGrouping
                0x0000000008000fc4       0x1c Drivers/STM32L4xx_HAL_Driver/Src/stm32l4xx_hal_cortex.o
 .text.__NVIC_EnableIRQ
                0x0000000008000fe0       0x3c Drivers/STM32L4xx_HAL_Driver/Src/stm32l4xx_hal_cortex.o
 .text.__NVIC_SetPriority
                0x000000000800101c       0x54 Drivers/STM32L4xx_HAL_Driver/Src/stm32l4xx_hal_cortex.o
 .text.NVIC_EncodePriority
                0x0000000008001070       0x66 Drivers/STM32L4xx_HAL_Driver/Src/stm32l4xx_hal_cortex.o
 .text.HAL_NVIC_SetPriorityGrouping
                0x00000000080010d6       0x16 Drivers/STM32L4xx_HAL_Driver/Src/stm32l4xx_hal_cortex.o
                0x00000000080010d6                HAL_NVIC_SetPriorityGrouping
 .text.HAL_NVIC_SetPriority
                0x00000000080010ec       0x38 Drivers/STM32L4xx_HAL_Driver/Src/stm32l4xx_hal_cortex.o
                0x00000000080010ec                HAL_NVIC_SetPriority
 .text.HAL_NVIC_EnableIRQ
                0x0000000008001124       0x1c Drivers/STM32L4xx_HAL_Driver/Src/stm32l4xx_hal_cortex.o
                0x0000000008001124                HAL_NVIC_EnableIRQ
 .text.HAL_GPIO_Init
                0x0000000008001140      0x324 Drivers/STM32L4xx_HAL_Driver/Src/stm32l4xx_hal_gpio.o
                0x0000000008001140                HAL_GPIO_Init
 .text.HAL_GPIO_DeInit
                0x0000000008001464      0x1e4 Drivers/STM32L4xx_HAL_Driver/Src/stm32l4xx_hal_gpio.o
                0x0000000008001464                HAL_GPIO_DeInit
 .text.HAL_GPIO_WritePin
                0x0000000008001648       0x30 Drivers/STM32L4xx_HAL_Driver/Src/stm32l4xx_hal_gpio.o
                0x0000000008001648                HAL_GPIO_WritePin
 .text.HAL_GPIO_TogglePin
                0x0000000008001678       0x34 Drivers/STM32L4xx_HAL_Driver/Src/stm32l4xx_hal_gpio.o
                0x0000000008001678                HAL_GPIO_TogglePin
 .text.HAL_GPIO_EXTI_IRQHandler
                0x00000000080016ac       0x30 Drivers/STM32L4xx_HAL_Driver/Src/stm32l4xx_hal_gpio.o
                0x00000000080016ac                HAL_GPIO_EXTI_IRQHandler
 .text.HAL_I2C_Init
                0x00000000080016dc      0x11e Drivers/STM32L4xx_HAL_Driver/Src/stm32l4xx_hal_i2c.o
                0x00000000080016dc                HAL_I2C_Init
 .text.HAL_I2C_DeInit
                0x00000000080017fa       0x5e Drivers/STM32L4xx_HAL_Driver/Src/stm32l4xx_hal_i2c.o
                0x00000000080017fa                HAL_I2C_DeInit
 .text.HAL_I2C_Mem_Write
                0x0000000008001858      0x228 Drivers/STM32L4xx_HAL_Driver/Src/stm32l4xx_hal_i2c.o
                0x0000000008001858                HAL_I2C_Mem_Write
 .text.HAL_I2C_Mem_Read
                0x0000000008001a80      0x234 Drivers/STM32L4xx_HAL_Driver/Src/stm32l4xx_hal_i2c.o
                0x0000000008001a80                HAL_I2C_Mem_Read
 .text.I2C_RequestMemoryWrite
                0x0000000008001cb4       0xa8 Drivers/STM32L4xx_HAL_Driver/Src/stm32l4xx_hal_i2c.o
 .text.I2C_RequestMemoryRead
                0x0000000008001d5c       0xa8 Drivers/STM32L4xx_HAL_Driver/Src/stm32l4xx_hal_i2c.o
 .text.I2C_Flush_TXDR
                0x0000000008001e04       0x48 Drivers/STM32L4xx_HAL_Driver/Src/stm32l4xx_hal_i2c.o
 .text.I2C_WaitOnFlagUntilTimeout
                0x0000000008001e4c       0x80 Drivers/STM32L4xx_HAL_Driver/Src/stm32l4xx_hal_i2c.o
 .text.I2C_WaitOnTXISFlagUntilTimeout
                0x0000000008001ecc       0x80 Drivers/STM32L4xx_HAL_Driver/Src/stm32l4xx_hal_i2c.o
 .text.I2C_WaitOnSTOPFlagUntilTimeout
                0x0000000008001f4c       0x78 Drivers/STM32L4xx_HAL_Driver/Src/stm32l4xx_hal_i2c.o
 .text.I2C_IsAcknowledgeFailed
                0x0000000008001fc4       0xcc Drivers/STM32L4xx_HAL_Driver/Src/stm32l4xx_hal_i2c.o
 .text.I2C_TransferConfig
                0x0000000008002090       0x5c Drivers/STM32L4xx_HAL_Driver/Src/stm32l4xx_hal_i2c.o
 .text.HAL_I2CEx_ConfigAnalogFilter
                0x00000000080020ec       0x96 Drivers/STM32L4xx_HAL_Driver/Src/stm32l4xx_hal_i2c_ex.o
                0x00000000080020ec                HAL_I2CEx_ConfigAnalogFilter
 .text.HAL_I2CEx_ConfigDigitalFilter
                0x0000000008002182       0x98 Drivers/STM32L4xx_HAL_Driver/Src/stm32l4xx_hal_i2c_ex.o
                0x0000000008002182                HAL_I2CEx_ConfigDigitalFilter
 *fill*         0x000000000800221a        0x2 
 .text.HAL_PWREx_GetVoltageRange
                0x000000000800221c       0x40 Drivers/STM32L4xx_HAL_Driver/Src/stm32l4xx_hal_pwr_ex.o
                0x000000000800221c                HAL_PWREx_GetVoltageRange
 .text.HAL_PWREx_ControlVoltageScaling
                0x000000000800225c      0x148 Drivers/STM32L4xx_HAL_Driver/Src/stm32l4xx_hal_pwr_ex.o
                0x000000000800225c                HAL_PWREx_ControlVoltageScaling
 .text.HAL_RCC_OscConfig
                0x00000000080023a4      0x84c Drivers/STM32L4xx_HAL_Driver/Src/stm32l4xx_hal_rcc.o
                0x00000000080023a4                HAL_RCC_OscConfig
 .text.HAL_RCC_ClockConfig
                0x0000000008002bf0      0x258 Drivers/STM32L4xx_HAL_Driver/Src/stm32l4xx_hal_rcc.o
                0x0000000008002bf0                HAL_RCC_ClockConfig
 .text.HAL_RCC_GetSysClockFreq
                0x0000000008002e48      0x114 Drivers/STM32L4xx_HAL_Driver/Src/stm32l4xx_hal_rcc.o
                0x0000000008002e48                HAL_RCC_GetSysClockFreq
 .text.HAL_RCC_GetHCLKFreq
                0x0000000008002f5c       0x18 Drivers/STM32L4xx_HAL_Driver/Src/stm32l4xx_hal_rcc.o
                0x0000000008002f5c                HAL_RCC_GetHCLKFreq
 .text.HAL_RCC_GetPCLK1Freq
                0x0000000008002f74       0x2c Drivers/STM32L4xx_HAL_Driver/Src/stm32l4xx_hal_rcc.o
                0x0000000008002f74                HAL_RCC_GetPCLK1Freq
 .text.HAL_RCC_GetPCLK2Freq
                0x0000000008002fa0       0x2c Drivers/STM32L4xx_HAL_Driver/Src/stm32l4xx_hal_rcc.o
                0x0000000008002fa0                HAL_RCC_GetPCLK2Freq
 .text.HAL_RCC_GetClockConfig
                0x0000000008002fcc       0x64 Drivers/STM32L4xx_HAL_Driver/Src/stm32l4xx_hal_rcc.o
                0x0000000008002fcc                HAL_RCC_GetClockConfig
 .text.RCC_SetFlashLatencyFromMSIRange
                0x0000000008003030       0xb4 Drivers/STM32L4xx_HAL_Driver/Src/stm32l4xx_hal_rcc.o
 .text.RCC_GetSysClockFreqFromPLLSource
                0x00000000080030e4       0xd0 Drivers/STM32L4xx_HAL_Driver/Src/stm32l4xx_hal_rcc.o
 .text.HAL_RCCEx_PeriphCLKConfig
                0x00000000080031b4      0x650 Drivers/STM32L4xx_HAL_Driver/Src/stm32l4xx_hal_rcc_ex.o
                0x00000000080031b4                HAL_RCCEx_PeriphCLKConfig
 .text.RCCEx_PLLSAI1_Config
                0x0000000008003804      0x1e0 Drivers/STM32L4xx_HAL_Driver/Src/stm32l4xx_hal_rcc_ex.o
 .text.RCCEx_PLLSAI2_Config
                0x00000000080039e4      0x1e0 Drivers/STM32L4xx_HAL_Driver/Src/stm32l4xx_hal_rcc_ex.o
 .text.HAL_TIM_Base_Init
                0x0000000008003bc4       0xae Drivers/STM32L4xx_HAL_Driver/Src/stm32l4xx_hal_tim.o
                0x0000000008003bc4                HAL_TIM_Base_Init
 *fill*         0x0000000008003c72        0x2 
 .text.HAL_TIM_Base_Start_IT
                0x0000000008003c74       0xe0 Drivers/STM32L4xx_HAL_Driver/Src/stm32l4xx_hal_tim.o
                0x0000000008003c74                HAL_TIM_Base_Start_IT
 .text.HAL_TIM_IRQHandler
                0x0000000008003d54      0x23e Drivers/STM32L4xx_HAL_Driver/Src/stm32l4xx_hal_tim.o
                0x0000000008003d54                HAL_TIM_IRQHandler
 .text.HAL_TIM_ConfigClockSource
                0x0000000008003f92      0x172 Drivers/STM32L4xx_HAL_Driver/Src/stm32l4xx_hal_tim.o
                0x0000000008003f92                HAL_TIM_ConfigClockSource
 .text.HAL_TIM_OC_DelayElapsedCallback
                0x0000000008004104       0x14 Drivers/STM32L4xx_HAL_Driver/Src/stm32l4xx_hal_tim.o
                0x0000000008004104                HAL_TIM_OC_DelayElapsedCallback
 .text.HAL_TIM_IC_CaptureCallback
                0x0000000008004118       0x14 Drivers/STM32L4xx_HAL_Driver/Src/stm32l4xx_hal_tim.o
                0x0000000008004118                HAL_TIM_IC_CaptureCallback
 .text.HAL_TIM_PWM_PulseFinishedCallback
                0x000000000800412c       0x14 Drivers/STM32L4xx_HAL_Driver/Src/stm32l4xx_hal_tim.o
                0x000000000800412c                HAL_TIM_PWM_PulseFinishedCallback
 .text.HAL_TIM_TriggerCallback
                0x0000000008004140       0x14 Drivers/STM32L4xx_HAL_Driver/Src/stm32l4xx_hal_tim.o
                0x0000000008004140                HAL_TIM_TriggerCallback
 .text.TIM_Base_SetConfig
                0x0000000008004154      0x134 Drivers/STM32L4xx_HAL_Driver/Src/stm32l4xx_hal_tim.o
                0x0000000008004154                TIM_Base_SetConfig
 .text.TIM_TI1_ConfigInputStage
                0x0000000008004288       0x5e Drivers/STM32L4xx_HAL_Driver/Src/stm32l4xx_hal_tim.o
 .text.TIM_TI2_ConfigInputStage
                0x00000000080042e6       0x60 Drivers/STM32L4xx_HAL_Driver/Src/stm32l4xx_hal_tim.o
 .text.TIM_ITRx_SetConfig
                0x0000000008004346       0x36 Drivers/STM32L4xx_HAL_Driver/Src/stm32l4xx_hal_tim.o
 .text.TIM_ETR_SetConfig
                0x000000000800437c       0x40 Drivers/STM32L4xx_HAL_Driver/Src/stm32l4xx_hal_tim.o
                0x000000000800437c                TIM_ETR_SetConfig
 .text.HAL_TIMEx_MasterConfigSynchronization
                0x00000000080043bc      0x110 Drivers/STM32L4xx_HAL_Driver/Src/stm32l4xx_hal_tim_ex.o
                0x00000000080043bc                HAL_TIMEx_MasterConfigSynchronization
 .text.HAL_TIMEx_CommutCallback
                0x00000000080044cc       0x14 Drivers/STM32L4xx_HAL_Driver/Src/stm32l4xx_hal_tim_ex.o
                0x00000000080044cc                HAL_TIMEx_CommutCallback
 .text.HAL_TIMEx_BreakCallback
                0x00000000080044e0       0x14 Drivers/STM32L4xx_HAL_Driver/Src/stm32l4xx_hal_tim_ex.o
                0x00000000080044e0                HAL_TIMEx_BreakCallback
 .text.HAL_TIMEx_Break2Callback
                0x00000000080044f4       0x14 Drivers/STM32L4xx_HAL_Driver/Src/stm32l4xx_hal_tim_ex.o
                0x00000000080044f4                HAL_TIMEx_Break2Callback
 .text.HAL_UART_Init
                0x0000000008004508       0xa0 Drivers/STM32L4xx_HAL_Driver/Src/stm32l4xx_hal_uart.o
                0x0000000008004508                HAL_UART_Init
 .text.HAL_UART_Transmit
                0x00000000080045a8      0x12e Drivers/STM32L4xx_HAL_Driver/Src/stm32l4xx_hal_uart.o
                0x00000000080045a8                HAL_UART_Transmit
 *fill*         0x00000000080046d6        0x2 
 .text.UART_SetConfig
                0x00000000080046d8      0x5a4 Drivers/STM32L4xx_HAL_Driver/Src/stm32l4xx_hal_uart.o
                0x00000000080046d8                UART_SetConfig
 .text.UART_AdvFeatureConfig
                0x0000000008004c7c      0x144 Drivers/STM32L4xx_HAL_Driver/Src/stm32l4xx_hal_uart.o
                0x0000000008004c7c                UART_AdvFeatureConfig
 .text.UART_CheckIdleState
                0x0000000008004dc0       0x90 Drivers/STM32L4xx_HAL_Driver/Src/stm32l4xx_hal_uart.o
                0x0000000008004dc0                UART_CheckIdleState
 .text.UART_WaitOnFlagUntilTimeout
                0x0000000008004e50      0x100 Drivers/STM32L4xx_HAL_Driver/Src/stm32l4xx_hal_uart.o
                0x0000000008004e50                UART_WaitOnFlagUntilTimeout
 .text.HAL_UARTEx_DisableFifoMode
                0x0000000008004f50       0x72 Drivers/STM32L4xx_HAL_Driver/Src/stm32l4xx_hal_uart_ex.o
                0x0000000008004f50                HAL_UARTEx_DisableFifoMode
 .text.HAL_UARTEx_SetTxFifoThreshold
                0x0000000008004fc2       0x7c Drivers/STM32L4xx_HAL_Driver/Src/stm32l4xx_hal_uart_ex.o
                0x0000000008004fc2                HAL_UARTEx_SetTxFifoThreshold
 .text.HAL_UARTEx_SetRxFifoThreshold
                0x000000000800503e       0x7c Drivers/STM32L4xx_HAL_Driver/Src/stm32l4xx_hal_uart_ex.o
                0x000000000800503e                HAL_UARTEx_SetRxFifoThreshold
 *fill*         0x00000000080050ba        0x2 
 .text.UARTEx_SetNbDataToProcess
                0x00000000080050bc       0xd0 Drivers/STM32L4xx_HAL_Driver/Src/stm32l4xx_hal_uart_ex.o
 .text.makeFreeRtosPriority
                0x000000000800518c       0x30 Middlewares/Third_Party/FreeRTOS/Source/CMSIS_RTOS/cmsis_os.o
 .text.inHandlerMode
                0x00000000080051bc       0x24 Middlewares/Third_Party/FreeRTOS/Source/CMSIS_RTOS/cmsis_os.o
 .text.osKernelStart
                0x00000000080051e0        0xe Middlewares/Third_Party/FreeRTOS/Source/CMSIS_RTOS/cmsis_os.o
                0x00000000080051e0                osKernelStart
 .text.osThreadCreate
                0x00000000080051ee       0x98 Middlewares/Third_Party/FreeRTOS/Source/CMSIS_RTOS/cmsis_os.o
                0x00000000080051ee                osThreadCreate
 .text.osDelay  0x0000000008005286       0x28 Middlewares/Third_Party/FreeRTOS/Source/CMSIS_RTOS/cmsis_os.o
                0x0000000008005286                osDelay
 *fill*         0x00000000080052ae        0x2 
 .text.osTimerCreate
                0x00000000080052b0       0x68 Middlewares/Third_Party/FreeRTOS/Source/CMSIS_RTOS/cmsis_os.o
                0x00000000080052b0                osTimerCreate
 .text.osSignalSet
                0x0000000008005318       0x80 Middlewares/Third_Party/FreeRTOS/Source/CMSIS_RTOS/cmsis_os.o
                0x0000000008005318                osSignalSet
 .text.osSignalWait
                0x0000000008005398       0x98 Middlewares/Third_Party/FreeRTOS/Source/CMSIS_RTOS/cmsis_os.o
                0x0000000008005398                osSignalWait
 .text.osMutexCreate
                0x0000000008005430       0x30 Middlewares/Third_Party/FreeRTOS/Source/CMSIS_RTOS/cmsis_os.o
                0x0000000008005430                osMutexCreate
 .text.osMutexWait
                0x0000000008005460       0x9c Middlewares/Third_Party/FreeRTOS/Source/CMSIS_RTOS/cmsis_os.o
                0x0000000008005460                osMutexWait
 .text.osMutexRelease
                0x00000000080054fc       0x6c Middlewares/Third_Party/FreeRTOS/Source/CMSIS_RTOS/cmsis_os.o
                0x00000000080054fc                osMutexRelease
 .text.osMessageCreate
                0x0000000008005568       0x52 Middlewares/Third_Party/FreeRTOS/Source/CMSIS_RTOS/cmsis_os.o
                0x0000000008005568                osMessageCreate
 .text.vListInitialise
                0x00000000080055ba       0x40 Middlewares/Third_Party/FreeRTOS/Source/list.o
                0x00000000080055ba                vListInitialise
 .text.vListInitialiseItem
                0x00000000080055fa       0x1a Middlewares/Third_Party/FreeRTOS/Source/list.o
                0x00000000080055fa                vListInitialiseItem
 .text.vListInsertEnd
                0x0000000008005614       0x48 Middlewares/Third_Party/FreeRTOS/Source/list.o
                0x0000000008005614                vListInsertEnd
 .text.vListInsert
                0x000000000800565c       0x72 Middlewares/Third_Party/FreeRTOS/Source/list.o
                0x000000000800565c                vListInsert
 .text.uxListRemove
                0x00000000080056ce       0x54 Middlewares/Third_Party/FreeRTOS/Source/list.o
                0x00000000080056ce                uxListRemove
 *fill*         0x0000000008005722        0x2 
 .text.xQueueGenericReset
                0x0000000008005724       0xd0 Middlewares/Third_Party/FreeRTOS/Source/queue.o
                0x0000000008005724                xQueueGenericReset
 .text.xQueueGenericCreateStatic
                0x00000000080057f4       0xe6 Middlewares/Third_Party/FreeRTOS/Source/queue.o
                0x00000000080057f4                xQueueGenericCreateStatic
 .text.xQueueGenericCreate
                0x00000000080058da       0x7e Middlewares/Third_Party/FreeRTOS/Source/queue.o
                0x00000000080058da                xQueueGenericCreate
 .text.prvInitialiseNewQueue
                0x0000000008005958       0x3e Middlewares/Third_Party/FreeRTOS/Source/queue.o
 .text.prvInitialiseMutex
                0x0000000008005996       0x34 Middlewares/Third_Party/FreeRTOS/Source/queue.o
 .text.xQueueCreateMutex
                0x00000000080059ca       0x30 Middlewares/Third_Party/FreeRTOS/Source/queue.o
                0x00000000080059ca                xQueueCreateMutex
 .text.xQueueCreateMutexStatic
                0x00000000080059fa       0x36 Middlewares/Third_Party/FreeRTOS/Source/queue.o
                0x00000000080059fa                xQueueCreateMutexStatic
 .text.xQueueGenericSend
                0x0000000008005a30      0x1f4 Middlewares/Third_Party/FreeRTOS/Source/queue.o
                0x0000000008005a30                xQueueGenericSend
 .text.xQueueGenericSendFromISR
                0x0000000008005c24      0x128 Middlewares/Third_Party/FreeRTOS/Source/queue.o
                0x0000000008005c24                xQueueGenericSendFromISR
 .text.xQueueGiveFromISR
                0x0000000008005d4c      0x112 Middlewares/Third_Party/FreeRTOS/Source/queue.o
                0x0000000008005d4c                xQueueGiveFromISR
 *fill*         0x0000000008005e5e        0x2 
 .text.xQueueReceive
                0x0000000008005e60      0x1b8 Middlewares/Third_Party/FreeRTOS/Source/queue.o
                0x0000000008005e60                xQueueReceive
 .text.xQueueSemaphoreTake
                0x0000000008006018      0x210 Middlewares/Third_Party/FreeRTOS/Source/queue.o
                0x0000000008006018                xQueueSemaphoreTake
 .text.xQueueReceiveFromISR
                0x0000000008006228       0xfa Middlewares/Third_Party/FreeRTOS/Source/queue.o
                0x0000000008006228                xQueueReceiveFromISR
 .text.prvGetDisinheritPriorityAfterTimeout
                0x0000000008006322       0x30 Middlewares/Third_Party/FreeRTOS/Source/queue.o
 .text.prvCopyDataToQueue
                0x0000000008006352       0xd4 Middlewares/Third_Party/FreeRTOS/Source/queue.o
 .text.prvCopyDataFromQueue
                0x0000000008006426       0x4c Middlewares/Third_Party/FreeRTOS/Source/queue.o
 .text.prvUnlockQueue
                0x0000000008006472       0xa4 Middlewares/Third_Party/FreeRTOS/Source/queue.o
 .text.prvIsQueueEmpty
                0x0000000008006516       0x2c Middlewares/Third_Party/FreeRTOS/Source/queue.o
 .text.prvIsQueueFull
                0x0000000008006542       0x30 Middlewares/Third_Party/FreeRTOS/Source/queue.o
 *fill*         0x0000000008006572        0x2 
 .text.vQueueAddToRegistry
                0x0000000008006574       0x50 Middlewares/Third_Party/FreeRTOS/Source/queue.o
                0x0000000008006574                vQueueAddToRegistry
 .text.vQueueWaitForMessageRestricted
                0x00000000080065c4       0x68 Middlewares/Third_Party/FreeRTOS/Source/queue.o
                0x00000000080065c4                vQueueWaitForMessageRestricted
 .text.xTaskCreateStatic
                0x000000000800662c       0xb4 Middlewares/Third_Party/FreeRTOS/Source/tasks.o
                0x000000000800662c                xTaskCreateStatic
 .text.xTaskCreate
                0x00000000080066e0       0x8a Middlewares/Third_Party/FreeRTOS/Source/tasks.o
                0x00000000080066e0                xTaskCreate
 .text.prvInitialiseNewTask
                0x000000000800676a      0x10c Middlewares/Third_Party/FreeRTOS/Source/tasks.o
 *fill*         0x0000000008006876        0x2 
 .text.prvAddNewTaskToReadyList
                0x0000000008006878       0xd4 Middlewares/Third_Party/FreeRTOS/Source/tasks.o
 .text.vTaskDelay
                0x000000000800694c       0x68 Middlewares/Third_Party/FreeRTOS/Source/tasks.o
                0x000000000800694c                vTaskDelay
 .text.vTaskStartScheduler
                0x00000000080069b4       0xc8 Middlewares/Third_Party/FreeRTOS/Source/tasks.o
                0x00000000080069b4                vTaskStartScheduler
 .text.vTaskSuspendAll
                0x0000000008006a7c       0x1c Middlewares/Third_Party/FreeRTOS/Source/tasks.o
                0x0000000008006a7c                vTaskSuspendAll
 .text.xTaskResumeAll
                0x0000000008006a98      0x138 Middlewares/Third_Party/FreeRTOS/Source/tasks.o
                0x0000000008006a98                xTaskResumeAll
 .text.xTaskGetTickCount
                0x0000000008006bd0       0x20 Middlewares/Third_Party/FreeRTOS/Source/tasks.o
                0x0000000008006bd0                xTaskGetTickCount
 .text.xTaskIncrementTick
                0x0000000008006bf0      0x170 Middlewares/Third_Party/FreeRTOS/Source/tasks.o
                0x0000000008006bf0                xTaskIncrementTick
 .text.vTaskSwitchContext
                0x0000000008006d60       0xb4 Middlewares/Third_Party/FreeRTOS/Source/tasks.o
                0x0000000008006d60                vTaskSwitchContext
 .text.vTaskPlaceOnEventList
                0x0000000008006e14       0x48 Middlewares/Third_Party/FreeRTOS/Source/tasks.o
                0x0000000008006e14                vTaskPlaceOnEventList
 .text.vTaskPlaceOnEventListRestricted
                0x0000000008006e5c       0x54 Middlewares/Third_Party/FreeRTOS/Source/tasks.o
                0x0000000008006e5c                vTaskPlaceOnEventListRestricted
 .text.xTaskRemoveFromEventList
                0x0000000008006eb0       0xc4 Middlewares/Third_Party/FreeRTOS/Source/tasks.o
                0x0000000008006eb0                xTaskRemoveFromEventList
 .text.vTaskInternalSetTimeOutState
                0x0000000008006f74       0x2c Middlewares/Third_Party/FreeRTOS/Source/tasks.o
                0x0000000008006f74                vTaskInternalSetTimeOutState
 .text.xTaskCheckForTimeOut
                0x0000000008006fa0       0xc0 Middlewares/Third_Party/FreeRTOS/Source/tasks.o
                0x0000000008006fa0                xTaskCheckForTimeOut
 .text.vTaskMissedYield
                0x0000000008007060       0x18 Middlewares/Third_Party/FreeRTOS/Source/tasks.o
                0x0000000008007060                vTaskMissedYield
 .text.prvIdleTask
                0x0000000008007078       0x30 Middlewares/Third_Party/FreeRTOS/Source/tasks.o
 .text.prvInitialiseTaskLists
                0x00000000080070a8       0x80 Middlewares/Third_Party/FreeRTOS/Source/tasks.o
 .text.prvCheckTasksWaitingTermination
                0x0000000008007128       0x58 Middlewares/Third_Party/FreeRTOS/Source/tasks.o
 .text.prvDeleteTCB
                0x0000000008007180       0x5c Middlewares/Third_Party/FreeRTOS/Source/tasks.o
 .text.prvResetNextTaskUnblockTime
                0x00000000080071dc       0x40 Middlewares/Third_Party/FreeRTOS/Source/tasks.o
 .text.xTaskGetSchedulerState
                0x000000000800721c       0x3c Middlewares/Third_Party/FreeRTOS/Source/tasks.o
                0x000000000800721c                xTaskGetSchedulerState
 .text.xTaskPriorityInherit
                0x0000000008007258      0x100 Middlewares/Third_Party/FreeRTOS/Source/tasks.o
                0x0000000008007258                xTaskPriorityInherit
 .text.xTaskPriorityDisinherit
                0x0000000008007358      0x108 Middlewares/Third_Party/FreeRTOS/Source/tasks.o
                0x0000000008007358                xTaskPriorityDisinherit
 .text.vTaskPriorityDisinheritAfterTimeout
                0x0000000008007460      0x130 Middlewares/Third_Party/FreeRTOS/Source/tasks.o
                0x0000000008007460                vTaskPriorityDisinheritAfterTimeout
 .text.pvTaskIncrementMutexHeldCount
                0x0000000008007590       0x28 Middlewares/Third_Party/FreeRTOS/Source/tasks.o
                0x0000000008007590                pvTaskIncrementMutexHeldCount
 .text.xTaskNotifyWait
                0x00000000080075b8       0xb4 Middlewares/Third_Party/FreeRTOS/Source/tasks.o
                0x00000000080075b8                xTaskNotifyWait
 .text.xTaskGenericNotify
                0x000000000800766c      0x164 Middlewares/Third_Party/FreeRTOS/Source/tasks.o
                0x000000000800766c                xTaskGenericNotify
 .text.xTaskGenericNotifyFromISR
                0x00000000080077d0      0x1b0 Middlewares/Third_Party/FreeRTOS/Source/tasks.o
                0x00000000080077d0                xTaskGenericNotifyFromISR
 .text.prvAddCurrentTaskToDelayedList
                0x0000000008007980       0xcc Middlewares/Third_Party/FreeRTOS/Source/tasks.o
 .text.xTimerCreateTimerTask
                0x0000000008007a4c       0x90 Middlewares/Third_Party/FreeRTOS/Source/timers.o
                0x0000000008007a4c                xTimerCreateTimerTask
 .text.xTimerCreate
                0x0000000008007adc       0x42 Middlewares/Third_Party/FreeRTOS/Source/timers.o
                0x0000000008007adc                xTimerCreate
 .text.xTimerCreateStatic
                0x0000000008007b1e       0x78 Middlewares/Third_Party/FreeRTOS/Source/timers.o
                0x0000000008007b1e                xTimerCreateStatic
 .text.prvInitialiseNewTimer
                0x0000000008007b96       0x74 Middlewares/Third_Party/FreeRTOS/Source/timers.o
 *fill*         0x0000000008007c0a        0x2 
 .text.xTimerGenericCommand
                0x0000000008007c0c       0x98 Middlewares/Third_Party/FreeRTOS/Source/timers.o
                0x0000000008007c0c                xTimerGenericCommand
 .text.prvProcessExpiredTimer
                0x0000000008007ca4       0x98 Middlewares/Third_Party/FreeRTOS/Source/timers.o
 .text.prvTimerTask
                0x0000000008007d3c       0x24 Middlewares/Third_Party/FreeRTOS/Source/timers.o
 .text.prvProcessTimerOrBlockTask
                0x0000000008007d60       0x9c Middlewares/Third_Party/FreeRTOS/Source/timers.o
 .text.prvGetNextExpireTime
                0x0000000008007dfc       0x48 Middlewares/Third_Party/FreeRTOS/Source/timers.o
 .text.prvSampleTimeNow
                0x0000000008007e44       0x40 Middlewares/Third_Party/FreeRTOS/Source/timers.o
 .text.prvInsertTimerInActiveList
                0x0000000008007e84       0x84 Middlewares/Third_Party/FreeRTOS/Source/timers.o
 .text.prvProcessReceivedCommands
                0x0000000008007f08      0x188 Middlewares/Third_Party/FreeRTOS/Source/timers.o
 .text.prvSwitchTimerLists
                0x0000000008008090       0xc8 Middlewares/Third_Party/FreeRTOS/Source/timers.o
 .text.prvCheckForValidListAndQueue
                0x0000000008008158       0x80 Middlewares/Third_Party/FreeRTOS/Source/timers.o
 .text.pxPortInitialiseStack
                0x00000000080081d8       0x68 Middlewares/Third_Party/FreeRTOS/Source/portable/GCC/ARM_CM4F/port.o
                0x00000000080081d8                pxPortInitialiseStack
 .text.prvTaskExitError
                0x0000000008008240       0x54 Middlewares/Third_Party/FreeRTOS/Source/portable/GCC/ARM_CM4F/port.o
 *fill*         0x0000000008008294        0xc 
 .text.SVC_Handler
                0x00000000080082a0       0x28 Middlewares/Third_Party/FreeRTOS/Source/portable/GCC/ARM_CM4F/port.o
                0x00000000080082a0                SVC_Handler
 .text.prvPortStartFirstTask
                0x00000000080082c8       0x28 Middlewares/Third_Party/FreeRTOS/Source/portable/GCC/ARM_CM4F/port.o
 .text.xPortStartScheduler
                0x00000000080082f0      0x13c Middlewares/Third_Party/FreeRTOS/Source/portable/GCC/ARM_CM4F/port.o
                0x00000000080082f0                xPortStartScheduler
 .text.vPortEnterCritical
                0x000000000800842c       0x5c Middlewares/Third_Party/FreeRTOS/Source/portable/GCC/ARM_CM4F/port.o
                0x000000000800842c                vPortEnterCritical
 .text.vPortExitCritical
                0x0000000008008488       0x50 Middlewares/Third_Party/FreeRTOS/Source/portable/GCC/ARM_CM4F/port.o
                0x0000000008008488                vPortExitCritical
 *fill*         0x00000000080084d8        0x8 
 .text.PendSV_Handler
                0x00000000080084e0       0x68 Middlewares/Third_Party/FreeRTOS/Source/portable/GCC/ARM_CM4F/port.o
                0x00000000080084e0                PendSV_Handler
 .text.SysTick_Handler
                0x0000000008008548       0x40 Middlewares/Third_Party/FreeRTOS/Source/portable/GCC/ARM_CM4F/port.o
                0x0000000008008548                SysTick_Handler
 .text.vPortSetupTimerInterrupt
                0x0000000008008588       0x48 Middlewares/Third_Party/FreeRTOS/Source/portable/GCC/ARM_CM4F/port.o
                0x0000000008008588                vPortSetupTimerInterrupt
 .text.vPortEnableVFP
                0x00000000080085d0       0x14 Middlewares/Third_Party/FreeRTOS/Source/portable/GCC/ARM_CM4F/port.o
 .text.vPortValidateInterruptPriority
                0x00000000080085e4       0x7c Middlewares/Third_Party/FreeRTOS/Source/portable/GCC/ARM_CM4F/port.o
                0x00000000080085e4                vPortValidateInterruptPriority
 .text.pvPortMalloc
                0x0000000008008660      0x184 Middlewares/Third_Party/FreeRTOS/Source/portable/MemMang/heap_4.o
                0x0000000008008660                pvPortMalloc
 .text.vPortFree
                0x00000000080087e4       0xb0 Middlewares/Third_Party/FreeRTOS/Source/portable/MemMang/heap_4.o
                0x00000000080087e4                vPortFree
 .text.prvHeapInit
                0x0000000008008894       0xc4 Middlewares/Third_Party/FreeRTOS/Source/portable/MemMang/heap_4.o
 .text.prvInsertBlockIntoFreeList
                0x0000000008008958       0xb4 Middlewares/Third_Party/FreeRTOS/Source/portable/MemMang/heap_4.o
 .text.vApplicationGetIdleTaskMemory
                0x0000000008008a0c       0x34 Src/freertos.o
                0x0000000008008a0c                vApplicationGetIdleTaskMemory
 .text.vApplicationGetTimerTaskMemory
                0x0000000008008a40       0x34 Src/freertos.o
                0x0000000008008a40                vApplicationGetTimerTaskMemory
 .text.HTS221_H_Init
                0x0000000008008a74       0x58 Src/hts221.o
                0x0000000008008a74                HTS221_H_Init
 .text.HTS221_H_ReadID
                0x0000000008008acc       0x2c Src/hts221.o
                0x0000000008008acc                HTS221_H_ReadID
 .text.HTS221_H_ReadHumidity
                0x0000000008008af8      0x138 Src/hts221.o
                0x0000000008008af8                HTS221_H_ReadHumidity
 .text.HTS221_T_Init
                0x0000000008008c30       0x5a Src/hts221.o
                0x0000000008008c30                HTS221_T_Init
 .text.HTS221_T_ReadTemp
                0x0000000008008c8a      0x10e Src/hts221.o
                0x0000000008008c8a                HTS221_T_ReadTemp
 .text.LIS3MDL_MagInit
                0x0000000008008d98       0x50 Src/lis3mdl.o
                0x0000000008008d98                LIS3MDL_MagInit
 .text.LIS3MDL_MagDeInit
                0x0000000008008de8       0x3a Src/lis3mdl.o
                0x0000000008008de8                LIS3MDL_MagDeInit
 .text.LIS3MDL_MagReadID
                0x0000000008008e22       0x16 Src/lis3mdl.o
                0x0000000008008e22                LIS3MDL_MagReadID
 .text.LIS3MDL_MagLowPower
                0x0000000008008e38       0x44 Src/lis3mdl.o
                0x0000000008008e38                LIS3MDL_MagLowPower
 .text.LIS3MDL_MagReadXYZ
                0x0000000008008e7c      0x110 Src/lis3mdl.o
                0x0000000008008e7c                LIS3MDL_MagReadXYZ
 .text.LPS22HB_P_Init
                0x0000000008008f8c       0x1a Src/lps22hb.o
                0x0000000008008f8c                LPS22HB_P_Init
 .text.LPS22HB_P_ReadID
                0x0000000008008fa6       0x2c Src/lps22hb.o
                0x0000000008008fa6                LPS22HB_P_ReadID
 *fill*         0x0000000008008fd2        0x2 
 .text.LPS22HB_P_ReadPressure
                0x0000000008008fd4       0xc0 Src/lps22hb.o
                0x0000000008008fd4                LPS22HB_P_ReadPressure
 .text.LPS22HB_Init
                0x0000000008009094       0x7e Src/lps22hb.o
 .text.LSM6DSL_AccInit
                0x0000000008009112       0x72 Src/lsm6dsl.o
                0x0000000008009112                LSM6DSL_AccInit
 .text.LSM6DSL_AccDeInit
                0x0000000008009184       0x32 Src/lsm6dsl.o
                0x0000000008009184                LSM6DSL_AccDeInit
 .text.LSM6DSL_AccReadID
                0x00000000080091b6       0x16 Src/lsm6dsl.o
                0x00000000080091b6                LSM6DSL_AccReadID
 .text.LSM6DSL_AccLowPower
                0x00000000080091cc       0x44 Src/lsm6dsl.o
                0x00000000080091cc                LSM6DSL_AccLowPower
 .text.LSM6DSL_AccReadXYZ
                0x0000000008009210      0x134 Src/lsm6dsl.o
                0x0000000008009210                LSM6DSL_AccReadXYZ
 .text.LSM6DSL_GyroInit
                0x0000000008009344       0x72 Src/lsm6dsl.o
                0x0000000008009344                LSM6DSL_GyroInit
 .text.LSM6DSL_GyroDeInit
                0x00000000080093b6       0x32 Src/lsm6dsl.o
                0x00000000080093b6                LSM6DSL_GyroDeInit
 .text.LSM6DSL_GyroReadID
                0x00000000080093e8       0x16 Src/lsm6dsl.o
                0x00000000080093e8                LSM6DSL_GyroReadID
 .text.LSM6DSL_GyroLowPower
                0x00000000080093fe       0x44 Src/lsm6dsl.o
                0x00000000080093fe                LSM6DSL_GyroLowPower
 *fill*         0x0000000008009442        0x2 
 .text.LSM6DSL_GyroReadXYZAngRate
                0x0000000008009444      0x12c Src/lsm6dsl.o
                0x0000000008009444                LSM6DSL_GyroReadXYZAngRate
 .text.main     0x0000000008009570      0x300 Src/main.o
                0x0000000008009570                main
 .text.SystemClock_Config
                0x0000000008009870       0xf0 Src/main.o
                0x0000000008009870                SystemClock_Config
 .text.MX_I2C2_Init
                0x0000000008009960       0x80 Src/main.o
 .text.MX_TIM2_Init
                0x00000000080099e0       0x9c Src/main.o
 .text.MX_USART1_UART_Init
                0x0000000008009a7c       0x98 Src/main.o
 .text.MX_GPIO_Init
                0x0000000008009b14      0x10c Src/main.o
 .text.HAL_GPIO_EXTI_Callback
                0x0000000008009c20       0x38 Src/main.o
                0x0000000008009c20                HAL_GPIO_EXTI_Callback
 .text.StartMeasureTask
                0x0000000008009c58      0x218 Src/main.o
                0x0000000008009c58                StartMeasureTask
 .text.StartTransmitTask
                0x0000000008009e70       0x58 Src/main.o
                0x0000000008009e70                StartTransmitTask
 .text.StartListenTask
                0x0000000008009ec8       0x3c Src/main.o
                0x0000000008009ec8                StartListenTask
 .text.Callback01
                0x0000000008009f04       0x14 Src/main.o
                0x0000000008009f04                Callback01
 .text.HAL_TIM_PeriodElapsedCallback
                0x0000000008009f18       0x3c Src/main.o
                0x0000000008009f18                HAL_TIM_PeriodElapsedCallback
 .text.Error_Handler
                0x0000000008009f54        0x8 Src/main.o
                0x0000000008009f54                Error_Handler
 .text.I2Cx_MspInit
                0x0000000008009f5c       0xb0 Src/stm32l4s5i_iot01.o
 .text.I2Cx_Init
                0x000000000800a00c       0x5c Src/stm32l4s5i_iot01.o
 .text.I2Cx_ReadMultiple
                0x000000000800a068       0x5a Src/stm32l4s5i_iot01.o
 .text.I2Cx_WriteMultiple
                0x000000000800a0c2       0x5a Src/stm32l4s5i_iot01.o
 .text.I2Cx_Error
                0x000000000800a11c       0x20 Src/stm32l4s5i_iot01.o
 .text.SENSOR_IO_Init
                0x000000000800a13c       0x14 Src/stm32l4s5i_iot01.o
                0x000000000800a13c                SENSOR_IO_Init
 .text.SENSOR_IO_Write
                0x000000000800a150       0x34 Src/stm32l4s5i_iot01.o
                0x000000000800a150                SENSOR_IO_Write
 .text.SENSOR_IO_Read
                0x000000000800a184       0x3c Src/stm32l4s5i_iot01.o
                0x000000000800a184                SENSOR_IO_Read
 .text.SENSOR_IO_ReadMultiple
                0x000000000800a1c0       0x3c Src/stm32l4s5i_iot01.o
                0x000000000800a1c0                SENSOR_IO_ReadMultiple
 .text.BSP_ACCELERO_Init
                0x000000000800a1fc       0x7c Src/stm32l4s5i_iot01_accelero.o
                0x000000000800a1fc                BSP_ACCELERO_Init
 .text.BSP_ACCELERO_AccGetXYZ
                0x000000000800a278       0x30 Src/stm32l4s5i_iot01_accelero.o
                0x000000000800a278                BSP_ACCELERO_AccGetXYZ
 .text.BSP_GYRO_Init
                0x000000000800a2a8       0x84 Src/stm32l4s5i_iot01_gyro.o
                0x000000000800a2a8                BSP_GYRO_Init
 .text.BSP_GYRO_GetXYZ
                0x000000000800a32c       0x30 Src/stm32l4s5i_iot01_gyro.o
                0x000000000800a32c                BSP_GYRO_GetXYZ
 .text.BSP_HSENSOR_Init
                0x000000000800a35c       0x40 Src/stm32l4s5i_iot01_hsensor.o
                0x000000000800a35c                BSP_HSENSOR_Init
 .text.BSP_HSENSOR_ReadHumidity
                0x000000000800a39c       0x1c Src/stm32l4s5i_iot01_hsensor.o
                0x000000000800a39c                BSP_HSENSOR_ReadHumidity
 .text.BSP_MAGNETO_Init
                0x000000000800a3b8       0x58 Src/stm32l4s5i_iot01_magneto.o
                0x000000000800a3b8                BSP_MAGNETO_Init
 .text.BSP_MAGNETO_GetXYZ
                0x000000000800a410       0x30 Src/stm32l4s5i_iot01_magneto.o
                0x000000000800a410                BSP_MAGNETO_GetXYZ
 .text.BSP_PSENSOR_Init
                0x000000000800a440       0x40 Src/stm32l4s5i_iot01_psensor.o
                0x000000000800a440                BSP_PSENSOR_Init
 .text.BSP_PSENSOR_ReadPressure
                0x000000000800a480       0x1c Src/stm32l4s5i_iot01_psensor.o
                0x000000000800a480                BSP_PSENSOR_ReadPressure
 .text.BSP_TSENSOR_Init
                0x000000000800a49c       0x38 Src/stm32l4s5i_iot01_tsensor.o
                0x000000000800a49c                BSP_TSENSOR_Init
 .text.BSP_TSENSOR_ReadTemp
                0x000000000800a4d4       0x1c Src/stm32l4s5i_iot01_tsensor.o
                0x000000000800a4d4                BSP_TSENSOR_ReadTemp
 .text.HAL_MspInit
                0x000000000800a4f0       0x50 Src/stm32l4xx_hal_msp.o
                0x000000000800a4f0                HAL_MspInit
 .text.HAL_I2C_MspInit
                0x000000000800a540       0x88 Src/stm32l4xx_hal_msp.o
                0x000000000800a540                HAL_I2C_MspInit
 .text.HAL_I2C_MspDeInit
                0x000000000800a5c8       0x48 Src/stm32l4xx_hal_msp.o
                0x000000000800a5c8                HAL_I2C_MspDeInit
 .text.HAL_TIM_Base_MspInit
                0x000000000800a610       0x48 Src/stm32l4xx_hal_msp.o
                0x000000000800a610                HAL_TIM_Base_MspInit
 .text.HAL_UART_MspInit
                0x000000000800a658       0x88 Src/stm32l4xx_hal_msp.o
                0x000000000800a658                HAL_UART_MspInit
 .text.HAL_InitTick
                0x000000000800a6e0       0xac Src/stm32l4xx_hal_timebase_tim.o
                0x000000000800a6e0                HAL_InitTick
 .text.NMI_Handler
                0x000000000800a78c        0x6 Src/stm32l4xx_it.o
                0x000000000800a78c                NMI_Handler
 .text.HardFault_Handler
                0x000000000800a792        0x6 Src/stm32l4xx_it.o
                0x000000000800a792                HardFault_Handler
 .text.MemManage_Handler
                0x000000000800a798        0x6 Src/stm32l4xx_it.o
                0x000000000800a798                MemManage_Handler
 .text.BusFault_Handler
                0x000000000800a79e        0x6 Src/stm32l4xx_it.o
                0x000000000800a79e                BusFault_Handler
 .text.UsageFault_Handler
                0x000000000800a7a4        0x6 Src/stm32l4xx_it.o
                0x000000000800a7a4                UsageFault_Handler
 .text.DebugMon_Handler
                0x000000000800a7aa        0xe Src/stm32l4xx_it.o
                0x000000000800a7aa                DebugMon_Handler
 .text.TIM2_IRQHandler
                0x000000000800a7b8       0x14 Src/stm32l4xx_it.o
                0x000000000800a7b8                TIM2_IRQHandler
 .text.EXTI15_10_IRQHandler
                0x000000000800a7cc       0x10 Src/stm32l4xx_it.o
                0x000000000800a7cc                EXTI15_10_IRQHandler
 .text.TIM6_DAC_IRQHandler
                0x000000000800a7dc       0x14 Src/stm32l4xx_it.o
                0x000000000800a7dc                TIM6_DAC_IRQHandler
 .text._sbrk    0x000000000800a7f0       0x6c Src/sysmem.o
                0x000000000800a7f0                _sbrk
 .text.SystemInit
                0x000000000800a85c       0x6c Src/system_stm32l4xx.o
                0x000000000800a85c                SystemInit
 .text.Reset_Handler
                0x000000000800a8c8       0x50 Startup/startup_stm32l4s5vitx.o
                0x000000000800a8c8                Reset_Handler
 .text.Default_Handler
                0x000000000800a918        0x2 Startup/startup_stm32l4s5vitx.o
                0x000000000800a918                RTC_Alarm_IRQHandler
                0x000000000800a918                EXTI2_IRQHandler
                0x000000000800a918                TIM8_TRG_COM_IRQHandler
                0x000000000800a918                TIM8_CC_IRQHandler
                0x000000000800a918                TIM1_CC_IRQHandler
                0x000000000800a918                TSC_IRQHandler
                0x000000000800a918                TAMP_STAMP_IRQHandler
                0x000000000800a918                EXTI3_IRQHandler
                0x000000000800a918                LPTIM2_IRQHandler
                0x000000000800a918                DFSDM1_FLT1_IRQHandler
                0x000000000800a918                GFXMMU_IRQHandler
                0x000000000800a918                I2C3_ER_IRQHandler
                0x000000000800a918                DFSDM1_FLT2_IRQHandler
                0x000000000800a918                EXTI0_IRQHandler
                0x000000000800a918                I2C2_EV_IRQHandler
                0x000000000800a918                CAN1_RX0_IRQHandler
                0x000000000800a918                FPU_IRQHandler
                0x000000000800a918                TIM1_UP_TIM16_IRQHandler
                0x000000000800a918                LTDC_ER_IRQHandler
                0x000000000800a918                SPI1_IRQHandler
                0x000000000800a918                OCTOSPI1_IRQHandler
                0x000000000800a918                DCMI_IRQHandler
                0x000000000800a918                TIM8_UP_IRQHandler
                0x000000000800a918                OCTOSPI2_IRQHandler
                0x000000000800a918                DMA2_Channel2_IRQHandler
                0x000000000800a918                DMA1_Channel4_IRQHandler
                0x000000000800a918                SAI2_IRQHandler
                0x000000000800a918                ADC1_IRQHandler
                0x000000000800a918                DFSDM1_FLT3_IRQHandler
                0x000000000800a918                USART3_IRQHandler
                0x000000000800a918                DMA1_Channel7_IRQHandler
                0x000000000800a918                CAN1_RX1_IRQHandler
                0x000000000800a918                UART5_IRQHandler
                0x000000000800a918                TIM4_IRQHandler
                0x000000000800a918                DMA2_Channel1_IRQHandler
                0x000000000800a918                I2C1_EV_IRQHandler
                0x000000000800a918                DMAMUX1_OVR_IRQHandler
                0x000000000800a918                DMA1_Channel6_IRQHandler
                0x000000000800a918                UART4_IRQHandler
                0x000000000800a918                DMA2_Channel4_IRQHandler
                0x000000000800a918                TIM3_IRQHandler
                0x000000000800a918                RCC_IRQHandler
                0x000000000800a918                DMA1_Channel1_IRQHandler
                0x000000000800a918                Default_Handler
                0x000000000800a918                DMA2_Channel7_IRQHandler
                0x000000000800a918                TIM7_IRQHandler
                0x000000000800a918                SDMMC1_IRQHandler
                0x000000000800a918                TIM5_IRQHandler
                0x000000000800a918                I2C3_EV_IRQHandler
                0x000000000800a918                EXTI9_5_IRQHandler
                0x000000000800a918                RTC_WKUP_IRQHandler
                0x000000000800a918                LTDC_IRQHandler
                0x000000000800a918                PVD_PVM_IRQHandler
                0x000000000800a918                SPI2_IRQHandler
                0x000000000800a918                CAN1_TX_IRQHandler
                0x000000000800a918                DMA2_Channel5_IRQHandler
                0x000000000800a918                DMA1_Channel5_IRQHandler
                0x000000000800a918                EXTI4_IRQHandler
                0x000000000800a918                RNG_IRQHandler
                0x000000000800a918                TIM1_TRG_COM_TIM17_IRQHandler
                0x000000000800a918                DMA1_Channel3_IRQHandler
                0x000000000800a918                COMP_IRQHandler
                0x000000000800a918                HASH_CRS_IRQHandler
                0x000000000800a918                WWDG_IRQHandler
                0x000000000800a918                I2C4_EV_IRQHandler
                0x000000000800a918                LPUART1_IRQHandler
                0x000000000800a918                DMA2_Channel6_IRQHandler
                0x000000000800a918                DMA2D_IRQHandler
                0x000000000800a918                EXTI1_IRQHandler
                0x000000000800a918                AES_IRQHandler
                0x000000000800a918                USART2_IRQHandler
                0x000000000800a918                DFSDM1_FLT0_IRQHandler
                0x000000000800a918                I2C2_ER_IRQHandler
                0x000000000800a918                DMA1_Channel2_IRQHandler
                0x000000000800a918                TIM8_BRK_IRQHandler
                0x000000000800a918                CAN1_SCE_IRQHandler
                0x000000000800a918                FLASH_IRQHandler
                0x000000000800a918                USART1_IRQHandler
                0x000000000800a918                OTG_FS_IRQHandler
                0x000000000800a918                SPI3_IRQHandler
                0x000000000800a918                I2C1_ER_IRQHandler
                0x000000000800a918                FMC_IRQHandler
                0x000000000800a918                LPTIM1_IRQHandler
                0x000000000800a918                I2C4_ER_IRQHandler
                0x000000000800a918                SAI1_IRQHandler
                0x000000000800a918                DMA2_Channel3_IRQHandler
                0x000000000800a918                TIM1_BRK_TIM15_IRQHandler
 *fill*         0x000000000800a91a        0x2 
 .text.__errno  0x000000000800a91c        0xc c:/st/stm32cubeide_1.5.1/stm32cubeide/plugins/com.st.stm32cube.ide.mcu.externaltools.gnu-tools-for-stm32.7-2018-q2-update.win32_1.5.0.202011040924/tools/bin/../lib/gcc/arm-none-eabi/7.3.1/../../../../arm-none-eabi/lib/thumb/v7e-m/fpv4-sp/hard\libc_nano.a(lib_a-errno.o)
                0x000000000800a91c                __errno
 .text.__libc_init_array
                0x000000000800a928       0x48 c:/st/stm32cubeide_1.5.1/stm32cubeide/plugins/com.st.stm32cube.ide.mcu.externaltools.gnu-tools-for-stm32.7-2018-q2-update.win32_1.5.0.202011040924/tools/bin/../lib/gcc/arm-none-eabi/7.3.1/../../../../arm-none-eabi/lib/thumb/v7e-m/fpv4-sp/hard\libc_nano.a(lib_a-init.o)
                0x000000000800a928                __libc_init_array
 .text.memcpy   0x000000000800a970       0x16 c:/st/stm32cubeide_1.5.1/stm32cubeide/plugins/com.st.stm32cube.ide.mcu.externaltools.gnu-tools-for-stm32.7-2018-q2-update.win32_1.5.0.202011040924/tools/bin/../lib/gcc/arm-none-eabi/7.3.1/../../../../arm-none-eabi/lib/thumb/v7e-m/fpv4-sp/hard\libc_nano.a(lib_a-memcpy-stub.o)
                0x000000000800a970                memcpy
 .text.memset   0x000000000800a986       0x10 c:/st/stm32cubeide_1.5.1/stm32cubeide/plugins/com.st.stm32cube.ide.mcu.externaltools.gnu-tools-for-stm32.7-2018-q2-update.win32_1.5.0.202011040924/tools/bin/../lib/gcc/arm-none-eabi/7.3.1/../../../../arm-none-eabi/lib/thumb/v7e-m/fpv4-sp/hard\libc_nano.a(lib_a-memset.o)
                0x000000000800a986                memset
 *fill*         0x000000000800a996        0x2 
 .text.sprintf  0x000000000800a998       0x40 c:/st/stm32cubeide_1.5.1/stm32cubeide/plugins/com.st.stm32cube.ide.mcu.externaltools.gnu-tools-for-stm32.7-2018-q2-update.win32_1.5.0.202011040924/tools/bin/../lib/gcc/arm-none-eabi/7.3.1/../../../../arm-none-eabi/lib/thumb/v7e-m/fpv4-sp/hard\libc_nano.a(lib_a-sprintf.o)
                0x000000000800a998                siprintf
                0x000000000800a998                sprintf
 .text.__ssputs_r
                0x000000000800a9d8       0xb4 c:/st/stm32cubeide_1.5.1/stm32cubeide/plugins/com.st.stm32cube.ide.mcu.externaltools.gnu-tools-for-stm32.7-2018-q2-update.win32_1.5.0.202011040924/tools/bin/../lib/gcc/arm-none-eabi/7.3.1/../../../../arm-none-eabi/lib/thumb/v7e-m/fpv4-sp/hard\libc_nano.a(lib_a-nano-svfprintf.o)
                0x000000000800a9d8                __ssputs_r
 .text._svfprintf_r
                0x000000000800aa8c      0x1f0 c:/st/stm32cubeide_1.5.1/stm32cubeide/plugins/com.st.stm32cube.ide.mcu.externaltools.gnu-tools-for-stm32.7-2018-q2-update.win32_1.5.0.202011040924/tools/bin/../lib/gcc/arm-none-eabi/7.3.1/../../../../arm-none-eabi/lib/thumb/v7e-m/fpv4-sp/hard\libc_nano.a(lib_a-nano-svfprintf.o)
                0x000000000800aa8c                _svfiprintf_r
                0x000000000800aa8c                _svfprintf_r
 .text._printf_common
                0x000000000800ac7c       0xea c:/st/stm32cubeide_1.5.1/stm32cubeide/plugins/com.st.stm32cube.ide.mcu.externaltools.gnu-tools-for-stm32.7-2018-q2-update.win32_1.5.0.202011040924/tools/bin/../lib/gcc/arm-none-eabi/7.3.1/../../../../arm-none-eabi/lib/thumb/v7e-m/fpv4-sp/hard\libc_nano.a(lib_a-nano-vfprintf_i.o)
                0x000000000800ac7c                _printf_common
 *fill*         0x000000000800ad66        0x2 
 .text._printf_i
                0x000000000800ad68      0x224 c:/st/stm32cubeide_1.5.1/stm32cubeide/plugins/com.st.stm32cube.ide.mcu.externaltools.gnu-tools-for-stm32.7-2018-q2-update.win32_1.5.0.202011040924/tools/bin/../lib/gcc/arm-none-eabi/7.3.1/../../../../arm-none-eabi/lib/thumb/v7e-m/fpv4-sp/hard\libc_nano.a(lib_a-nano-vfprintf_i.o)
                0x000000000800ad68                _printf_i
 .text.memmove  0x000000000800af8c       0x32 c:/st/stm32cubeide_1.5.1/stm32cubeide/plugins/com.st.stm32cube.ide.mcu.externaltools.gnu-tools-for-stm32.7-2018-q2-update.win32_1.5.0.202011040924/tools/bin/../lib/gcc/arm-none-eabi/7.3.1/../../../../arm-none-eabi/lib/thumb/v7e-m/fpv4-sp/hard\libc_nano.a(lib_a-memmove.o)
                0x000000000800af8c                memmove
 *fill*         0x000000000800afbe        0x2 
 .text._free_r  0x000000000800afc0       0x9c c:/st/stm32cubeide_1.5.1/stm32cubeide/plugins/com.st.stm32cube.ide.mcu.externaltools.gnu-tools-for-stm32.7-2018-q2-update.win32_1.5.0.202011040924/tools/bin/../lib/gcc/arm-none-eabi/7.3.1/../../../../arm-none-eabi/lib/thumb/v7e-m/fpv4-sp/hard\libc_nano.a(lib_a-nano-freer.o)
                0x000000000800afc0                _free_r
 .text._malloc_r
                0x000000000800b05c       0xb4 c:/st/stm32cubeide_1.5.1/stm32cubeide/plugins/com.st.stm32cube.ide.mcu.externaltools.gnu-tools-for-stm32.7-2018-q2-update.win32_1.5.0.202011040924/tools/bin/../lib/gcc/arm-none-eabi/7.3.1/../../../../arm-none-eabi/lib/thumb/v7e-m/fpv4-sp/hard\libc_nano.a(lib_a-nano-mallocr.o)
                0x000000000800b05c                _malloc_r
 .text._realloc_r
                0x000000000800b110       0x4c c:/st/stm32cubeide_1.5.1/stm32cubeide/plugins/com.st.stm32cube.ide.mcu.externaltools.gnu-tools-for-stm32.7-2018-q2-update.win32_1.5.0.202011040924/tools/bin/../lib/gcc/arm-none-eabi/7.3.1/../../../../arm-none-eabi/lib/thumb/v7e-m/fpv4-sp/hard\libc_nano.a(lib_a-nano-reallocr.o)
                0x000000000800b110                _realloc_r
 .text._sbrk_r  0x000000000800b15c       0x20 c:/st/stm32cubeide_1.5.1/stm32cubeide/plugins/com.st.stm32cube.ide.mcu.externaltools.gnu-tools-for-stm32.7-2018-q2-update.win32_1.5.0.202011040924/tools/bin/../lib/gcc/arm-none-eabi/7.3.1/../../../../arm-none-eabi/lib/thumb/v7e-m/fpv4-sp/hard\libc_nano.a(lib_a-sbrkr.o)
                0x000000000800b15c                _sbrk_r
 .text.__malloc_lock
                0x000000000800b17c        0x2 c:/st/stm32cubeide_1.5.1/stm32cubeide/plugins/com.st.stm32cube.ide.mcu.externaltools.gnu-tools-for-stm32.7-2018-q2-update.win32_1.5.0.202011040924/tools/bin/../lib/gcc/arm-none-eabi/7.3.1/../../../../arm-none-eabi/lib/thumb/v7e-m/fpv4-sp/hard\libc_nano.a(lib_a-mlock.o)
                0x000000000800b17c                __malloc_lock
 .text.__malloc_unlock
                0x000000000800b17e        0x2 c:/st/stm32cubeide_1.5.1/stm32cubeide/plugins/com.st.stm32cube.ide.mcu.externaltools.gnu-tools-for-stm32.7-2018-q2-update.win32_1.5.0.202011040924/tools/bin/../lib/gcc/arm-none-eabi/7.3.1/../../../../arm-none-eabi/lib/thumb/v7e-m/fpv4-sp/hard\libc_nano.a(lib_a-mlock.o)
                0x000000000800b17e                __malloc_unlock
 .text._malloc_usable_size_r
                0x000000000800b180       0x10 c:/st/stm32cubeide_1.5.1/stm32cubeide/plugins/com.st.stm32cube.ide.mcu.externaltools.gnu-tools-for-stm32.7-2018-q2-update.win32_1.5.0.202011040924/tools/bin/../lib/gcc/arm-none-eabi/7.3.1/../../../../arm-none-eabi/lib/thumb/v7e-m/fpv4-sp/hard\libc_nano.a(lib_a-nano-msizer.o)
                0x000000000800b180                _malloc_usable_size_r
 .text.fmin     0x000000000800b190       0x4e c:/st/stm32cubeide_1.5.1/stm32cubeide/plugins/com.st.stm32cube.ide.mcu.externaltools.gnu-tools-for-stm32.7-2018-q2-update.win32_1.5.0.202011040924/tools/bin/../lib/gcc/arm-none-eabi/7.3.1/../../../../arm-none-eabi/lib/thumb/v7e-m/fpv4-sp/hard\libm.a(lib_a-s_fmin.o)
                0x000000000800b190                fmin
 *fill*         0x000000000800b1de        0x2 
 .text.__fpclassifyd
                0x000000000800b1e0       0x58 c:/st/stm32cubeide_1.5.1/stm32cubeide/plugins/com.st.stm32cube.ide.mcu.externaltools.gnu-tools-for-stm32.7-2018-q2-update.win32_1.5.0.202011040924/tools/bin/../lib/gcc/arm-none-eabi/7.3.1/../../../../arm-none-eabi/lib/thumb/v7e-m/fpv4-sp/hard\libm.a(lib_a-s_fpclassify.o)
                0x000000000800b1e0                __fpclassifyd
 .text.pow      0x000000000800b238      0x2e0 c:/st/stm32cubeide_1.5.1/stm32cubeide/plugins/com.st.stm32cube.ide.mcu.externaltools.gnu-tools-for-stm32.7-2018-q2-update.win32_1.5.0.202011040924/tools/bin/../lib/gcc/arm-none-eabi/7.3.1/../../../../arm-none-eabi/lib/thumb/v7e-m/fpv4-sp/hard\libm.a(lib_a-w_pow.o)
                0x000000000800b238                pow
 .text.__ieee754_pow
                0x000000000800b518      0xa1c c:/st/stm32cubeide_1.5.1/stm32cubeide/plugins/com.st.stm32cube.ide.mcu.externaltools.gnu-tools-for-stm32.7-2018-q2-update.win32_1.5.0.202011040924/tools/bin/../lib/gcc/arm-none-eabi/7.3.1/../../../../arm-none-eabi/lib/thumb/v7e-m/fpv4-sp/hard\libm.a(lib_a-e_pow.o)
                0x000000000800b518                __ieee754_pow
 .text.__ieee754_sqrt
                0x000000000800bf34      0x160 c:/st/stm32cubeide_1.5.1/stm32cubeide/plugins/com.st.stm32cube.ide.mcu.externaltools.gnu-tools-for-stm32.7-2018-q2-update.win32_1.5.0.202011040924/tools/bin/../lib/gcc/arm-none-eabi/7.3.1/../../../../arm-none-eabi/lib/thumb/v7e-m/fpv4-sp/hard\libm.a(lib_a-e_sqrt.o)
                0x000000000800bf34                __ieee754_sqrt
 .text.fabs     0x000000000800c094       0x12 c:/st/stm32cubeide_1.5.1/stm32cubeide/plugins/com.st.stm32cube.ide.mcu.externaltools.gnu-tools-for-stm32.7-2018-q2-update.win32_1.5.0.202011040924/tools/bin/../lib/gcc/arm-none-eabi/7.3.1/../../../../arm-none-eabi/lib/thumb/v7e-m/fpv4-sp/hard\libm.a(lib_a-s_fabs.o)
                0x000000000800c094                fabs
 .text.finite   0x000000000800c0a6       0x10 c:/st/stm32cubeide_1.5.1/stm32cubeide/plugins/com.st.stm32cube.ide.mcu.externaltools.gnu-tools-for-stm32.7-2018-q2-update.win32_1.5.0.202011040924/tools/bin/../lib/gcc/arm-none-eabi/7.3.1/../../../../arm-none-eabi/lib/thumb/v7e-m/fpv4-sp/hard\libm.a(lib_a-s_finite.o)
                0x000000000800c0a6                finite
 .text.matherr  0x000000000800c0b6        0x4 c:/st/stm32cubeide_1.5.1/stm32cubeide/plugins/com.st.stm32cube.ide.mcu.externaltools.gnu-tools-for-stm32.7-2018-q2-update.win32_1.5.0.202011040924/tools/bin/../lib/gcc/arm-none-eabi/7.3.1/../../../../arm-none-eabi/lib/thumb/v7e-m/fpv4-sp/hard\libm.a(lib_a-s_matherr.o)
                0x000000000800c0b6                matherr
 *fill*         0x000000000800c0ba        0x6 
 .text.nan      0x000000000800c0c0       0x10 c:/st/stm32cubeide_1.5.1/stm32cubeide/plugins/com.st.stm32cube.ide.mcu.externaltools.gnu-tools-for-stm32.7-2018-q2-update.win32_1.5.0.202011040924/tools/bin/../lib/gcc/arm-none-eabi/7.3.1/../../../../arm-none-eabi/lib/thumb/v7e-m/fpv4-sp/hard\libm.a(lib_a-s_nan.o)
                0x000000000800c0c0                nan
 .text.rint     0x000000000800c0d0      0x108 c:/st/stm32cubeide_1.5.1/stm32cubeide/plugins/com.st.stm32cube.ide.mcu.externaltools.gnu-tools-for-stm32.7-2018-q2-update.win32_1.5.0.202011040924/tools/bin/../lib/gcc/arm-none-eabi/7.3.1/../../../../arm-none-eabi/lib/thumb/v7e-m/fpv4-sp/hard\libm.a(lib_a-s_rint.o)
                0x000000000800c0d0                rint
 .text.scalbn   0x000000000800c1d8       0xec c:/st/stm32cubeide_1.5.1/stm32cubeide/plugins/com.st.stm32cube.ide.mcu.externaltools.gnu-tools-for-stm32.7-2018-q2-update.win32_1.5.0.202011040924/tools/bin/../lib/gcc/arm-none-eabi/7.3.1/../../../../arm-none-eabi/lib/thumb/v7e-m/fpv4-sp/hard\libm.a(lib_a-s_scalbn.o)
                0x000000000800c1d8                scalbn
 .text.copysign
                0x000000000800c2c4       0x1e c:/st/stm32cubeide_1.5.1/stm32cubeide/plugins/com.st.stm32cube.ide.mcu.externaltools.gnu-tools-for-stm32.7-2018-q2-update.win32_1.5.0.202011040924/tools/bin/../lib/gcc/arm-none-eabi/7.3.1/../../../../arm-none-eabi/lib/thumb/v7e-m/fpv4-sp/hard\libm.a(lib_a-s_copysign.o)
                0x000000000800c2c4                copysign
 *(.glue_7)
 .glue_7        0x000000000800c2e2        0x0 linker stubs
 *(.glue_7t)
 .glue_7t       0x000000000800c2e2        0x0 linker stubs
 *(.eh_frame)
 *fill*         0x000000000800c2e2        0x2 
 .eh_frame      0x000000000800c2e4        0x0 c:/st/stm32cubeide_1.5.1/stm32cubeide/plugins/com.st.stm32cube.ide.mcu.externaltools.gnu-tools-for-stm32.7-2018-q2-update.win32_1.5.0.202011040924/tools/bin/../lib/gcc/arm-none-eabi/7.3.1/thumb/v7e-m/fpv4-sp/hard/crtbegin.o
 *(.init)
 .init          0x000000000800c2e4        0x4 c:/st/stm32cubeide_1.5.1/stm32cubeide/plugins/com.st.stm32cube.ide.mcu.externaltools.gnu-tools-for-stm32.7-2018-q2-update.win32_1.5.0.202011040924/tools/bin/../lib/gcc/arm-none-eabi/7.3.1/thumb/v7e-m/fpv4-sp/hard/crti.o
                0x000000000800c2e4                _init
 .init          0x000000000800c2e8        0x8 c:/st/stm32cubeide_1.5.1/stm32cubeide/plugins/com.st.stm32cube.ide.mcu.externaltools.gnu-tools-for-stm32.7-2018-q2-update.win32_1.5.0.202011040924/tools/bin/../lib/gcc/arm-none-eabi/7.3.1/thumb/v7e-m/fpv4-sp/hard/crtn.o
 *(.fini)
 .fini          0x000000000800c2f0        0x4 c:/st/stm32cubeide_1.5.1/stm32cubeide/plugins/com.st.stm32cube.ide.mcu.externaltools.gnu-tools-for-stm32.7-2018-q2-update.win32_1.5.0.202011040924/tools/bin/../lib/gcc/arm-none-eabi/7.3.1/thumb/v7e-m/fpv4-sp/hard/crti.o
                0x000000000800c2f0                _fini
 .fini          0x000000000800c2f4        0x8 c:/st/stm32cubeide_1.5.1/stm32cubeide/plugins/com.st.stm32cube.ide.mcu.externaltools.gnu-tools-for-stm32.7-2018-q2-update.win32_1.5.0.202011040924/tools/bin/../lib/gcc/arm-none-eabi/7.3.1/thumb/v7e-m/fpv4-sp/hard/crtn.o
                0x000000000800c2fc                . = ALIGN (0x4)
                0x000000000800c2fc                _etext = .

.vfp11_veneer   0x000000000800c2fc        0x0
 .vfp11_veneer  0x000000000800c2fc        0x0 linker stubs

.v4_bx          0x000000000800c2fc        0x0
 .v4_bx         0x000000000800c2fc        0x0 linker stubs

.iplt           0x000000000800c2fc        0x0
 .iplt          0x000000000800c2fc        0x0 c:/st/stm32cubeide_1.5.1/stm32cubeide/plugins/com.st.stm32cube.ide.mcu.externaltools.gnu-tools-for-stm32.7-2018-q2-update.win32_1.5.0.202011040924/tools/bin/../lib/gcc/arm-none-eabi/7.3.1/thumb/v7e-m/fpv4-sp/hard/crtbegin.o

.rodata         0x000000000800c300      0x230
                0x000000000800c300                . = ALIGN (0x4)
 *(.rodata)
 .rodata        0x000000000800c300       0x10 Drivers/STM32L4xx_HAL_Driver/Src/stm32l4xx_hal_uart_ex.o
 .rodata        0x000000000800c310        0x1 Middlewares/Third_Party/FreeRTOS/Source/CMSIS_RTOS/cmsis_os.o
 *fill*         0x000000000800c311        0x3 
 .rodata        0x000000000800c314        0x5 Middlewares/Third_Party/FreeRTOS/Source/tasks.o
 *fill*         0x000000000800c319        0x3 
 .rodata        0x000000000800c31c        0xd Middlewares/Third_Party/FreeRTOS/Source/timers.o
 *fill*         0x000000000800c329        0x3 
 .rodata        0x000000000800c32c      0x12c Src/main.o
 *(.rodata*)
 .rodata.UARTPrescTable
                0x000000000800c458       0x18 Drivers/STM32L4xx_HAL_Driver/Src/stm32l4xx_hal_uart.o
                0x000000000800c458                UARTPrescTable
 .rodata.AHBPrescTable
                0x000000000800c470       0x10 Src/system_stm32l4xx.o
                0x000000000800c470                AHBPrescTable
 .rodata.APBPrescTable
                0x000000000800c480        0x8 Src/system_stm32l4xx.o
                0x000000000800c480                APBPrescTable
 .rodata.MSIRangeTable
                0x000000000800c488       0x30 Src/system_stm32l4xx.o
                0x000000000800c488                MSIRangeTable
 .rodata._svfprintf_r.str1.1
                0x000000000800c4b8       0x11 c:/st/stm32cubeide_1.5.1/stm32cubeide/plugins/com.st.stm32cube.ide.mcu.externaltools.gnu-tools-for-stm32.7-2018-q2-update.win32_1.5.0.202011040924/tools/bin/../lib/gcc/arm-none-eabi/7.3.1/../../../../arm-none-eabi/lib/thumb/v7e-m/fpv4-sp/hard\libc_nano.a(lib_a-nano-svfprintf.o)
 .rodata._printf_i.str1.1
                0x000000000800c4c9       0x22 c:/st/stm32cubeide_1.5.1/stm32cubeide/plugins/com.st.stm32cube.ide.mcu.externaltools.gnu-tools-for-stm32.7-2018-q2-update.win32_1.5.0.202011040924/tools/bin/../lib/gcc/arm-none-eabi/7.3.1/../../../../arm-none-eabi/lib/thumb/v7e-m/fpv4-sp/hard\libc_nano.a(lib_a-nano-vfprintf_i.o)
 .rodata.pow.str1.1
                0x000000000800c4eb        0x4 c:/st/stm32cubeide_1.5.1/stm32cubeide/plugins/com.st.stm32cube.ide.mcu.externaltools.gnu-tools-for-stm32.7-2018-q2-update.win32_1.5.0.202011040924/tools/bin/../lib/gcc/arm-none-eabi/7.3.1/../../../../arm-none-eabi/lib/thumb/v7e-m/fpv4-sp/hard\libm.a(lib_a-w_pow.o)
 .rodata.__ieee754_pow.str1.1
                0x000000000800c4ef        0x4 c:/st/stm32cubeide_1.5.1/stm32cubeide/plugins/com.st.stm32cube.ide.mcu.externaltools.gnu-tools-for-stm32.7-2018-q2-update.win32_1.5.0.202011040924/tools/bin/../lib/gcc/arm-none-eabi/7.3.1/../../../../arm-none-eabi/lib/thumb/v7e-m/fpv4-sp/hard\libm.a(lib_a-e_pow.o)
                                          0x1 (size before relaxing)
 *fill*         0x000000000800c4ef        0x1 
 .rodata.bp     0x000000000800c4f0       0x10 c:/st/stm32cubeide_1.5.1/stm32cubeide/plugins/com.st.stm32cube.ide.mcu.externaltools.gnu-tools-for-stm32.7-2018-q2-update.win32_1.5.0.202011040924/tools/bin/../lib/gcc/arm-none-eabi/7.3.1/../../../../arm-none-eabi/lib/thumb/v7e-m/fpv4-sp/hard\libm.a(lib_a-e_pow.o)
 .rodata.dp_h   0x000000000800c500       0x10 c:/st/stm32cubeide_1.5.1/stm32cubeide/plugins/com.st.stm32cube.ide.mcu.externaltools.gnu-tools-for-stm32.7-2018-q2-update.win32_1.5.0.202011040924/tools/bin/../lib/gcc/arm-none-eabi/7.3.1/../../../../arm-none-eabi/lib/thumb/v7e-m/fpv4-sp/hard\libm.a(lib_a-e_pow.o)
 .rodata.dp_l   0x000000000800c510       0x10 c:/st/stm32cubeide_1.5.1/stm32cubeide/plugins/com.st.stm32cube.ide.mcu.externaltools.gnu-tools-for-stm32.7-2018-q2-update.win32_1.5.0.202011040924/tools/bin/../lib/gcc/arm-none-eabi/7.3.1/../../../../arm-none-eabi/lib/thumb/v7e-m/fpv4-sp/hard\libm.a(lib_a-e_pow.o)
 .rodata.TWO52  0x000000000800c520       0x10 c:/st/stm32cubeide_1.5.1/stm32cubeide/plugins/com.st.stm32cube.ide.mcu.externaltools.gnu-tools-for-stm32.7-2018-q2-update.win32_1.5.0.202011040924/tools/bin/../lib/gcc/arm-none-eabi/7.3.1/../../../../arm-none-eabi/lib/thumb/v7e-m/fpv4-sp/hard\libm.a(lib_a-s_rint.o)
                0x000000000800c530                . = ALIGN (0x4)

.ARM.extab      0x000000000800c530        0x0
                0x000000000800c530                . = ALIGN (0x4)
 *(.ARM.extab* .gnu.linkonce.armextab.*)
                0x000000000800c530                . = ALIGN (0x4)

.ARM            0x000000000800c530        0x8
                0x000000000800c530                . = ALIGN (0x4)
                0x000000000800c530                __exidx_start = .
 *(.ARM.exidx*)
 .ARM.exidx     0x000000000800c530        0x8 c:/st/stm32cubeide_1.5.1/stm32cubeide/plugins/com.st.stm32cube.ide.mcu.externaltools.gnu-tools-for-stm32.7-2018-q2-update.win32_1.5.0.202011040924/tools/bin/../lib/gcc/arm-none-eabi/7.3.1/thumb/v7e-m/fpv4-sp/hard\libgcc.a(_udivmoddi4.o)
                0x000000000800c538                __exidx_end = .
                0x000000000800c538                . = ALIGN (0x4)

.rel.dyn        0x000000000800c538        0x0
 .rel.iplt      0x000000000800c538        0x0 c:/st/stm32cubeide_1.5.1/stm32cubeide/plugins/com.st.stm32cube.ide.mcu.externaltools.gnu-tools-for-stm32.7-2018-q2-update.win32_1.5.0.202011040924/tools/bin/../lib/gcc/arm-none-eabi/7.3.1/thumb/v7e-m/fpv4-sp/hard/crtbegin.o

.preinit_array  0x000000000800c538        0x0
                0x000000000800c538                . = ALIGN (0x4)
                0x000000000800c538                PROVIDE (__preinit_array_start = .)
 *(.preinit_array*)
                0x000000000800c538                PROVIDE (__preinit_array_end = .)
                0x000000000800c538                . = ALIGN (0x4)

.init_array     0x000000000800c538        0x4
                0x000000000800c538                . = ALIGN (0x4)
                0x000000000800c538                PROVIDE (__init_array_start = .)
 *(SORT_BY_NAME(.init_array.*))
 *(.init_array*)
 .init_array    0x000000000800c538        0x4 c:/st/stm32cubeide_1.5.1/stm32cubeide/plugins/com.st.stm32cube.ide.mcu.externaltools.gnu-tools-for-stm32.7-2018-q2-update.win32_1.5.0.202011040924/tools/bin/../lib/gcc/arm-none-eabi/7.3.1/thumb/v7e-m/fpv4-sp/hard/crtbegin.o
                0x000000000800c53c                PROVIDE (__init_array_end = .)
                0x000000000800c53c                . = ALIGN (0x4)

.fini_array     0x000000000800c53c        0x4
                0x000000000800c53c                . = ALIGN (0x4)
                [!provide]                        PROVIDE (__fini_array_start = .)
 *(SORT_BY_NAME(.fini_array.*))
 *(.fini_array*)
 .fini_array    0x000000000800c53c        0x4 c:/st/stm32cubeide_1.5.1/stm32cubeide/plugins/com.st.stm32cube.ide.mcu.externaltools.gnu-tools-for-stm32.7-2018-q2-update.win32_1.5.0.202011040924/tools/bin/../lib/gcc/arm-none-eabi/7.3.1/thumb/v7e-m/fpv4-sp/hard/crtbegin.o
                [!provide]                        PROVIDE (__fini_array_end = .)
                0x000000000800c540                . = ALIGN (0x4)
                0x000000000800c540                _sidata = LOADADDR (.data)

.data           0x0000000020000000      0x13c load address 0x000000000800c540
                0x0000000020000000                . = ALIGN (0x4)
                0x0000000020000000                _sdata = .
 *(.data)
 *(.data*)
 .data.uwTickPrio
                0x0000000020000000        0x4 Drivers/STM32L4xx_HAL_Driver/Src/stm32l4xx_hal.o
                0x0000000020000000                uwTickPrio
 .data.uwTickFreq
                0x0000000020000004        0x1 Drivers/STM32L4xx_HAL_Driver/Src/stm32l4xx_hal.o
                0x0000000020000004                uwTickFreq
 *fill*         0x0000000020000005        0x3 
 .data.uxCriticalNesting
                0x0000000020000008        0x4 Middlewares/Third_Party/FreeRTOS/Source/portable/GCC/ARM_CM4F/port.o
 .data.HTS221_H_Drv
                0x000000002000000c        0xc Src/hts221.o
                0x000000002000000c                HTS221_H_Drv
 .data.HTS221_T_Drv
                0x0000000020000018       0x10 Src/hts221.o
                0x0000000020000018                HTS221_T_Drv
 .data.Lis3mdlMagDrv
                0x0000000020000028       0x34 Src/lis3mdl.o
                0x0000000020000028                Lis3mdlMagDrv
 .data.LPS22HB_P_Drv
                0x000000002000005c        0xc Src/lps22hb.o
                0x000000002000005c                LPS22HB_P_Drv
 .data.Lsm6dslAccDrv
                0x0000000020000068       0x34 Src/lsm6dsl.o
                0x0000000020000068                Lsm6dslAccDrv
 .data.Lsm6dslGyroDrv
                0x000000002000009c       0x34 Src/lsm6dsl.o
                0x000000002000009c                Lsm6dslGyroDrv
 .data.SystemCoreClock
                0x00000000200000d0        0x4 Src/system_stm32l4xx.o
                0x00000000200000d0                SystemCoreClock
 .data._impure_ptr
                0x00000000200000d4        0x4 c:/st/stm32cubeide_1.5.1/stm32cubeide/plugins/com.st.stm32cube.ide.mcu.externaltools.gnu-tools-for-stm32.7-2018-q2-update.win32_1.5.0.202011040924/tools/bin/../lib/gcc/arm-none-eabi/7.3.1/../../../../arm-none-eabi/lib/thumb/v7e-m/fpv4-sp/hard\libc_nano.a(lib_a-impure.o)
                0x00000000200000d4                _impure_ptr
 .data.impure_data
                0x00000000200000d8       0x60 c:/st/stm32cubeide_1.5.1/stm32cubeide/plugins/com.st.stm32cube.ide.mcu.externaltools.gnu-tools-for-stm32.7-2018-q2-update.win32_1.5.0.202011040924/tools/bin/../lib/gcc/arm-none-eabi/7.3.1/../../../../arm-none-eabi/lib/thumb/v7e-m/fpv4-sp/hard\libc_nano.a(lib_a-impure.o)
 .data.__fdlib_version
                0x0000000020000138        0x1 c:/st/stm32cubeide_1.5.1/stm32cubeide/plugins/com.st.stm32cube.ide.mcu.externaltools.gnu-tools-for-stm32.7-2018-q2-update.win32_1.5.0.202011040924/tools/bin/../lib/gcc/arm-none-eabi/7.3.1/../../../../arm-none-eabi/lib/thumb/v7e-m/fpv4-sp/hard\libm.a(lib_a-s_lib_ver.o)
                0x0000000020000138                __fdlib_version
                0x000000002000013c                . = ALIGN (0x4)
 *fill*         0x0000000020000139        0x3 
                0x000000002000013c                _edata = .

.igot.plt       0x000000002000013c        0x0 load address 0x000000000800c67c
 .igot.plt      0x000000002000013c        0x0 c:/st/stm32cubeide_1.5.1/stm32cubeide/plugins/com.st.stm32cube.ide.mcu.externaltools.gnu-tools-for-stm32.7-2018-q2-update.win32_1.5.0.202011040924/tools/bin/../lib/gcc/arm-none-eabi/7.3.1/thumb/v7e-m/fpv4-sp/hard/crtbegin.o
                0x000000002000013c                . = ALIGN (0x4)

.bss            0x000000002000013c     0x17f8 load address 0x000000000800c67c
                0x000000002000013c                _sbss = .
                0x000000002000013c                __bss_start__ = _sbss
 *(.bss)
 .bss           0x000000002000013c       0x1c c:/st/stm32cubeide_1.5.1/stm32cubeide/plugins/com.st.stm32cube.ide.mcu.externaltools.gnu-tools-for-stm32.7-2018-q2-update.win32_1.5.0.202011040924/tools/bin/../lib/gcc/arm-none-eabi/7.3.1/thumb/v7e-m/fpv4-sp/hard/crtbegin.o
 *(.bss*)
 .bss.pxCurrentTCB
                0x0000000020000158        0x4 Middlewares/Third_Party/FreeRTOS/Source/tasks.o
                0x0000000020000158                pxCurrentTCB
 .bss.pxReadyTasksLists
                0x000000002000015c       0x8c Middlewares/Third_Party/FreeRTOS/Source/tasks.o
 .bss.xDelayedTaskList1
                0x00000000200001e8       0x14 Middlewares/Third_Party/FreeRTOS/Source/tasks.o
 .bss.xDelayedTaskList2
                0x00000000200001fc       0x14 Middlewares/Third_Party/FreeRTOS/Source/tasks.o
 .bss.pxDelayedTaskList
                0x0000000020000210        0x4 Middlewares/Third_Party/FreeRTOS/Source/tasks.o
 .bss.pxOverflowDelayedTaskList
                0x0000000020000214        0x4 Middlewares/Third_Party/FreeRTOS/Source/tasks.o
 .bss.xPendingReadyList
                0x0000000020000218       0x14 Middlewares/Third_Party/FreeRTOS/Source/tasks.o
 .bss.xTasksWaitingTermination
                0x000000002000022c       0x14 Middlewares/Third_Party/FreeRTOS/Source/tasks.o
 .bss.uxDeletedTasksWaitingCleanUp
                0x0000000020000240        0x4 Middlewares/Third_Party/FreeRTOS/Source/tasks.o
 .bss.xSuspendedTaskList
                0x0000000020000244       0x14 Middlewares/Third_Party/FreeRTOS/Source/tasks.o
 .bss.uxCurrentNumberOfTasks
                0x0000000020000258        0x4 Middlewares/Third_Party/FreeRTOS/Source/tasks.o
 .bss.xTickCount
                0x000000002000025c        0x4 Middlewares/Third_Party/FreeRTOS/Source/tasks.o
 .bss.uxTopReadyPriority
                0x0000000020000260        0x4 Middlewares/Third_Party/FreeRTOS/Source/tasks.o
 .bss.xSchedulerRunning
                0x0000000020000264        0x4 Middlewares/Third_Party/FreeRTOS/Source/tasks.o
 .bss.uxPendedTicks
                0x0000000020000268        0x4 Middlewares/Third_Party/FreeRTOS/Source/tasks.o
 .bss.xYieldPending
                0x000000002000026c        0x4 Middlewares/Third_Party/FreeRTOS/Source/tasks.o
 .bss.xNumOfOverflows
                0x0000000020000270        0x4 Middlewares/Third_Party/FreeRTOS/Source/tasks.o
 .bss.uxTaskNumber
                0x0000000020000274        0x4 Middlewares/Third_Party/FreeRTOS/Source/tasks.o
 .bss.xNextTaskUnblockTime
                0x0000000020000278        0x4 Middlewares/Third_Party/FreeRTOS/Source/tasks.o
 .bss.xIdleTaskHandle
                0x000000002000027c        0x4 Middlewares/Third_Party/FreeRTOS/Source/tasks.o
 .bss.uxSchedulerSuspended
                0x0000000020000280        0x4 Middlewares/Third_Party/FreeRTOS/Source/tasks.o
 .bss.xActiveTimerList1
                0x0000000020000284       0x14 Middlewares/Third_Party/FreeRTOS/Source/timers.o
 .bss.xActiveTimerList2
                0x0000000020000298       0x14 Middlewares/Third_Party/FreeRTOS/Source/timers.o
 .bss.pxCurrentTimerList
                0x00000000200002ac        0x4 Middlewares/Third_Party/FreeRTOS/Source/timers.o
 .bss.pxOverflowTimerList
                0x00000000200002b0        0x4 Middlewares/Third_Party/FreeRTOS/Source/timers.o
 .bss.xTimerQueue
                0x00000000200002b4        0x4 Middlewares/Third_Party/FreeRTOS/Source/timers.o
 .bss.xTimerTaskHandle
                0x00000000200002b8        0x4 Middlewares/Third_Party/FreeRTOS/Source/timers.o
 .bss.xLastTime.6732
                0x00000000200002bc        0x4 Middlewares/Third_Party/FreeRTOS/Source/timers.o
 .bss.ucStaticTimerQueueStorage.6781
                0x00000000200002c0       0x78 Middlewares/Third_Party/FreeRTOS/Source/timers.o
 .bss.xStaticTimerQueue.6780
                0x0000000020000338       0x48 Middlewares/Third_Party/FreeRTOS/Source/timers.o
 .bss.ucMaxSysCallPriority
                0x0000000020000380        0x1 Middlewares/Third_Party/FreeRTOS/Source/portable/GCC/ARM_CM4F/port.o
 *fill*         0x0000000020000381        0x3 
 .bss.ulMaxPRIGROUPValue
                0x0000000020000384        0x4 Middlewares/Third_Party/FreeRTOS/Source/portable/GCC/ARM_CM4F/port.o
 .bss.ucHeap    0x0000000020000388      0xbb8 Middlewares/Third_Party/FreeRTOS/Source/portable/MemMang/heap_4.o
 .bss.xStart    0x0000000020000f40        0x8 Middlewares/Third_Party/FreeRTOS/Source/portable/MemMang/heap_4.o
 .bss.pxEnd     0x0000000020000f48        0x4 Middlewares/Third_Party/FreeRTOS/Source/portable/MemMang/heap_4.o
 .bss.xFreeBytesRemaining
                0x0000000020000f4c        0x4 Middlewares/Third_Party/FreeRTOS/Source/portable/MemMang/heap_4.o
 .bss.xMinimumEverFreeBytesRemaining
                0x0000000020000f50        0x4 Middlewares/Third_Party/FreeRTOS/Source/portable/MemMang/heap_4.o
 .bss.xBlockAllocatedBit
                0x0000000020000f54        0x4 Middlewares/Third_Party/FreeRTOS/Source/portable/MemMang/heap_4.o
 .bss.xIdleTaskTCBBuffer
                0x0000000020000f58       0x54 Src/freertos.o
 .bss.xIdleStack
                0x0000000020000fac      0x200 Src/freertos.o
 .bss.xTimerTaskTCBBuffer
                0x00000000200011ac       0x54 Src/freertos.o
 .bss.xTimerStack
                0x0000000020001200      0x400 Src/freertos.o
 .bss.mode      0x0000000020001600        0x4 Src/main.o
                0x0000000020001600                mode
 .bss.AccelerometerDrv
                0x0000000020001604        0x4 Src/stm32l4s5i_iot01_accelero.o
 .bss.GyroscopeDrv
                0x0000000020001608        0x4 Src/stm32l4s5i_iot01_gyro.o
 .bss.Hsensor_drv
                0x000000002000160c        0x4 Src/stm32l4s5i_iot01_hsensor.o
 .bss.MagnetoDrv
                0x0000000020001610        0x4 Src/stm32l4s5i_iot01_magneto.o
 .bss.Psensor_drv
                0x0000000020001614        0x4 Src/stm32l4s5i_iot01_psensor.o
 .bss.tsensor_drv
                0x0000000020001618        0x4 Src/stm32l4s5i_iot01_tsensor.o
 .bss.__sbrk_heap_end
                0x000000002000161c        0x4 Src/sysmem.o
 .bss.__malloc_free_list
                0x0000000020001620        0x4 c:/st/stm32cubeide_1.5.1/stm32cubeide/plugins/com.st.stm32cube.ide.mcu.externaltools.gnu-tools-for-stm32.7-2018-q2-update.win32_1.5.0.202011040924/tools/bin/../lib/gcc/arm-none-eabi/7.3.1/../../../../arm-none-eabi/lib/thumb/v7e-m/fpv4-sp/hard\libc_nano.a(lib_a-nano-mallocr.o)
                0x0000000020001620                __malloc_free_list
 .bss.__malloc_sbrk_start
                0x0000000020001624        0x4 c:/st/stm32cubeide_1.5.1/stm32cubeide/plugins/com.st.stm32cube.ide.mcu.externaltools.gnu-tools-for-stm32.7-2018-q2-update.win32_1.5.0.202011040924/tools/bin/../lib/gcc/arm-none-eabi/7.3.1/../../../../arm-none-eabi/lib/thumb/v7e-m/fpv4-sp/hard\libc_nano.a(lib_a-nano-mallocr.o)
                0x0000000020001624                __malloc_sbrk_start
 *(COMMON)
 COMMON         0x0000000020001628        0x4 Drivers/STM32L4xx_HAL_Driver/Src/stm32l4xx_hal.o
                0x0000000020001628                uwTick
 COMMON         0x000000002000162c       0x40 Middlewares/Third_Party/FreeRTOS/Source/queue.o
                0x000000002000162c                xQueueRegistry
 COMMON         0x000000002000166c      0x1a0 Src/main.o
                0x000000002000166c                magneto
                0x0000000020001674                displayBufferHandle
                0x0000000020001678                hi2c2
                0x00000000200016c4                temperature
                0x00000000200016c8                pressure
                0x00000000200016cc                humidity
                0x00000000200016d0                gyro
                0x00000000200016dc                transmitHandle
                0x00000000200016e0                huart1
                0x000000002000176c                buffer
                0x00000000200017a8                measureHandle
                0x00000000200017ac                myTimer01Handle
                0x00000000200017b0                htim2
                0x00000000200017fc                listenHandle
                0x0000000020001800                acceleration
                0x0000000020001808                consoleMutexHandle
 COMMON         0x000000002000180c       0xd8 Src/stm32l4s5i_iot01.o
                0x000000002000180c                hDiscoUart
                0x0000000020001898                hI2cHandler
 COMMON         0x00000000200018e4       0x4c Src/stm32l4xx_hal_timebase_tim.o
                0x00000000200018e4                htim6