main.c:102:5:main	144	static
main.c:242:6:SystemClock_Config	248	static
main.c:299:13:MX_I2C2_Init	8	static
main.c:345:13:MX_TIM2_Init	40	static
main.c:390:13:MX_USART1_UART_Init	8	static
main.c:438:13:MX_GPIO_Init	48	static
main.c:481:6:HAL_GPIO_EXTI_Callback	16	static
main.c:497:6:StartMeasureTask	32	static
main.c:563:6:StartTransmitTask	32	static
main.c:598:6:StartListenTask	32	static
main.c:618:6:Callback01	16	static
main.c:633:6:HAL_TIM_PeriodElapsedCallback	16	static
main.c:653:6:Error_Handler	4	static,ignoring_inline_asm
