physics.h:18:7:gyro2work	40	static
physics.h:27:6:leftRotateOne	24	static
main.c:126:5:main	136	static
main.c:240:6:SystemClock_Config	248	static
main.c:297:13:MX_DAC1_Init	48	static
main.c:339:13:MX_I2C2_Init	8	static
main.c:385:13:MX_TIM2_Init	40	static
main.c:430:13:MX_USART1_UART_Init	8	static
main.c:476:13:MX_DMA_Init	16	static
main.c:495:13:MX_GPIO_Init	48	static
main.c:548:6:StartMeasureTask	32	static
main.c:591:6:StartTransmitTask	32	static
main.c:616:6:StartListenTask	24	static
main.c:645:6:CallbackWorkSoundEffectTimer	16	static
main.c:673:6:CallbackTempSoundEffectTimer	16	static
main.c:708:6:HAL_TIM_PeriodElapsedCallback	16	static
main.c:725:6:Error_Handler	4	static,ignoring_inline_asm
