22:03:16 **** Incremental Build of configuration Debug for project IdealGasSimulator ****
make -j4 all 
arm-none-eabi-gcc "../Src/main.c" -mcpu=cortex-m4 -std=gnu11 -g3 -DUSE_HAL_DRIVER -DDEBUG -DSTM32L4S5xx -c -I../Inc -I../Drivers/STM32L4xx_HAL_Driver/Inc -I../Drivers/STM32L4xx_HAL_Driver/Inc/Legacy -I../Drivers/CMSIS/Device/ST/STM32L4xx/Include -I../Drivers/CMSIS/Include -I../Middlewares/Third_Party/FreeRTOS/Source/include -I../Middlewares/Third_Party/FreeRTOS/Source/CMSIS_RTOS -I../Middlewares/Third_Party/FreeRTOS/Source/portable/GCC/ARM_CM4F -O0 -ffunction-sections -fdata-sections -Wall -fstack-usage -MMD -MP -MF"Src/main.d" -MT"Src/main.o" --specs=nano.specs -mfpu=fpv4-sp-d16 -mfloat-abi=hard -mthumb -o "Src/main.o"
../Src/main.c: In function 'StartMeasureTask':
../Src/main.c:620:28: warning: pointer targets in passing argument 1 of 'strlen' differ in signedness [-Wpointer-sign]
   memset(buffer, 0, strlen(buffer));
                            ^~~~~~
In file included from ../Inc/arm_math.h:321:0,
                 from ../Src/main.c:27:
c:\st\stm32cubeide_1.5.1\stm32cubeide\plugins\com.st.stm32cube.ide.mcu.externaltools.gnu-tools-for-stm32.7-2018-q2-update.win32_1.5.0.202011040924\tools\arm-none-eabi\include\string.h:41:9: note: expected 'const char *' but argument is of type 'uint8_t * {aka unsigned char *}'
 size_t  strlen (const char *);
         ^~~~~~
../Src/main.c:634:7: warning: implicit declaration of function 'abs' [-Wimplicit-function-declaration]
   if (abs(acceleration[0])> 800 || abs(acceleration[1]) > 800){
       ^~~
../Src/main.c: In function 'StartTransmitTask':
../Src/main.c:665:45: warning: pointer targets in passing argument 1 of 'strlen' differ in signedness [-Wpointer-sign]
   HAL_UART_Transmit(&huart1, buffer, strlen(buffer), 5);
                                             ^~~~~~
In file included from ../Inc/arm_math.h:321:0,
                 from ../Src/main.c:27:
c:\st\stm32cubeide_1.5.1\stm32cubeide\plugins\com.st.stm32cube.ide.mcu.externaltools.gnu-tools-for-stm32.7-2018-q2-update.win32_1.5.0.202011040924\tools\arm-none-eabi\include\string.h:41:9: note: expected 'const char *' but argument is of type 'uint8_t * {aka unsigned char *}'
 size_t  strlen (const char *);
         ^~~~~~
../Src/main.c: In function 'StartListenTask':
../Src/main.c:689:44: warning: passing argument 3 of 'HAL_DAC_Start_DMA' from incompatible pointer type [-Wincompatible-pointer-types]
   HAL_DAC_Start_DMA(&hdac1, DAC_CHANNEL_1, sin_lookup_chord, 180, DAC_ALIGN_12B_R);
                                            ^~~~~~~~~~~~~~~~
In file included from ../Inc/stm32l4xx_hal_conf.h:301:0,
                 from ../Drivers/STM32L4xx_HAL_Driver/Inc/stm32l4xx_hal.h:30,
                 from ../Inc/main.h:31,
                 from ../Src/main.c:21:
../Drivers/STM32L4xx_HAL_Driver/Inc/stm32l4xx_hal_dac.h:535:19: note: expected 'uint32_t * {aka long unsigned int *}' but argument is of type 'uint16_t * {aka short unsigned int *}'
 HAL_StatusTypeDef HAL_DAC_Start_DMA(DAC_HandleTypeDef *hdac, uint32_t Channel, uint32_t *pData, uint32_t Length,
                   ^~~~~~~~~~~~~~~~~
arm-none-eabi-gcc -o "IdealGasSimulator.elf" @"objects.list"  -larm_cortexM4lf_math -mcpu=cortex-m4 -T"D:\202101\ECSE444\IdealGasSimulator\IdealGasSimulator\STM32L4S5VITX_FLASH.ld" --specs=nosys.specs -Wl,-Map="IdealGasSimulator.map" -Wl,--gc-sections -static -L"D:\202101\ECSE444\IdealGasSimulator\IdealGasSimulator\Lib" --specs=nano.specs -mfpu=fpv4-sp-d16 -mfloat-abi=hard -mthumb -Wl,--start-group -lc -lm -Wl,--end-group
Finished building target: IdealGasSimulator.elf
 
arm-none-eabi-objdump -h -S  IdealGasSimulator.elf  > "IdealGasSimulator.list"
arm-none-eabi-objcopy  -O binary  IdealGasSimulator.elf  "IdealGasSimulator.bin"
arm-none-eabi-size   IdealGasSimulator.elf 
   text	   data	    bss	    dec	    hex	filename
  56176	    272	   9448	  65896	  10168	IdealGasSimulator.elf
Finished building: default.size.stdout
 
Finished building: IdealGasSimulator.bin
 
Finished building: IdealGasSimulator.list
 

22:03:19 Build Finished. 0 errors, 4 warnings. (took 2s.548ms)

